******************************************************************************
               TMS320C6x Linker PC v8.2.1                      
******************************************************************************
>> Linked Tue Sep 26 17:37:20 2017

OUTPUT FILE NAME:   <i2cTest.out>
ENTRY POINT SYMBOL: "_c_int00"  address: c0041880


MEMORY CONFIGURATION

         name            origin    length      used     unused   attr    fill
----------------------  --------  ---------  --------  --------  ----  --------
  IROM                  11700000   00100000  00000000  00100000  R  X
  IRAM                  11800000   00040000  00000000  00040000  RW X
  L3_CBA_RAM            80000000   00020000  00000000  00020000  RW X
  DDR                   c0000000   08000000  0004c854  07fb37ac  RWIX


SEGMENT ALLOCATION MAP

run origin  load origin   length   init length attrs members
----------  ----------- ---------- ----------- ----- -------
c0000000    c0000000    00032000   00000000    rw-
  c0000000    c0000000    00032000   00000000    rw- systemHeap
c0032000    c0032000    00016376   00016376    r-x
  c0032000    c0032000    00013c80   00013c80    r-x .text
  c0045c80    c0045c80    000026f6   000026f6    r-- .const
c0048378    c0048378    000039e0   00000000    rw-
  c0048378    c0048378    00001b80   00000000    rw- .far
  c0049ef8    c0049ef8    00001000   00000000    rw- .stack
  c004aef8    c004aef8    00000d3e   00000000    rw- .fardata
  c004bc38    c004bc38    00000120   00000000    rw- .cio
c004bd58    c004bd58    0000003c   0000003c    r--
  c004bd58    c004bd58    0000003c   0000003c    r-- .switch
c004bd94    c004bd94    00000004   00000000    rw-
  c004bd94    c004bd94    00000004   00000000    rw- .neardata
c004c000    c004c000    00000ac0   00000ac0    r-x
  c004c000    c004c000    00000200   00000200    r-x .vecs
  c004c200    c004c200    000008c0   000008c0    r-- .cinit


SECTION ALLOCATION MAP

 output                                  attributes/
section   page    origin      length       input sections
--------  ----  ----------  ----------   ----------------
.stack     0    c0049ef8    00001000     UNINITIALIZED
                  c0049ef8    00000008     boot.ae674 : boot.oe674 (.stack)
                  c0049f00    00000ff8     --HOLE--

.bss       0    c004bd94    00000000     UNINITIALIZED

.neardata 
*          0    c004bd94    00000004     UNINITIALIZED
                  c004bd94    00000004     ti.drv.uart.ae674 : UART_drv.oe674 (.neardata)

.rodata    0    c004bd98    00000000     UNINITIALIZED

.cinit     0    c004c200    000008c0     
                  c004c200    00000874     (.cinit..fardata.load) [load image, compression = rle]
                  c004ca74    0000000d     (.cinit.systemHeap.load) [load image, compression = rle]
                  c004ca81    0000000b     (.cinit..far.load) [load image, compression = rle]
                  c004ca8c    00000009     (.cinit..neardata.load) [load image, compression = rle]
                  c004ca95    00000003     --HOLE-- [fill = 0]
                  c004ca98    00000008     (__TI_handler_table)
                  c004caa0    00000020     (__TI_cinit_table)

.init_array 
*          0    c0000000    00000000     UNINITIALIZED

systemHeap 
*          0    c0000000    00032000     UNINITIALIZED
                  c0000000    00032000     app_pe674.oe674 (systemHeap)

.vecs      0    c004c000    00000200     
                  c004c000    00000200     app_pe674.oe674 (.vecs)

xdc.meta   0    c0000000    000000f8     COPY SECTION
                  c0000000    000000f8     app_pe674.oe674 (xdc.meta)

.text      0    c0032000    00013c80     
                  c0032000    00000ae0     ti.drv.uart.ae674 : UART_stdio.oe674 (.text:UART_printf)
                  c0032ae0    000009a0     ti.drv.i2c.ae674 : I2C_v0.oe674 (.text:I2C_v0_hwiFxn$0)
                  c0033480    000008a0     ti.targets.rts6000.ae674 : System.oe674 (.text:xdc_runtime_System_doPrint__I)
                  c0033d20    00000780     sysbios.ae674 : BIOS.obj (.text:ti_sysbios_family_c64p_Exception_handler__I)
                  c00344a0    00000740                   : BIOS.obj (.text:ti_sysbios_knl_Semaphore_pend__E)
                  c0034be0    000006c0                   : BIOS.obj (.text:ti_sysbios_timers_timer64_Timer_Module_startup__E)
                  c00352a0    00000660     ti.drv.uart.ae674 : UART_v0.oe674 (.text:UART_v0_hwiIntFxn$0)
                  c0035900    00000640     sysbios.ae674 : BIOS.obj (.text:ti_sysbios_heaps_HeapMem_allocUnprotected__E)
                  c0035f40    00000600     ti.drv.i2c.ae674 : I2C_v0.oe674 (.text:I2C_primeTransfer_v0$0)
                  c0036540    000005a0     sysbios.ae674 : BIOS.obj (.text:ti_sysbios_heaps_HeapMem_freeUnprotected__E)
                  c0036ae0    00000500                   : BIOS.obj (.text:ti_sysbios_family_c64p_Cache_Module_startup__E)
                  c0036fe0    00000460     ti.drv.i2c.ae674 : I2C_v0.oe674 (.text:I2C_open_v0$0)
                  c0037440    00000460     sysbios.ae674 : BIOS.obj (.text:ti_sysbios_knl_Task_sleep__E)
                  c00378a0    00000420     ti.drv.uart.ae674 : UART_v0.oe674 (.text:UART_write2_v0$0)
                  c0037cc0    000003c0                       : UART_v0.oe674 (.text:UART_read2_v0$0)
                  c0038080    00000360                       : UART_v0.oe674 (.text:UART_open_v0$0)
                  c00383e0    00000340     sysbios.ae674 : BIOS.obj (.text:ti_sysbios_timers_timer64_Timer_deviceConfig__I)
                  c0038720    00000320                   : BIOS.obj (.text:ti_sysbios_knl_Swi_runLoop__I)
                  c0038a40    000002e0     ti.board.ae674 : essBoard_pll.oe674 (.text:Board_CorePLLConfig)
                  c0038d20    000002e0     sysbios.ae674 : BIOS.obj (.text:ti_sysbios_knl_Task_Module_startup__E)
                  c0039000    000002c0     ti.board.ae674 : essBoard_pll.oe674 (.text:Board_DDRPLLConfig)
                  c00392c0    000002c0     sysbios.ae674 : BIOS.obj (.text:ti_sysbios_heaps_HeapMem_Instance_init__E)
                  c0039580    000002a0                   : BIOS.obj (.text:ti_sysbios_knl_Clock_workFunc__E)
                  c0039820    00000280     ti.board.ae674 : essBoard_clock.oe674 (.text:Board_moduleClockEnable)
                  c0039aa0    00000280     sysbios.ae674 : BIOS.obj (.text:ti_sysbios_family_c64p_Hwi_reconfig__E)
                  c0039d20    00000260     rts6740_elf.lib : imath64.obj (.text:__c6xabi_divull)
                  c0039f80    00000260     sysbios.ae674 : BIOS.obj (.text:ti_sysbios_family_c64p_Cache_block__I)
                  c003a1e0    00000260                   : BIOS.obj (.text:ti_sysbios_family_c64p_Hwi_dispatchCore__I)
                  c003a440    00000240                   : BIOS.obj (.text:ti_sysbios_family_c64p_EventCombiner_dispatch__E)
                  c003a680    00000240                   : BIOS.obj (.text:ti_sysbios_family_c64p_Exception_internalHandler__I)
                  c003a8c0    00000240                   : BIOS.obj (.text:ti_sysbios_knl_Semaphore_post__E)
                  c003ab00    00000240     app_pe674.oe674 (.text:xdc_runtime_System_printfExtend__I)
                  c003ad40    00000220     rts6740_elf.lib : fputc.obj (.text:fputc)
                  c003af60    00000220                     : setvbuf.obj (.text:setvbuf)
                  c003b180    00000220     sysbios.ae674 : BIOS.obj (.text:ti_sysbios_knl_Swi_run__I)
                  c003b3a0    00000220                   : BIOS.obj (.text:ti_sysbios_timers_timer64_Timer_setPeriodMicroSecs__E)
                  c003b5c0    00000220     ti.targets.rts6000.ae674 : Core-mem.oe674 (.text:xdc_runtime_Core_createObject__I)
                  c003b7e0    00000200     ti.board.ae674 : essBoard_clock.oe674 (.text:Board_moduleClockSyncReset)
                  c003b9e0    00000200     ti.drv.i2c.ae674 : I2C_v0.oe674 (.text:I2C_transfer_v0$0)
                  c003bbe0    00000200     sysbios.ae674 : c64p_Hwi_disp_always.obj (.text:_ti_sysbios_family_c64p_Hwi_dispatchAlways)
                  c003bde0    00000200                   : BIOS.obj (.text:ti_sysbios_family_c64p_EventCombiner_dispatchPlug__E)
                  c003bfe0    000001e0                   : BIOS.obj (.text:ti_sysbios_gates_GateMutex_enter__E)
                  c003c1c0    000001e0     ti.targets.rts6000.ae674 : Error.oe674 (.text:xdc_runtime_Error_policyDefault__E)
                  c003c3a0    000001e0                              : Startup.oe674 (.text:xdc_runtime_Startup_startMods__I)
                  c003c580    000001c0     main.obj (.text)
                  c003c740    000001c0     sysbios.ae674 : BIOS.obj (.text:ti_sysbios_timers_timer64_Timer_getFreq__E)
                  c003c900    000001c0     ti.targets.rts6000.ae674 : Text.oe674 (.text:xdc_runtime_Text_putSite__E)
                  c003cac0    000001a0     ti.board.ae674 : essBoard_ddr.oe674 (.text:Board_DDR3Init)
                  c003cc60    000001a0     rts6740_elf.lib : hostrename.obj (.text:HOSTrename)
                  c003ce00    000001a0     ti.drv.uart.ae674 : UART_v0.oe674 (.text:UART_readPolling_v0$0)
                  c003cfa0    000001a0     sysbios.ae674 : BIOS.obj (.text:ti_sysbios_family_c64p_Cache_getL2InitSize__I)
                  c003d140    000001a0                   : BIOS.obj (.text:ti_sysbios_heaps_HeapBuf_Module_startup__E)
                  c003d2e0    000001a0                   : BIOS.obj (.text:ti_sysbios_timers_timer64_Timer_start__E)
                  c003d480    00000180                   : c64p_Exception_asm.obj (.text)
                  c003d600    00000180                   : BIOS.obj (.text:ti_sysbios_knl_Task_exit__E)
                  c003d780    00000180                   : BIOS.obj (.text:ti_sysbios_knl_Task_schedule__I)
                  c003d900    00000180                   : BIOS.obj (.text:ti_sysbios_knl_Task_startCore__E)
                  c003da80    00000180     ti.targets.rts6000.ae674 : Core-smem.oe674 (.text:xdc_runtime_Core_constructObject__I)
                  c003dc00    00000160     ti.board.ae674 : essBoard.oe674 (.text:Board_init)
                  c003dd60    00000160     sysbios.ae674 : BIOS.obj (.text:ti_sysbios_knl_Swi_post__E)
                  c003dec0    00000140     ti.osal.ae674 : RegisterIntr_tirtos.oe674 (.text:Osal_RegisterInterrupt)
                  c003e000    00000140     rts6740_elf.lib : fclose.obj (.text:__TI_closefile)
                  c003e140    00000140     boot.ae674 : autoinit.oe674 (.text:_auto_init_elf)
                  c003e280    00000140     rts6740_elf.lib : fflush.obj (.text:fflush)
                  c003e3c0    00000140                     : getdevice.obj (.text:getdevice)
                  c003e500    00000140     sysbios.ae674 : BIOS.obj (.text:ti_sysbios_family_c64p_Hwi_Instance_init__E)
                  c003e640    00000140                   : BIOS.obj (.text:ti_sysbios_family_c64p_Hwi_Module_startup__E)
                  c003e780    00000140                   : BIOS.obj (.text:ti_sysbios_knl_Semaphore_Instance_init__E)
                  c003e8c0    00000140                   : BIOS.obj (.text:ti_sysbios_knl_Task_blockI__E)
                  c003ea00    00000120     ti.osal.ae674 : HwiP_tirtos.oe674 (.text:HwiP_create)
                  c003eb20    00000120     rts6740_elf.lib : fseek.obj (.text:fseek)
                  c003ec40    00000120     sysbios.ae674 : BIOS.obj (.text:ti_sysbios_knl_Task_unblockI__E)
                  c003ed60    00000120     ti.targets.rts6000.ae674 : Core-mem.oe674 (.text:xdc_runtime_Core_deleteObject__I)
                  c003ee80    00000120                              : Text.oe674 (.text:xdc_runtime_Text_putLab__E)
                  c003efa0    00000120                              : Text.oe674 (.text:xdc_runtime_Text_putMod__E)
                  c003f0c0    00000100     ti.board.ae674 : essBoard_pinmux.oe674 (.text:Board_configEmifPinMux)
                  c003f1c0    00000100                    : essBoard_clock.oe674 (.text:Board_moduleClockInit)
                  c003f2c0    00000100     ti.osal.ae674 : EventCombinerP_tirtos.oe674 (.text:EventCombinerP_GroupRegisterInt)
                  c003f3c0    00000100     ti.drv.i2c.ae674 : I2C_v0.oe674 (.text:I2C_close_v0$0)
                  c003f4c0    00000100     ti.osal.ae674 : SemaphoreP_tirtos.oe674 (.text:SemaphoreP_create)
                  c003f5c0    00000100     ti.drv.uart.ae674 : UART_v0.oe674 (.text:UART_writePolling_v0$0)
                  c003f6c0    00000100     rts6740_elf.lib : copy_decompress_rle.obj (.text:__TI_decompress_rle_core)
                  c003f7c0    00000100                     : _io_perm.obj (.text:__TI_wrt_ok)
                  c003f8c0    00000100     sysbios.ae674 : BIOS.obj (.text:ti_sysbios_family_c64p_Hwi_Instance_finalize__E)
                  c003f9c0    00000100                   : BIOS.obj (.text:ti_sysbios_knl_Swi_restoreHwi__E)
                  c003fac0    00000100                   : BIOS.obj (.text:ti_sysbios_timers_timer64_Timer_initDevice__I)
                  c003fbc0    00000100     ti.targets.rts6000.ae674 : Startup.oe674 (.text:xdc_runtime_Startup_exec__E)
                  c003fcc0    000000e0     ti.board.ae674 : essBoard_pinmux.oe674 (.text:Board_pinmuxConfig)
                  c003fda0    000000e0     rts6740_elf.lib : hostlseek.obj (.text:HOSTlseek)
                  c003fe80    000000e0                     : hostopen.obj (.text:HOSTopen)
                  c003ff60    000000e0                     : hostwrite.obj (.text:HOSTwrite)
                  c0040040    000000e0     ti.drv.uart.ae674 : UART_v0.oe674 (.text:UART_close_v0$0)
                  c0040120    000000e0                       : UART_v0.oe674 (.text:UART_read_v0$0)
                  c0040200    000000e0                       : UART_v0.oe674 (.text:UART_write_v0$0)
                  c00402e0    000000e0     rts6740_elf.lib : close.obj (.text:close)
                  c00403c0    000000e0                     : exit.obj (.text:exit)
                  c00404a0    000000e0                     : memset.obj (.text:memset)
                  c0040580    000000e0     sysbios.ae674 : BIOS.obj (.text:ti_sysbios_heaps_HeapMem_alloc__E)
                  c0040660    000000e0                   : BIOS.obj (.text:ti_sysbios_timers_timer64_Timer_startup__E)
                  c0040740    000000e0     ti.targets.rts6000.ae674 : Error.oe674 (.text:xdc_runtime_Error_print__E)
                  c0040820    000000e0                              : Memory.oe674 (.text:xdc_runtime_Memory_alloc__E)
                  c0040900    000000e0                              : Text.oe674 (.text:xdc_runtime_Text_visitRope2__I)
                  c00409e0    000000c0     rts6740_elf.lib : hostread.obj (.text:HOSTread)
                  c0040aa0    000000c0                     : hostunlink.obj (.text:HOSTunlink)
                  c0040b60    000000c0     ti.drv.uart.ae674 : UART_v0.oe674 (.text:UART_charGet$0)
                  c0040c20    000000c0                       : UART_v0.oe674 (.text:UART_charPut$0)
                  c0040ce0    000000c0                       : UART_v0.oe674 (.text:UART_readCancelNoCB$0)
                  c0040da0    000000c0     rts6740_elf.lib : fflush.obj (.text:__TI_doflush)
                  c0040e60    000000c0                     : divu.obj (.text:__divu)
                  c0040f20    000000c0     sysbios.ae674 : BIOS.obj (.text:ti_sysbios_heaps_HeapMem_getStats__E)
                  c0040fe0    000000c0                   : BIOS.obj (.text:ti_sysbios_knl_Clock_logTick__E)
                  c00410a0    000000c0                   : BIOS.obj (.text:ti_sysbios_knl_Swi_schedule__I)
                  c0041160    000000c0     rts6740_elf.lib : tls.obj (.text:tls:init:__TI_tls_init)
                  c0041220    000000c0     ti.targets.rts6000.ae674 : System.oe674 (.text:xdc_runtime_System_formatNum__I)
                  c00412e0    000000a0     rts6740_elf.lib : hostclose.obj (.text:HOSTclose)
                  c0041380    000000a0     ti.osal.ae674 : RegisterIntr_tirtos.oe674 (.text:Osal_DeleteInterrupt)
                  c0041420    000000a0                   : Utils_tirtos.oe674 (.text:Osal_delay)
                  c00414c0    000000a0     ti.drv.uart.ae674 : UART_drv.oe674 (.text:UART_init)
                  c0041560    000000a0                       : UART_stdio.oe674 (.text:UART_stdioInit)
                  c0041600    000000a0                       : UART_v0.oe674 (.text:UART_v0_callback$0)
                  c00416a0    000000a0                       : UART_v0.oe674 (.text:UART_writeCancelNoCB$0)
                  c0041740    000000a0     rts6740_elf.lib : fopen.obj (.text:__TI_cleanup)
                  c00417e0    000000a0                     : remu.obj (.text:__remu)
                  c0041880    000000a0     boot.ae674 : boot.oe674 (.text:_c_int00)
                  c0041920    000000a0     sysbios.ae674 : c64p_Hwi_asm.obj (.text:_ti_sysbios_family_c64p_Hwi_plug__E)
                  c00419c0    000000a0     rts6740_elf.lib : memcpy64.obj (.text:memcpy)
                  c0041a60    000000a0     sysbios.ae674 : BIOS.obj (.text:ti_sysbios_family_c64p_Exception_Module_startup__E)
                  c0041b00    000000a0     app_pe674.oe674 (.text:ti_sysbios_family_c64p_Hwi_construct)
                  c0041ba0    000000a0     sysbios.ae674 : BIOS.obj (.text:ti_sysbios_family_c64p_Hwi_dispatchC__I)
                  c0041c40    000000a0                   : BIOS.obj (.text:ti_sysbios_family_c64p_Hwi_getStackInfo__E)
                  c0041ce0    000000a0                   : BIOS.obj (.text:ti_sysbios_heaps_HeapMem_init__I)
                  c0041d80    000000a0                   : BIOS.obj (.text:ti_sysbios_knl_Task_allBlockedFunction__I)
                  c0041e20    000000a0                   : BIOS.obj (.text:ti_sysbios_timers_timer64_Timer_stop__E)
                  c0041ec0    000000a0     ti.targets.rts6000.ae674 : Assert.oe674 (.text:xdc_runtime_Assert_raise__I)
                  c0041f60    000000a0                              : Error.oe674 (.text:xdc_runtime_Error_setX__E)
                  c0042000    000000a0                              : Text.oe674 (.text:xdc_runtime_Text_xprintf__I)
                  c00420a0    00000080     ti.board.ae674 : essBoard_clock.oe674 (.text:CSL_PSC_setModuleNextState$0)
                  c0042120    00000080     ti.osal.ae674 : EventCombinerP_tirtos.oe674 (.text:EventCombinerP_getHwi)
                  c00421a0    00000080                   : EventCombinerP_tirtos.oe674 (.text:EventCombinerP_getIntNum)
                  c0042220    00000080     ti.csl.ae674 : uart.oe674 (.text:UART_charPut_v0)
                  c00422a0    00000080     rts6740_elf.lib : trgmsg.obj (.text:__TI_readmsg)
                  c0042320    00000080                     : llshift.obj (.text:__c6xabi_llshl)
                  c00423a0    00000080     sysbios.ae674 : c62_TaskSupport_asm.obj (.text:_ti_sysbios_family_c62_TaskSupport_swap__E)
                  c0042420    00000080     rts6740_elf.lib : getdevice.obj (.text:finddevice)
                  c00424a0    00000080     app_pe674.oe674 (.text:ti_sysbios_BIOS_atExitFunc__I)
                  c0042520    00000080     app_pe674.oe674 (.text:ti_sysbios_BIOS_registerRTSLock__I)
                  c00425a0    00000080     sysbios.ae674 : BIOS.obj (.text:ti_sysbios_family_c64p_Cache_invL1pAll__E)
                  c0042620    00000080     app_pe674.oe674 (.text:ti_sysbios_gates_GateHwi_Object__create__S)
                  c00426a0    00000080     app_pe674.oe674 (.text:ti_sysbios_gates_GateMutex_Object__create__S)
                  c0042720    00000080     sysbios.ae674 : BIOS.obj (.text:ti_sysbios_hal_Hwi_checkStack)
                  c00427a0    00000080                   : BIOS.obj (.text:ti_sysbios_hal_Hwi_initStack)
                  c0042820    00000080     app_pe674.oe674 (.text:ti_sysbios_heaps_HeapMem_Object__create__S)
                  c00428a0    00000080     app_pe674.oe674 (.text:ti_sysbios_knl_Clock_doTick__I)
                  c0042920    00000080     sysbios.ae674 : BIOS.obj (.text:ti_sysbios_knl_Idle_run__E)
                  c00429a0    00000080                   : BIOS.obj (.text:ti_sysbios_knl_Semaphore_pendTimeout__I)
                  c0042a20    00000080                   : BIOS.obj (.text:ti_sysbios_knl_Swi_startup__E)
                  c0042aa0    00000080                   : BIOS.obj (.text:ti_sysbios_knl_Task_restore__E)
                  c0042b20    00000080     rts6740_elf.lib : unlink.obj (.text:unlink)
                  c0042ba0    00000080     ti.targets.rts6000.ae674 : Core-label.oe674 (.text:xdc_runtime_Core_assignLabel__I)
                  c0042c20    00000080                              : Core-params.oe674 (.text:xdc_runtime_Core_assignParams__I)
                  c0042ca0    00000080                              : System.oe674 (.text:xdc_runtime_System_atexit__E)
                  c0042d20    00000080                              : System.oe674 (.text:xdc_runtime_System_processAtExit__E)
                  c0042da0    00000080                              : System.oe674 (.text:xdc_runtime_System_putchar__I)
                  c0042e20    00000080                              : Text.oe674 (.text:xdc_runtime_Text_printVisFxn__I)
                  c0042ea0    00000060     ti.osal.ae674 : HwiP_tirtos.oe674 (.text:HwiP_delete)
                  c0042f00    00000060     ti.drv.i2c.ae674 : I2C_drv.oe674 (.text:I2C_Params_init)
                  c0042f60    00000060                      : I2C_drv.oe674 (.text:I2C_close)
                  c0042fc0    00000060                      : I2C_drv.oe674 (.text:I2C_open)
                  c0043020    00000060                      : I2C_soc.oe674 (.text:I2C_socGetInitCfg)
                  c0043080    00000060                      : I2C_soc.oe674 (.text:I2C_socSetInitCfg)
                  c00430e0    00000060                      : I2C_drv.oe674 (.text:I2C_transfer)
                  c0043140    00000060                      : I2C_v0.oe674 (.text:I2C_transfer_Callback_v0$0)
                  c00431a0    00000060     ti.osal.ae674 : RegisterIntr_tirtos.oe674 (.text:Osal_ClearInterrupt)
                  c0043200    00000060                   : Utils_tirtos.oe674 (.text:Osal_getThreadType)
                  c0043260    00000060                   : SemaphoreP_tirtos.oe674 (.text:SemaphoreP_delete)
                  c00432c0    00000060     ti.csl.ae674 : uart.oe674 (.text:UART_divisorLatchWrite_v0)
                  c0043320    00000060                  : uart.oe674 (.text:UART_fifoWait_v0)
                  c0043380    00000060     ti.drv.uart.ae674 : UART_v0.oe674 (.text:UART_getRxTrigLvl_v0$0)
                  c00433e0    00000060     ti.csl.ae674 : uart.oe674 (.text:UART_lineCharacConfig_v0)
                  c0043440    00000060     ti.drv.uart.ae674 : UART_v0.oe674 (.text:UART_readCancel_v0$0)
                  c00434a0    00000060                       : UART_v0.oe674 (.text:UART_writeCancel_v0$0)
                  c0043500    00000060     rts6740_elf.lib : trgmsg.obj (.text:__TI_writemsg)
                  c0043560    00000060                     : llshift.obj (.text:__c6xabi_llshru)
                  c00435c0    00000060                     : imath64.obj (.text:_subcull)
                  c0043620    00000060     sysbios.ae674 : c64p_Hwi_asm_switch.obj (.text:_ti_sysbios_family_c64p_Hwi_switchAndDispatch__I)
                  c0043680    00000060                   : c64p_Hwi_asm_switch.obj (.text:_ti_sysbios_family_xxx_Hwi_switchAndRunFunc)
                  c00436e0    00000060     rts6740_elf.lib : lseek.obj (.text:lseek)
                  c0043740    00000060     app_pe674.oe674 (.text:malloc)
                  c00437a0    00000060     app_pe674.oe674 (.text:ti_sysbios_BIOS_errorRaiseHook__I)
                  c0043800    00000060     app_pe674.oe674 (.text:ti_sysbios_BIOS_removeRTSLock__I)
                  c0043860    00000060     app_pe674.oe674 (.text:ti_sysbios_BIOS_startFunc__I)
                  c00438c0    00000060     sysbios.ae674 : BIOS.obj (.text:ti_sysbios_family_c62_TaskSupport_start__E)
                  c0043920    00000060                   : BIOS.obj (.text:ti_sysbios_family_c64p_Cache_setMar__E)
                  c0043980    00000060                   : BIOS.obj (.text:ti_sysbios_family_c64p_EventCombiner_unused__E)
                  c00439e0    00000060     app_pe674.oe674 (.text:ti_sysbios_gates_GateMutex_Object__delete__S)
                  c0043a40    00000060     sysbios.ae674 : BIOS.obj (.text:ti_sysbios_heaps_HeapMem_free__E)
                  c0043aa0    00000060                   : BIOS.obj (.text:ti_sysbios_knl_Clock_Module_startup__E)
                  c0043b00    00000060     app_pe674.oe674 (.text:ti_sysbios_knl_Queue_construct)
                  c0043b60    00000060     app_pe674.oe674 (.text:ti_sysbios_knl_Semaphore_construct)
                  c0043bc0    00000060     sysbios.ae674 : BIOS.obj (.text:ti_sysbios_knl_Swi_Module_startup__E)
                  c0043c20    00000060                   : BIOS.obj (.text:ti_sysbios_knl_Task_enter__I)
                  c0043c80    00000060     ti.drv.uart.ae674 : UART_stdio.oe674 (.text:uart_console_putc$0)
                  c0043ce0    00000060     rts6740_elf.lib : write.obj (.text:write)
                  c0043d40    00000060     ti.targets.rts6000.ae674 : Memory.oe674 (.text:xdc_runtime_Memory_valloc__E)
                  c0043da0    00000060                              : SysStd.oe674 (.text:xdc_runtime_SysStd_abort__E)
                  c0043e00    00000060                              : System.oe674 (.text:xdc_runtime_System_avprintf__E)
                  c0043e60    00000060                              : System.oe674 (.text:xdc_runtime_System_vprintf__E)
                  c0043ec0    00000060                              : Text.oe674 (.text:xdc_runtime_Text_cordText__E)
                  c0043f20    00000040     ti.csl.ae674 : i2c.oe674 (.text:I2CMasterInitExpClk)
                  c0043f60    00000040     ti.drv.i2c.ae674 : I2C_v0.oe674 (.text:I2C_init_v0$0)
                  c0043fa0    00000040                      : I2C_drv.oe674 (.text:I2C_transactionInit)
                  c0043fe0    00000040                      : I2C_v0.oe674 (.text:I2C_v0_control$0)
                  c0044020    00000040     ti.osal.ae674 : MuxIntcP_tirtos.oe674 (.text:MuxIntcP_create)
                  c0044060    00000040                   : RegisterIntr_tirtos.oe674 (.text:Osal_DisableInterrupt)
                  c00440a0    00000040                   : RegisterIntr_tirtos.oe674 (.text:Osal_EnableInterrupt)
                  c00440e0    00000040                   : RegisterIntr_tirtos.oe674 (.text:Osal_RegisterInterrupt_initParams)
                  c0044120    00000040                   : Utils_tirtos.oe674 (.text:Osal_getHwAttrs)
                  c0044160    00000040                   : SemaphoreP_tirtos.oe674 (.text:SemaphoreP_Params_init)
                  c00441a0    00000040                   : SemaphoreP_tirtos.oe674 (.text:SemaphoreP_pend)
                  c00441e0    00000040                   : SemaphoreP_tirtos.oe674 (.text:SemaphoreP_post)
                  c0044220    00000040     ti.csl.ae674 : uart.oe674 (.text:UART_breakCtl_v0)
                  c0044260    00000040                  : uart.oe674 (.text:UART_charGetNonBlocking_v0)
                  c00442a0    00000040                  : uart.oe674 (.text:UART_divisorValCompute_v0)
                  c00442e0    00000040                  : uart.oe674 (.text:UART_fIFOConfig_v0)
                  c0044320    00000040                  : uart.oe674 (.text:UART_fIFORegisterWrite_v0)
                  c0044360    00000040                  : uart.oe674 (.text:UART_intDisable_v0)
                  c00443a0    00000040                  : uart.oe674 (.text:UART_intEnable_v0)
                  c00443e0    00000040                  : uart.oe674 (.text:UART_intIdentityGet_v0)
                  c0044420    00000040                  : uart.oe674 (.text:UART_loopbackModeControl_v0)
                  c0044460    00000040     ti.drv.uart.ae674 : UART_drv.oe674 (.text:UART_open)
                  c00444a0    00000040     ti.csl.ae674 : uart.oe674 (.text:UART_readLineStatus_v0)
                  c00444e0    00000040     ti.osal.ae674 : Utils_tirtos.oe674 (.text:_DebugP_assert)
                  c0044520    00000040     rts6740_elf.lib : strasg.obj (.text:__strasgi_64plus)
                  c0044560    00000040                     : args_main.obj (.text:_args_main)
                  c00445a0    00000040     sysbios.ae674 : c62_TaskSupport_asm.obj (.text:_ti_sysbios_family_c62_TaskSupport_buildTaskStack)
                  c00445e0    00000040     app_pe674.oe674 (.text:free)
                  c0044620    00000040     app_pe674.oe674 (.text:ti_sysbios_BIOS_exitFunc__I)
                  c0044660    00000040     app_pe674.oe674 (.text:ti_sysbios_BIOS_rtsLock__I)
                  c00446a0    00000040     app_pe674.oe674 (.text:ti_sysbios_BIOS_rtsUnlock__I)
                  c00446e0    00000040     sysbios.ae674 : BIOS.obj (.text:ti_sysbios_family_c64p_EventCombiner_Module_startup__E)
                  c0044720    00000040                   : BIOS.obj (.text:ti_sysbios_family_c64p_EventCombiner_disableEvent__E)
                  c0044760    00000040                   : BIOS.obj (.text:ti_sysbios_family_c64p_EventCombiner_enableEvent__E)
                  c00447a0    00000040     app_pe674.oe674 (.text:ti_sysbios_family_c64p_Hwi_Object__destruct__S)
                  c00447e0    00000040     sysbios.ae674 : BIOS.obj (.text:ti_sysbios_family_c64p_Hwi_disableInterrupt__E)
                  c0044820    00000040                   : BIOS.obj (.text:ti_sysbios_family_c64p_Hwi_enableInterrupt__E)
                  c0044860    00000040                   : BIOS.obj (.text:ti_sysbios_family_c64p_Hwi_getEventId__E)
                  c00448a0    00000040                   : BIOS.obj (.text:ti_sysbios_family_c64p_primus_TimerSupport_enable__E)
                  c00448e0    00000040     app_pe674.oe674 (.text:ti_sysbios_gates_GateHwi_Handle__label__S)
                  c0044920    00000040     app_pe674.oe674 (.text:ti_sysbios_gates_GateHwi_Object__delete__S)
                  c0044960    00000040     app_pe674.oe674 (.text:ti_sysbios_gates_GateMutex_Handle__label__S)
                  c00449a0    00000040     sysbios.ae674 : BIOS.obj (.text:ti_sysbios_gates_GateMutex_Instance_init__E)
                  c00449e0    00000040                   : BIOS.obj (.text:ti_sysbios_gates_GateMutex_leave__E)
                  c0044a20    00000040     app_pe674.oe674 (.text:ti_sysbios_heaps_HeapMem_Handle__label__S)
                  c0044a60    00000040     app_pe674.oe674 (.text:ti_sysbios_heaps_HeapMem_Object__delete__S)
                  c0044aa0    00000040     app_pe674.oe674 (.text:ti_sysbios_heaps_HeapMem_Object__get__S)
                  c0044ae0    00000040     app_pe674.oe674 (.text:ti_sysbios_knl_Semaphore_Object__destruct__S)
                  c0044b20    00000040     app_pe674.oe674 (.text:ti_sysbios_knl_Swi_Object__get__S)
                  c0044b60    00000040     app_pe674.oe674 (.text:ti_sysbios_knl_Task_Object__get__S)
                  c0044ba0    00000040     sysbios.ae674 : BIOS.obj (.text:ti_sysbios_knl_Task_sleepTimeout__I)
                  c0044be0    00000040     ti.targets.rts6000.ae674 : Error.oe674 (.text:xdc_runtime_Error_check__E)
                  c0044c20    00000040                              : Error.oe674 (.text:xdc_runtime_Error_init__E)
                  c0044c60    00000040                              : Memory.oe674 (.text:xdc_runtime_Memory_free__E)
                  c0044ca0    00000040                              : Registry.oe674 (.text:xdc_runtime_Registry_findById__E)
                  c0044ce0    00000040                              : System.oe674 (.text:xdc_runtime_System_abort__E)
                  c0044d20    00000040     app_pe674.oe674 (.text:xdc_runtime_System_aprintf__E)
                  c0044d60    00000040     ti.targets.rts6000.ae674 : System.oe674 (.text:xdc_runtime_System_exit__E)
                  c0044da0    00000040     app_pe674.oe674 (.text:xdc_runtime_System_printf__E)
                  c0044de0    00000040     ti.targets.rts6000.ae674 : Text.oe674 (.text:xdc_runtime_Text_ropeText__E)
                  c0044e20    00000020     ti.board.ae674 : essBoard_pll.oe674 (.text:Board_PLLInit)
                  c0044e40    00000020                    : essBoard_lld_init.oe674 (.text:Board_uartStdioInit)
                  c0044e60    00000020     ti.osal.ae674 : EventCombinerP_tirtos.oe674 (.text:EventCombinerP_disableEvent)
                  c0044e80    00000020                   : EventCombinerP_tirtos.oe674 (.text:EventCombinerP_dispatchPlug)
                  c0044ea0    00000020                   : EventCombinerP_tirtos.oe674 (.text:EventCombinerP_enableEvent)
                  c0044ec0    00000020                   : HwiP_tirtos.oe674 (.text:HwiP_clearInterrupt)
                  c0044ee0    00000020                   : HwiP_tirtos.oe674 (.text:HwiP_disable)
                  c0044f00    00000020                   : HwiP_tirtos.oe674 (.text:HwiP_disableInterrupt)
                  c0044f20    00000020                   : HwiP_tirtos.oe674 (.text:HwiP_enableInterrupt)
                  c0044f40    00000020                   : HwiP_tirtos.oe674 (.text:HwiP_restore)
                  c0044f60    00000020     ti.csl.ae674 : i2c.oe674 (.text:I2CIntVectGet)
                  c0044f80    00000020                  : i2c.oe674 (.text:I2CMasterBusBusy)
                  c0044fa0    00000020                  : i2c.oe674 (.text:I2CMasterControl)
                  c0044fc0    00000020                  : i2c.oe674 (.text:I2CMasterDataGet)
                  c0044fe0    00000020                  : i2c.oe674 (.text:I2CMasterDataPut)
                  c0045000    00000020                  : i2c.oe674 (.text:I2CMasterDisable)
                  c0045020    00000020                  : i2c.oe674 (.text:I2CMasterEnable)
                  c0045040    00000020                  : i2c.oe674 (.text:I2CMasterErr)
                  c0045060    00000020                  : i2c.oe674 (.text:I2CMasterIntClearEx)
                  c0045080    00000020                  : i2c.oe674 (.text:I2CMasterIntDisableEx)
                  c00450a0    00000020                  : i2c.oe674 (.text:I2CMasterIntEnableEx)
                  c00450c0    00000020                  : i2c.oe674 (.text:I2CMasterIntStatusEx)
                  c00450e0    00000020                  : i2c.oe674 (.text:I2CMasterSlaveAddrSet)
                  c0045100    00000020                  : i2c.oe674 (.text:I2CMasterStart)
                  c0045120    00000020                  : i2c.oe674 (.text:I2CMasterStop)
                  c0045140    00000020                  : i2c.oe674 (.text:I2CModeControl)
                  c0045160    00000020                  : i2c.oe674 (.text:I2COwnAddressSet)
                  c0045180    00000020                  : i2c.oe674 (.text:I2CSetDataCount)
                  c00451a0    00000020                  : i2c.oe674 (.text:I2CSlaveEnable)
                  c00451c0    00000020     ti.osal.ae674 : MuxIntcP_tirtos.oe674 (.text:MuxIntcP_clearInEvent)
                  c00451e0    00000020                   : MuxIntcP_tirtos.oe674 (.text:MuxIntcP_disableOutEvent)
                  c0045200    00000020                   : MuxIntcP_tirtos.oe674 (.text:MuxIntcP_enableOutEvent)
                  c0045220    00000020     ti.drv.uart.ae674 : UART_drv.oe674 (.text:UART_Params_init)
                  c0045240    00000020                       : UART_v0.oe674 (.text:UART_control_v0$0)
                  c0045260    00000020     ti.csl.ae674 : uart.oe674 (.text:UART_divisorLatchDisable_v0)
                  c0045280    00000020                  : uart.oe674 (.text:UART_fIFOCharPut_v0)
                  c00452a0    00000020                  : uart.oe674 (.text:UART_fifoEmpty_v0)
                  c00452c0    00000020     ti.drv.uart.ae674 : UART_v0.oe674 (.text:UART_init_v0$0)
                  c00452e0    00000020     ti.csl.ae674 : uart.oe674 (.text:UART_operatingModeSelect_v0)
                  c0045300    00000020                  : uart.oe674 (.text:UART_pwremuConfig_v0)
                  c0045320    00000020     ti.drv.uart.ae674 : UART_drv.oe674 (.text:UART_write)
                  c0045340    00000020                       : UART_drv.oe674 (.text:UART_writePolling)
                  c0045360    00000020     rts6740_elf.lib : _lock.obj (.text:_nop)
                  c0045380    00000020                     : _lock.obj (.text:_register_lock)
                  c00453a0    00000020                     : _lock.obj (.text:_register_unlock)
                  c00453c0    00000020     sysbios.ae674 : c62_TaskSupport_asm.obj (.text:_ti_sysbios_family_c62_TaskSupport_glue)
                  c00453e0    00000020     rts6740_elf.lib : exit.obj (.text:abort)
                  c0045400    00000020                     : copy_decompress_none.obj (.text:decompress:none:__TI_decompress_none)
                  c0045420    00000020                     : copy_decompress_rle.obj (.text:decompress:rle24:__TI_decompress_rle24)
                  c0045440    00000020                     : fputc.obj (.text:putchar)
                  c0045460    00000020     app_pe674.oe674 (.text:ti_sysbios_BIOS_RtsGateProxy_enter__E)
                  c0045480    00000020     app_pe674.oe674 (.text:ti_sysbios_BIOS_RtsGateProxy_leave__E)
                  c00454a0    00000020     sysbios.ae674 : BIOS.obj (.text:ti_sysbios_BIOS_getThreadType__E)
                  c00454c0    00000020                   : BIOS.obj (.text:ti_sysbios_BIOS_linkedWithIncorrectBootLibrary__E)
                  c00454e0    00000020     app_pe674.oe674 (.text:ti_sysbios_BIOS_nullFunc__I)
                  c0045500    00000020     sysbios.ae674 : BIOS.obj (.text:ti_sysbios_BIOS_setThreadType__E)
                  c0045520    00000020                   : BIOS.obj (.text:ti_sysbios_BIOS_start__E)
                  c0045540    00000020     app_pe674.oe674 (.text:ti_sysbios_family_c62_TaskSupport_Module__startupDone__S)
                  c0045560    00000020     sysbios.ae674 : BIOS.obj (.text:ti_sysbios_family_c64p_Cache_wbInv__E)
                  c0045580    00000020     app_pe674.oe674 (.text:ti_sysbios_family_c64p_Hwi_Module__startupDone__F)
                  c00455a0    00000020     app_pe674.oe674 (.text:ti_sysbios_family_c64p_Hwi_Params__init__S)
                  c00455c0    00000020     sysbios.ae674 : BIOS.obj (.text:ti_sysbios_family_c64p_Hwi_clearInterrupt__E)
                  c00455e0    00000020     app_pe674.oe674 (.text:ti_sysbios_family_c64p_Hwi_destruct)
                  c0045600    00000020     sysbios.ae674 : BIOS.obj (.text:ti_sysbios_family_c64p_Hwi_getFunc__E)
                  c0045620    00000020                   : BIOS.obj (.text:ti_sysbios_family_c64p_Hwi_getHandle__E)
                  c0045640    00000020                   : BIOS.obj (.text:ti_sysbios_family_c64p_Hwi_startup__E)
                  c0045660    00000020                   : BIOS.obj (.text:ti_sysbios_family_c64p_Hwi_switchFromBootStack__E)
                  c0045680    00000020                   : BIOS.obj (.text:ti_sysbios_family_c64p_Hwi_unPluggedInterrupt__I)
                  c00456a0    00000020                   : BIOS.obj (.text:ti_sysbios_gates_GateHwi_Instance_init__E)
                  c00456c0    00000020                   : BIOS.obj (.text:ti_sysbios_gates_GateHwi_enter__E)
                  c00456e0    00000020                   : BIOS.obj (.text:ti_sysbios_gates_GateHwi_leave__E)
                  c0045700    00000020                   : BIOS.obj (.text:ti_sysbios_gates_GateHwi_query__E)
                  c0045720    00000020                   : BIOS.obj (.text:ti_sysbios_gates_GateMutex_Instance_finalize__E)
                  c0045740    00000020                   : BIOS.obj (.text:ti_sysbios_gates_GateMutex_query__E)
                  c0045760    00000020                   : BIOS.obj (.text:ti_sysbios_hal_Hwi_Module_startup__E)
                  c0045780    00000020     app_pe674.oe674 (.text:ti_sysbios_heaps_HeapBuf_Object__get__S)
                  c00457a0    00000020     app_pe674.oe674 (.text:ti_sysbios_heaps_HeapMem_Module_GateProxy_enter__E)
                  c00457c0    00000020     app_pe674.oe674 (.text:ti_sysbios_heaps_HeapMem_Module_GateProxy_leave__E)
                  c00457e0    00000020     sysbios.ae674 : BIOS.obj (.text:ti_sysbios_heaps_HeapMem_isBlocking__E)
                  c0045800    00000020     app_pe674.oe674 (.text:ti_sysbios_knl_Clock_TimerProxy_getMaxTicks__E)
                  c0045820    00000020     sysbios.ae674 : BIOS.obj (.text:ti_sysbios_knl_Idle_loop__E)
                  c0045840    00000020                   : BIOS.obj (.text:ti_sysbios_knl_Queue_Instance_init__E)
                  c0045860    00000020     app_pe674.oe674 (.text:ti_sysbios_knl_Queue_Object__destruct__S)
                  c0045880    00000020     app_pe674.oe674 (.text:ti_sysbios_knl_Queue_Object__get__S)
                  c00458a0    00000020     app_pe674.oe674 (.text:ti_sysbios_knl_Queue_destruct)
                  c00458c0    00000020     sysbios.ae674 : BIOS.obj (.text:ti_sysbios_knl_Queue_empty__E)
                  c00458e0    00000020                   : BIOS.obj (.text:ti_sysbios_knl_Semaphore_Instance_finalize__E)
                  c0045900    00000020     app_pe674.oe674 (.text:ti_sysbios_knl_Semaphore_Params__init__S)
                  c0045920    00000020     app_pe674.oe674 (.text:ti_sysbios_knl_Semaphore_destruct)
                  c0045940    00000020     sysbios.ae674 : BIOS.obj (.text:ti_sysbios_knl_Swi_disable__E)
                  c0045960    00000020                   : BIOS.obj (.text:ti_sysbios_knl_Task_disable__E)
                  c0045980    00000020                   : BIOS.obj (.text:ti_sysbios_knl_Task_startup__E)
                  c00459a0    00000020     app_pe674.oe674 (.text:ti_sysbios_timers_timer64_Timer_Module__startupDone__F)
                  c00459c0    00000020     sysbios.ae674 : BIOS.obj (.text:ti_sysbios_timers_timer64_Timer_getMaxTicks__E)
                  c00459e0    00000020     ti.targets.rts6000.ae674 : Error.oe674 (.text:xdc_runtime_Error_getSite__E)
                  c0045a00    00000020                              : Error.oe674 (.text:xdc_runtime_Error_raiseX__E)
                  c0045a20    00000020                              : Gate.oe674 (.text:xdc_runtime_Gate_enterSystem__E)
                  c0045a40    00000020                              : Gate.oe674 (.text:xdc_runtime_Gate_leaveSystem__E)
                  c0045a60    00000020     app_pe674.oe674 (.text:xdc_runtime_IHeap_alloc)
                  c0045a80    00000020     app_pe674.oe674 (.text:xdc_runtime_IHeap_free)
                  c0045aa0    00000020     ti.targets.rts6000.ae674 : Memory.oe674 (.text:xdc_runtime_Memory_calloc__E)
                  c0045ac0    00000020                              : Memory.oe674 (.text:xdc_runtime_Memory_getMaxDefaultTypeAlign__E)
                  c0045ae0    00000020     app_pe674.oe674 (.text:xdc_runtime_Startup_exec__I)
                  c0045b00    00000020     app_pe674.oe674 (.text:xdc_runtime_Startup_reset__I)
                  c0045b20    00000020     ti.targets.rts6000.ae674 : Startup.oe674 (.text:xdc_runtime_Startup_rtsDone__E)
                  c0045b40    00000020                              : SysStd.oe674 (.text:xdc_runtime_SysStd_exit__E)
                  c0045b60    00000020                              : SysStd.oe674 (.text:xdc_runtime_SysStd_putch__E)
                  c0045b80    00000020                              : SysStd.oe674 (.text:xdc_runtime_SysStd_ready__E)
                  c0045ba0    00000020     app_pe674.oe674 (.text:xdc_runtime_System_Module_GateProxy_enter__E)
                  c0045bc0    00000020     app_pe674.oe674 (.text:xdc_runtime_System_Module_GateProxy_leave__E)
                  c0045be0    00000020     ti.targets.rts6000.ae674 : System.oe674 (.text:xdc_runtime_System_Module_startup__E)
                  c0045c00    00000020                              : System.oe674 (.text:xdc_runtime_System_aprintf_va__F)
                  c0045c20    00000020                              : System.oe674 (.text:xdc_runtime_System_printf_va__F)
                  c0045c40    00000020                              : System.oe674 (.text:xdc_runtime_System_vsnprintf__E)
                  c0045c60    00000020     app_pe674.oe674 (.text:xdc_runtime_Text_visitRope__I)

.const     0    c0045c80    000026f6     
                  c0045c80    0000186c     app_pe674.oe674 (.const:xdc_runtime_Text_charTab__A)
                  c00474ec    00000518     sysbios.ae674 : BIOS.obj (.const:.string)
                  c0047a04    00000004     ti.targets.rts6000.ae674 : Assert.oe674 (.const:.string)
                  c0047a08    000000f4     app_pe674.oe674 (.const:xdc_runtime_Text_nodeTab__A)
                  c0047afc    0000007c     app_pe674.oe674 (.const:.string)
                  c0047b78    00000058     ti.targets.rts6000.ae674 : Error.oe674 (.const:.string)
                  c0047bd0    00000050     ti.drv.uart.ae674 : UART_drv.oe674 (.const)
                  c0047c20    00000048     ti.drv.i2c.ae674 : I2C_soc.oe674 (.const:I2C_config)
                  c0047c68    00000040     ti.targets.rts6000.ae674 : Text.oe674 (.const:.string)
                  c0047ca8    00000038     main.obj (.const:.string)
                  c0047ce0    00000038     ti.drv.i2c.ae674 : I2C_drv.oe674 (.const)
                  c0047d18    00000030     ti.drv.uart.ae674 : UART_soc.oe674 (.const:UART_config)
                  c0047d48    00000030                       : UART_v0.oe674 (.const)
                  c0047d78    00000030     app_pe674.oe674 (.const:ti_sysbios_family_c64p_Hwi_Object__PARAMS__C)
                  c0047da8    0000002c     ti.targets.rts6000.ae674 : Startup.oe674 (.const:.string)
                  c0047dd4    00000004     app_pe674.oe674 (.const:ti_sysbios_family_c64p_Cache_EMIFA_BASE__C)
                  c0047dd8    0000002c     app_pe674.oe674 (.const:xdc_runtime_Startup_sfxnTab__A)
                  c0047e04    00000028     app_pe674.oe674 (.const:ti_sysbios_heaps_HeapMem_Module__FXNS__C)
                  c0047e2c    00000024     ti.drv.uart.ae674 : UART_stdio.oe674 (.const:.string)
                  c0047e50    00000024     app_pe674.oe674 (.const:ti_sysbios_gates_GateHwi_Module__FXNS__C)
                  c0047e74    00000024     app_pe674.oe674 (.const:ti_sysbios_gates_GateMutex_Module__FXNS__C)
                  c0047e98    00000024     app_pe674.oe674 (.const:ti_sysbios_heaps_HeapMem_Object__PARAMS__C)
                  c0047ebc    00000024     app_pe674.oe674 (.const:ti_sysbios_knl_Semaphore_Object__PARAMS__C)
                  c0047ee0    00000020     ti.osal.ae674 : SemaphoreP_tirtos.oe674 (.const:.string)
                  c0047f00    00000020     app_pe674.oe674 (.const:ti_sysbios_family_c64p_Hwi_Object__DESC__C)
                  c0047f20    00000020     app_pe674.oe674 (.const:ti_sysbios_gates_GateHwi_Object__DESC__C)
                  c0047f40    00000020     app_pe674.oe674 (.const:ti_sysbios_gates_GateMutex_Object__DESC__C)
                  c0047f60    00000020     app_pe674.oe674 (.const:ti_sysbios_heaps_HeapMem_Object__DESC__C)
                  c0047f80    00000020     app_pe674.oe674 (.const:ti_sysbios_knl_Queue_Object__DESC__C)
                  c0047fa0    00000020     app_pe674.oe674 (.const:ti_sysbios_knl_Semaphore_Object__DESC__C)
                  c0047fc0    0000001c     ti.drv.uart.ae674 : UART_v0.oe674 (.const:.string)
                  c0047fdc    0000001c     ti.osal.ae674 : HwiP_tirtos.oe674 (.const:.string)
                  c0047ff8    00000018     app_pe674.oe674 (.const:ti_sysbios_gates_GateHwi_Object__PARAMS__C)
                  c0048010    00000018     app_pe674.oe674 (.const:ti_sysbios_gates_GateMutex_Object__PARAMS__C)
                  c0048028    00000018     app_pe674.oe674 (.const:ti_sysbios_knl_Queue_Object__PARAMS__C)
                  c0048040    00000016     app_pe674.oe674 (.const:xdc_runtime_Startup_sfxnRts__A)
                  c0048056    00000002     app_pe674.oe674 (.const:ti_sysbios_family_c64p_Cache_Module__id__C)
                  c0048058    00000014     ti.drv.i2c.ae674 : I2C_v0.oe674 (.const)
                  c004806c    00000004     app_pe674.oe674 (.const:ti_sysbios_family_c64p_Cache_EMIFA_CFG__C)
                  c0048070    00000011     ti.targets.rts6000.ae674 : System.oe674 (.const:.string:digtohex)
                  c0048081    00000001     app_pe674.oe674 (.const:ti_sysbios_timers_timer64_Timer_localTimerBaseId__C)
                  c0048082    00000002     app_pe674.oe674 (.const:ti_sysbios_family_c64p_EventCombiner_Module__id__C)
                  c0048084    00000010     ti.drv.i2c.ae674 : I2C_drv.oe674 (.const:.string)
                  c0048094    00000010                      : I2C_v0.oe674 (.const:.string)
                  c00480a4    00000004     app_pe674.oe674 (.const:ti_sysbios_family_c64p_Cache_EMIFA_LENGTH__C)
                  c00480a8    00000010     app_pe674.oe674 (.const:ti_sysbios_family_c64p_EventCombiner_EVTMASK__C)
                  c00480b8    00000008     ti.targets.rts6000.ae674 : System.oe674 (.const:.string)
                  c00480c0    00000008     app_pe674.oe674 (.const:ti_sysbios_knl_Idle_funcList__C)
                  c00480c8    00000008     app_pe674.oe674 (.const:xdc_runtime_Startup_firstFxns__A)
                  c00480d0    00000008     app_pe674.oe674 (.const:xdc_runtime_Startup_firstFxns__C)
                  c00480d8    00000008     app_pe674.oe674 (.const:xdc_runtime_Startup_lastFxns__C)
                  c00480e0    00000004     app_pe674.oe674 (.const:ti_sysbios_family_c64p_Cache_EMIFB_BASE__C)
                  c00480e4    00000004     app_pe674.oe674 (.const:ti_sysbios_family_c64p_Cache_EMIFB_CFG__C)
                  c00480e8    00000004     app_pe674.oe674 (.const:ti_sysbios_family_c64p_Cache_EMIFB_LENGTH__C)
                  c00480ec    00000004     app_pe674.oe674 (.const:ti_sysbios_family_c64p_Cache_EMIFC_BASE__C)
                  c00480f0    00000004     app_pe674.oe674 (.const:ti_sysbios_family_c64p_Cache_EMIFC_CFG__C)
                  c00480f4    00000004     app_pe674.oe674 (.const:ti_sysbios_family_c64p_Cache_EMIFC_LENGTH__C)
                  c00480f8    00000004     app_pe674.oe674 (.const:ti_sysbios_family_c64p_Cache_E_invalidL1CacheSize__C)
                  c00480fc    00000004     app_pe674.oe674 (.const:ti_sysbios_family_c64p_Cache_E_invalidL2CacheSize__C)
                  c0048100    00000004     app_pe674.oe674 (.const:ti_sysbios_family_c64p_Cache_MAR0_31__C)
                  c0048104    00000004     app_pe674.oe674 (.const:ti_sysbios_family_c64p_Cache_MAR128_159__C)
                  c0048108    00000004     app_pe674.oe674 (.const:ti_sysbios_family_c64p_Cache_MAR160_191__C)
                  c004810c    00000004     app_pe674.oe674 (.const:ti_sysbios_family_c64p_Cache_MAR192_223__C)
                  c0048110    00000004     app_pe674.oe674 (.const:ti_sysbios_family_c64p_Cache_MAR224_255__C)
                  c0048114    00000004     app_pe674.oe674 (.const:ti_sysbios_family_c64p_Cache_MAR32_63__C)
                  c0048118    00000004     app_pe674.oe674 (.const:ti_sysbios_family_c64p_Cache_MAR64_95__C)
                  c004811c    00000004     app_pe674.oe674 (.const:ti_sysbios_family_c64p_Cache_MAR96_127__C)
                  c0048120    00000004     app_pe674.oe674 (.const:ti_sysbios_family_c64p_EventCombiner_A_invalidEventId__C)
                  c0048124    00000004     app_pe674.oe674 (.const:ti_sysbios_family_c64p_EventCombiner_E_unpluggedEvent__C)
                  c0048128    00000004     app_pe674.oe674 (.const:ti_sysbios_family_c64p_EventCombiner_Module__diagsEnabled__C)
                  c004812c    00000004     app_pe674.oe674 (.const:ti_sysbios_family_c64p_EventCombiner_Module__diagsIncluded__C)
                  c0048130    00000004     app_pe674.oe674 (.const:ti_sysbios_family_c64p_EventCombiner_Module__diagsMask__C)
                  c0048134    00000004     app_pe674.oe674 (.const:ti_sysbios_family_c64p_Exception_E_exceptionMax__C)
                  c0048138    00000004     app_pe674.oe674 (.const:ti_sysbios_family_c64p_Exception_exceptionHook__C)
                  c004813c    00000004     app_pe674.oe674 (.const:ti_sysbios_family_c64p_Exception_externalHook__C)
                  c0048140    00000004     app_pe674.oe674 (.const:ti_sysbios_family_c64p_Exception_internalHook__C)
                  c0048144    00000004     app_pe674.oe674 (.const:ti_sysbios_family_c64p_Exception_nmiHook__C)
                  c0048148    00000004     app_pe674.oe674 (.const:ti_sysbios_family_c64p_Hwi_E_alreadyDefined__C)
                  c004814c    00000004     app_pe674.oe674 (.const:ti_sysbios_family_c64p_Hwi_E_handleNotFound__C)
                  c0048150    00000004     app_pe674.oe674 (.const:ti_sysbios_family_c64p_Hwi_E_invalidIntNum__C)
                  c0048154    00000004     app_pe674.oe674 (.const:ti_sysbios_family_c64p_Hwi_LD_end__C)
                  c0048158    00000004     app_pe674.oe674 (.const:ti_sysbios_family_c64p_Hwi_LM_begin__C)
                  c004815c    00000004     app_pe674.oe674 (.const:ti_sysbios_family_c64p_Hwi_Module__diagsEnabled__C)
                  c0048160    00000004     app_pe674.oe674 (.const:ti_sysbios_family_c64p_Hwi_Module__diagsIncluded__C)
                  c0048164    00000004     app_pe674.oe674 (.const:ti_sysbios_family_c64p_Hwi_Module__diagsMask__C)
                  c0048168    00000004     app_pe674.oe674 (.const:ti_sysbios_family_c64p_Hwi_Module__loggerFxn1__C)
                  c004816c    00000004     app_pe674.oe674 (.const:ti_sysbios_family_c64p_Hwi_Module__loggerFxn8__C)
                  c0048170    00000004     app_pe674.oe674 (.const:ti_sysbios_family_c64p_Hwi_Module__loggerObj__C)
                  c0048174    00000004     app_pe674.oe674 (.const:ti_sysbios_gates_GateMutex_A_badContext__C)
                  c0048178    00000004     app_pe674.oe674 (.const:ti_sysbios_gates_GateMutex_Instance_State_sem__O)
                  c004817c    00000004     app_pe674.oe674 (.const:ti_sysbios_gates_GateMutex_Module__diagsEnabled__C)
                  c0048180    00000004     app_pe674.oe674 (.const:ti_sysbios_gates_GateMutex_Module__diagsIncluded__C)
                  c0048184    00000004     app_pe674.oe674 (.const:ti_sysbios_gates_GateMutex_Module__diagsMask__C)
                  c0048188    00000004     app_pe674.oe674 (.const:ti_sysbios_hal_Hwi_E_stackOverflow__C)
                  c004818c    00000004     app_pe674.oe674 (.const:ti_sysbios_heaps_HeapBuf_Instance_State_freeList__O)
                  c0048190    00000004     app_pe674.oe674 (.const:ti_sysbios_heaps_HeapBuf_Object__count__C)
                  c0048194    00000004     app_pe674.oe674 (.const:ti_sysbios_heaps_HeapBuf_numConstructedHeaps__C)
                  c0048198    00000004     app_pe674.oe674 (.const:ti_sysbios_heaps_HeapMem_A_align__C)
                  c004819c    00000004     app_pe674.oe674 (.const:ti_sysbios_heaps_HeapMem_A_heapSize__C)
                  c00481a0    00000004     app_pe674.oe674 (.const:ti_sysbios_heaps_HeapMem_A_invalidFree__C)
                  c00481a4    00000004     app_pe674.oe674 (.const:ti_sysbios_heaps_HeapMem_A_zeroBlock__C)
                  c00481a8    00000004     app_pe674.oe674 (.const:ti_sysbios_heaps_HeapMem_E_memory__C)
                  c00481ac    00000004     app_pe674.oe674 (.const:ti_sysbios_heaps_HeapMem_Module__diagsEnabled__C)
                  c00481b0    00000004     app_pe674.oe674 (.const:ti_sysbios_heaps_HeapMem_Module__diagsIncluded__C)
                  c00481b4    00000004     app_pe674.oe674 (.const:ti_sysbios_heaps_HeapMem_Module__diagsMask__C)
                  c00481b8    00000004     app_pe674.oe674 (.const:ti_sysbios_heaps_HeapMem_Module__gateObj__C)
                  c00481bc    00000004     app_pe674.oe674 (.const:ti_sysbios_heaps_HeapMem_Object__count__C)
                  c00481c0    00000004     app_pe674.oe674 (.const:ti_sysbios_heaps_HeapMem_reqAlign__C)
                  c00481c4    00000004     app_pe674.oe674 (.const:ti_sysbios_knl_Clock_LM_begin__C)
                  c00481c8    00000004     app_pe674.oe674 (.const:ti_sysbios_knl_Clock_LM_tick__C)
                  c00481cc    00000004     app_pe674.oe674 (.const:ti_sysbios_knl_Clock_LW_delayed__C)
                  c00481d0    00000004     app_pe674.oe674 (.const:ti_sysbios_knl_Clock_Module_State_clockQ__O)
                  c00481d4    00000004     app_pe674.oe674 (.const:ti_sysbios_knl_Clock_Module__diagsEnabled__C)
                  c00481d8    00000004     app_pe674.oe674 (.const:ti_sysbios_knl_Clock_Module__diagsIncluded__C)
                  c00481dc    00000004     app_pe674.oe674 (.const:ti_sysbios_knl_Clock_Module__diagsMask__C)
                  c00481e0    00000004     app_pe674.oe674 (.const:ti_sysbios_knl_Clock_Module__loggerFxn1__C)
                  c00481e4    00000004     app_pe674.oe674 (.const:ti_sysbios_knl_Clock_Module__loggerFxn2__C)
                  c00481e8    00000004     app_pe674.oe674 (.const:ti_sysbios_knl_Clock_Module__loggerObj__C)
                  c00481ec    00000004     app_pe674.oe674 (.const:ti_sysbios_knl_Semaphore_A_badContext__C)
                  c00481f0    00000004     app_pe674.oe674 (.const:ti_sysbios_knl_Idle_funcList__A)
                  c00481f4    00000004     app_pe674.oe674 (.const:ti_sysbios_knl_Semaphore_A_noEvents__C)
                  c00481f8    00000004     app_pe674.oe674 (.const:ti_sysbios_knl_Semaphore_A_overflow__C)
                  c00481fc    00000004     app_pe674.oe674 (.const:ti_sysbios_knl_Semaphore_A_pendTaskDisabled__C)
                  c0048200    00000004     app_pe674.oe674 (.const:ti_sysbios_knl_Semaphore_Instance_State_pendQ__O)
                  c0048204    00000004     app_pe674.oe674 (.const:ti_sysbios_knl_Semaphore_LM_pend__C)
                  c0048208    00000004     app_pe674.oe674 (.const:ti_sysbios_knl_Semaphore_LM_post__C)
                  c004820c    00000004     app_pe674.oe674 (.const:ti_sysbios_knl_Semaphore_Module__diagsEnabled__C)
                  c0048210    00000004     app_pe674.oe674 (.const:ti_sysbios_knl_Semaphore_Module__diagsIncluded__C)
                  c0048214    00000004     app_pe674.oe674 (.const:ti_sysbios_knl_Semaphore_Module__diagsMask__C)
                  c0048218    00000004     app_pe674.oe674 (.const:ti_sysbios_knl_Semaphore_Module__loggerFxn2__C)
                  c004821c    00000004     app_pe674.oe674 (.const:ti_sysbios_knl_Semaphore_Module__loggerFxn4__C)
                  c0048220    00000004     app_pe674.oe674 (.const:ti_sysbios_knl_Semaphore_Module__loggerObj__C)
                  c0048224    00000004     app_pe674.oe674 (.const:ti_sysbios_knl_Swi_LD_end__C)
                  c0048228    00000004     app_pe674.oe674 (.const:ti_sysbios_knl_Swi_LM_begin__C)
                  c004822c    00000004     app_pe674.oe674 (.const:ti_sysbios_knl_Swi_LM_post__C)
                  c0048230    00000004     app_pe674.oe674 (.const:ti_sysbios_knl_Swi_Module__diagsEnabled__C)
                  c0048234    00000004     app_pe674.oe674 (.const:ti_sysbios_knl_Swi_Module__diagsIncluded__C)
                  c0048238    00000004     app_pe674.oe674 (.const:ti_sysbios_knl_Swi_Module__diagsMask__C)
                  c004823c    00000004     app_pe674.oe674 (.const:ti_sysbios_knl_Swi_Module__loggerFxn1__C)
                  c0048240    00000004     app_pe674.oe674 (.const:ti_sysbios_knl_Swi_Module__loggerFxn4__C)
                  c0048244    00000004     app_pe674.oe674 (.const:ti_sysbios_knl_Swi_Module__loggerObj__C)
                  c0048248    00000004     app_pe674.oe674 (.const:ti_sysbios_knl_Swi_Object__count__C)
                  c004824c    00000004     app_pe674.oe674 (.const:ti_sysbios_knl_Task_A_badTimeout__C)
                  c0048250    00000004     app_pe674.oe674 (.const:ti_sysbios_knl_Task_A_sleepTaskDisabled__C)
                  c0048254    00000004     app_pe674.oe674 (.const:ti_sysbios_knl_Task_LD_block__C)
                  c0048258    00000004     app_pe674.oe674 (.const:ti_sysbios_knl_Task_LD_exit__C)
                  c004825c    00000004     app_pe674.oe674 (.const:ti_sysbios_knl_Task_LD_ready__C)
                  c0048260    00000004     app_pe674.oe674 (.const:ti_sysbios_knl_Task_LM_sleep__C)
                  c0048264    00000004     app_pe674.oe674 (.const:ti_sysbios_knl_Task_LM_switch__C)
                  c0048268    00000004     app_pe674.oe674 (.const:ti_sysbios_knl_Task_Module_State_inactiveQ__O)
                  c004826c    00000004     app_pe674.oe674 (.const:ti_sysbios_knl_Task_Module__diagsEnabled__C)
                  c0048270    00000004     app_pe674.oe674 (.const:ti_sysbios_knl_Task_Module__diagsIncluded__C)
                  c0048274    00000004     app_pe674.oe674 (.const:ti_sysbios_knl_Task_Module__diagsMask__C)
                  c0048278    00000004     app_pe674.oe674 (.const:ti_sysbios_knl_Task_Module__loggerFxn2__C)
                  c004827c    00000004     app_pe674.oe674 (.const:ti_sysbios_knl_Task_Module__loggerFxn4__C)
                  c0048280    00000004     app_pe674.oe674 (.const:ti_sysbios_knl_Task_Module__loggerObj__C)
                  c0048284    00000004     app_pe674.oe674 (.const:ti_sysbios_knl_Task_Object__count__C)
                  c0048288    00000004     app_pe674.oe674 (.const:ti_sysbios_knl_Task_allBlockedFunc__C)
                  c004828c    00000004     app_pe674.oe674 (.const:ti_sysbios_knl_Task_numConstructedTasks__C)
                  c0048290    00000004     app_pe674.oe674 (.const:ti_sysbios_timers_timer64_Timer_A_notAvailable__C)
                  c0048294    00000004     app_pe674.oe674 (.const:ti_sysbios_timers_timer64_Timer_E_cannotSupport__C)
                  c0048298    00000004     app_pe674.oe674 (.const:ti_sysbios_timers_timer64_Timer_Module__diagsEnabled__C)
                  c004829c    00000004     app_pe674.oe674 (.const:ti_sysbios_timers_timer64_Timer_Module__diagsIncluded__C)
                  c00482a0    00000004     app_pe674.oe674 (.const:ti_sysbios_timers_timer64_Timer_Module__diagsMask__C)
                  c00482a4    00000004     app_pe674.oe674 (.const:ti_sysbios_timers_timer64_Timer_anyMaskHigh__C)
                  c00482a8    00000004     app_pe674.oe674 (.const:ti_sysbios_timers_timer64_Timer_anyMask__C)
                  c00482ac    00000004     app_pe674.oe674 (.const:ti_sysbios_timers_timer64_Timer_freqDivisor__C)
                  c00482b0    00000004     app_pe674.oe674 (.const:ti_sysbios_timers_timer64_Timer_numLocalTimers__C)
                  c00482b4    00000004     app_pe674.oe674 (.const:ti_sysbios_timers_timer64_Timer_numTimerDevices__C)
                  c00482b8    00000004     app_pe674.oe674 (.const:xdc_runtime_Assert_E_assertFailed__C)
                  c00482bc    00000004     app_pe674.oe674 (.const:xdc_runtime_Core_A_initializedParams__C)
                  c00482c0    00000004     app_pe674.oe674 (.const:xdc_runtime_Core_Module__diagsEnabled__C)
                  c00482c4    00000004     app_pe674.oe674 (.const:xdc_runtime_Core_Module__diagsIncluded__C)
                  c00482c8    00000004     app_pe674.oe674 (.const:xdc_runtime_Core_Module__diagsMask__C)
                  c00482cc    00000004     app_pe674.oe674 (.const:xdc_runtime_Error_E_memory__C)
                  c00482d0    00000004     app_pe674.oe674 (.const:xdc_runtime_Error_Module__diagsEnabled__C)
                  c00482d4    00000004     app_pe674.oe674 (.const:xdc_runtime_Error_Module__diagsIncluded__C)
                  c00482d8    00000004     app_pe674.oe674 (.const:xdc_runtime_Error_Module__diagsMask__C)
                  c00482dc    00000004     app_pe674.oe674 (.const:xdc_runtime_Error_Module__loggerFxn8__C)
                  c00482e0    00000004     app_pe674.oe674 (.const:xdc_runtime_Error_Module__loggerObj__C)
                  c00482e4    00000004     app_pe674.oe674 (.const:xdc_runtime_Error_policyFxn__C)
                  c00482e8    00000004     app_pe674.oe674 (.const:xdc_runtime_Error_policy__C)
                  c00482ec    00000004     app_pe674.oe674 (.const:xdc_runtime_Error_raiseHook__C)
                  c00482f0    00000004     app_pe674.oe674 (.const:xdc_runtime_IGateProvider_Interface__BASE__C)
                  c00482f4    00000004     app_pe674.oe674 (.const:xdc_runtime_IHeap_Interface__BASE__C)
                  c00482f8    00000004     app_pe674.oe674 (.const:xdc_runtime_IModule_Interface__BASE__C)
                  c00482fc    00000004     app_pe674.oe674 (.const:xdc_runtime_Log_L_error__C)
                  c0048300    00000004     app_pe674.oe674 (.const:xdc_runtime_Memory_defaultHeapInstance__C)
                  c0048304    00000004     app_pe674.oe674 (.const:xdc_runtime_Startup_execImpl__C)
                  c0048308    00000004     app_pe674.oe674 (.const:xdc_runtime_Startup_maxPasses__C)
                  c004830c    00000004     app_pe674.oe674 (.const:xdc_runtime_Startup_sfxnRts__C)
                  c0048310    00000004     app_pe674.oe674 (.const:xdc_runtime_Startup_sfxnTab__C)
                  c0048314    00000004     app_pe674.oe674 (.const:xdc_runtime_System_Module__gateObj__C)
                  c0048318    00000004     app_pe674.oe674 (.const:xdc_runtime_System_abortFxn__C)
                  c004831c    00000004     app_pe674.oe674 (.const:xdc_runtime_System_exitFxn__C)
                  c0048320    00000004     app_pe674.oe674 (.const:xdc_runtime_System_extendFxn__C)
                  c0048324    00000004     app_pe674.oe674 (.const:xdc_runtime_System_maxAtexitHandlers__C)
                  c0048328    00000004     app_pe674.oe674 (.const:xdc_runtime_Text_charTab__C)
                  c004832c    00000004     app_pe674.oe674 (.const:xdc_runtime_Text_nameEmpty__C)
                  c0048330    00000004     app_pe674.oe674 (.const:xdc_runtime_Text_nameStatic__C)
                  c0048334    00000004     app_pe674.oe674 (.const:xdc_runtime_Text_nameUnknown__C)
                  c0048338    00000004     app_pe674.oe674 (.const:xdc_runtime_Text_nodeTab__C)
                  c004833c    00000004     app_pe674.oe674 (.const:xdc_runtime_Text_visitRopeFxn__C)
                  c0048340    00000002     app_pe674.oe674 (.const:ti_sysbios_family_c64p_Exception_Module__id__C)
                  c0048342    00000002     app_pe674.oe674 (.const:ti_sysbios_family_c64p_Exception_useInternalBuffer__C)
                  c0048344    00000002     app_pe674.oe674 (.const:ti_sysbios_family_c64p_Hwi_Module__id__C)
                  c0048346    00000002     app_pe674.oe674 (.const:ti_sysbios_family_c64p_Hwi_Module__loggerDefined__C)
                  c0048348    00000002     app_pe674.oe674 (.const:ti_sysbios_gates_GateMutex_Module__id__C)
                  c004834a    00000002     app_pe674.oe674 (.const:ti_sysbios_hal_Hwi_Module__id__C)
                  c004834c    00000002     app_pe674.oe674 (.const:ti_sysbios_heaps_HeapMem_Module__id__C)
                  c004834e    00000002     app_pe674.oe674 (.const:ti_sysbios_knl_Clock_Module__id__C)
                  c0048350    00000002     app_pe674.oe674 (.const:ti_sysbios_knl_Clock_Module__loggerDefined__C)
                  c0048352    00000002     app_pe674.oe674 (.const:ti_sysbios_knl_Semaphore_Module__id__C)
                  c0048354    00000002     app_pe674.oe674 (.const:ti_sysbios_knl_Semaphore_Module__loggerDefined__C)
                  c0048356    00000002     app_pe674.oe674 (.const:ti_sysbios_knl_Swi_Module__id__C)
                  c0048358    00000002     app_pe674.oe674 (.const:ti_sysbios_knl_Swi_Module__loggerDefined__C)
                  c004835a    00000002     app_pe674.oe674 (.const:ti_sysbios_knl_Task_Module__id__C)
                  c004835c    00000002     app_pe674.oe674 (.const:ti_sysbios_knl_Task_Module__loggerDefined__C)
                  c004835e    00000002     app_pe674.oe674 (.const:ti_sysbios_timers_timer64_Timer_Module__id__C)
                  c0048360    00000002     app_pe674.oe674 (.const:ti_sysbios_timers_timer64_Timer_startupNeeded__C)
                  c0048362    00000002     app_pe674.oe674 (.const:ti_sysbios_timers_timer64_Timer_useTimer64pRegMap__C)
                  c0048364    00000002     app_pe674.oe674 (.const:xdc_runtime_Core_Module__id__C)
                  c0048366    00000002     app_pe674.oe674 (.const:xdc_runtime_Error_Module__loggerDefined__C)
                  c0048368    00000002     app_pe674.oe674 (.const:xdc_runtime_Error_maxDepth__C)
                  c004836a    00000002     app_pe674.oe674 (.const:xdc_runtime_Main_Module__id__C)
                  c004836c    00000002     app_pe674.oe674 (.const:xdc_runtime_Memory_Module__id__C)
                  c004836e    00000002     app_pe674.oe674 (.const:xdc_runtime_Text_charCnt__C)
                  c0048370    00000002     app_pe674.oe674 (.const:xdc_runtime_Text_isLoaded__C)
                  c0048372    00000002     app_pe674.oe674 (.const:xdc_runtime_Text_registryModsLastId__C)
                  c0048374    00000002     app_pe674.oe674 (.const:xdc_runtime_Text_unnamedModsLastId__C)

.far       0    c0048378    00001b80     UNINITIALIZED
                  c0048378    00001800     app_pe674.oe674 (.far:taskStackSection)
                  c0049b78    00000198     (.common:UartObjects)
                  c0049d10    00000140     (.common:__TI_tmpnams)
                  c0049e50    00000098     (.common:I2cObjects)
                  c0049ee8    00000008     (.common:parmbuf)
                  c0049ef0    00000008     (.common:uart_stdio)

.fardata   0    c004aef8    00000d3e     UNINITIALIZED
                  c004aef8    00000400     app_pe674.oe674 (.fardata:ti_sysbios_family_c64p_EventCombiner_Module__state__V)
                  c004b2f8    000001e0     rts6740_elf.lib : defs.obj (.fardata:_ftable)
                  c004b4d8    000000f0     ti.drv.uart.ae674 : UART_soc.oe674 (.fardata:uartInitCfg)
                  c004b5c8    000000a0     rts6740_elf.lib : write.obj (.fardata:_stream)
                  c004b668    00000098     app_pe674.oe674 (.fardata:ti_sysbios_knl_Task_Object__table__V)
                  c004b700    00000080     app_pe674.oe674 (.fardata:ti_sysbios_knl_Swi_Module_State_0_readyQ__A)
                  c004b780    00000078     rts6740_elf.lib : write.obj (.fardata:_device)
                  c004b7f8    0000006c     app_pe674.oe674 (.fardata:ti_sysbios_family_c64p_Hwi_Module__state__V)
                  c004b864    00000004     rts6740_elf.lib : _lock.obj (.fardata:_lock)
                  c004b868    00000060     app_pe674.oe674 (.fardata:ti_sysbios_timers_timer64_Timer_Module_State_0_device__A)
                  c004b8c8    00000050     app_pe674.oe674 (.fardata:ti_sysbios_timers_timer64_Timer_Object__table__V)
                  c004b918    00000048     ti.drv.i2c.ae674 : I2C_soc.oe674 (.fardata:i2cInitCfg)
                  c004b960    00000044     app_pe674.oe674 (.fardata:ti_sysbios_knl_Task_Module__state__V)
                  c004b9a4    00000004     rts6740_elf.lib : _lock.obj (.fardata:_unlock)
                  c004b9a8    00000040     app_pe674.oe674 (.fardata:ti_sysbios_gates_GateMutex_Object__table__V)
                  c004b9e8    00000030     app_pe674.oe674 (.fardata:ti_sysbios_family_c64p_Exception_Module__state__V)
                  c004ba18    00000030     app_pe674.oe674 (.fardata:ti_sysbios_knl_Swi_Object__table__V)
                  c004ba48    0000002c     app_pe674.oe674 (.fardata:ti_sysbios_knl_Clock_Module__state__V)
                  c004ba74    00000024     app_pe674.oe674 (.fardata:ti_sysbios_BIOS_Module__state__V)
                  c004ba98    00000020     app_pe674.oe674 (.fardata:ti_sysbios_knl_Task_Module_State_0_readyQ__A)
                  c004bab8    00000020     app_pe674.oe674 (.fardata:ti_sysbios_timers_timer64_Timer_Module_State_0_gctrl__A)
                  c004bad8    00000020     app_pe674.oe674 (.fardata:ti_sysbios_timers_timer64_Timer_Module_State_0_handles__A)
                  c004baf8    00000020     app_pe674.oe674 (.fardata:ti_sysbios_timers_timer64_Timer_Module_State_0_intFreqs__A)
                  c004bb18    00000020     app_pe674.oe674 (.fardata:xdc_runtime_System_Module_State_0_atexitHandlers__A)
                  c004bb38    0000001c     app_pe674.oe674 (.fardata:ti_sysbios_knl_Swi_Module__state__V)
                  c004bb54    00000018     ti.osal.ae674 : Utils_tirtos.oe674 (.fardata)
                  c004bb6c    00000004     rts6740_elf.lib : defs.obj (.fardata)
                  c004bb70    00000018     app_pe674.oe674 (.fardata:ti_sysbios_family_c64p_Hwi_Object__table__V)
                  c004bb88    00000018     app_pe674.oe674 (.fardata:ti_sysbios_heaps_HeapMem_Object__table__V)
                  c004bba0    00000018     app_pe674.oe674 (.fardata:ti_sysbios_timers_timer64_Timer_Module__state__V)
                  c004bbb8    0000000c     rts6740_elf.lib : exit.obj (.fardata)
                  c004bbc4    00000008     app_pe674.oe674 (.fardata:ti_sysbios_family_c64p_Hwi_Module__root__V)
                  c004bbcc    00000004     app_pe674.oe674 (.fardata:ti_sysbios_family_c64p_Cache_Module__state__V)
                  c004bbd0    00000008     app_pe674.oe674 (.fardata:ti_sysbios_family_c64p_primus_TimerSupport_Module_State_0_suspSrc__A)
                  c004bbd8    00000008     app_pe674.oe674 (.fardata:ti_sysbios_gates_GateHwi_Module__root__V)
                  c004bbe0    00000008     app_pe674.oe674 (.fardata:ti_sysbios_gates_GateMutex_Module__root__V)
                  c004bbe8    00000008     app_pe674.oe674 (.fardata:ti_sysbios_hal_Hwi_Object__table__V)
                  c004bbf0    00000008     app_pe674.oe674 (.fardata:ti_sysbios_heaps_HeapMem_Module__root__V)
                  c004bbf8    00000008     app_pe674.oe674 (.fardata:ti_sysbios_knl_Queue_Module__root__V)
                  c004bc00    00000008     app_pe674.oe674 (.fardata:ti_sysbios_knl_Semaphore_Module__root__V)
                  c004bc08    00000008     app_pe674.oe674 (.fardata:xdc_runtime_Registry_Module__state__V)
                  c004bc10    00000008     app_pe674.oe674 (.fardata:xdc_runtime_Startup_Module__state__V)
                  c004bc18    00000008     app_pe674.oe674 (.fardata:xdc_runtime_System_Module__state__V)
                  c004bc20    00000004     app_pe674.oe674 (.fardata:ti_sysbios_family_c64p_primus_TimerSupport_Module__state__V)
                  c004bc24    00000004     app_pe674.oe674 (.fardata:ti_sysbios_heaps_HeapBuf_Module__state__V)
                  c004bc28    00000004     app_pe674.oe674 (.fardata:ti_sysbios_gates_GateHwi_Object__table__V)
                  c004bc2c    00000004     app_pe674.oe674 (.fardata:xdc_runtime_Memory_Module__state__V)
                  c004bc30    00000004     app_pe674.oe674 (.fardata:ti_sysbios_knl_Task_Module_State_0_idleTask__A)
                  c004bc34    00000002     app_pe674.oe674 (.fardata:xdc_runtime_Error_Module__state__V)

.cio       0    c004bc38    00000120     UNINITIALIZED
                  c004bc38    00000120     rts6740_elf.lib : trgmsg.obj (.cio)

.switch    0    c004bd58    0000003c     
                  c004bd58    00000024     ti.drv.uart.ae674 : UART_stdio.oe674 (.switch:UART_printf)
                  c004bd7c    00000018     ti.drv.i2c.ae674 : I2C_v0.oe674 (.switch:I2C_v0_hwiFxn$0)

MODULE SUMMARY

       Module                        code    ro data   rw data
       ------                        ----    -------   -------
    .\
       main.obj                      448     56        0      
    +--+-----------------------------+-------+---------+---------+
       Total:                        448     56        0      
                                                              
    D:\Users\zhuji\Projects\CCD\SY18-201708\DSP\i2cTest\Debug\configPkg\package\cfg\
       app_pe674.oe674               4480    7909      213214 
    +--+-----------------------------+-------+---------+---------+
       Total:                        4480    7909      213214 
                                                              
    D:\Users\zhuji\Projects\CCD\SY18-201708\DSP\i2cTest\src\sysbios\sysbios.ae674
       BIOS.obj                      30944   1304      0      
       c64p_Hwi_disp_always.obj      512     0         0      
       c64p_Exception_asm.obj        384     0         0      
       c62_TaskSupport_asm.obj       224     0         0      
       c64p_Hwi_asm_switch.obj       192     0         0      
       c64p_Hwi_asm.obj              160     0         0      
    +--+-----------------------------+-------+---------+---------+
       Total:                        32416   1304      0      
                                                              
    D:\ti\bios_6_46_05_55\packages\ti\targets\rts6000\lib\boot.ae674
       autoinit.oe674                320     0         0      
       boot.oe674                    160     0         0      
    +--+-----------------------------+-------+---------+---------+
       Total:                        480     0         0      
                                                              
    D:\ti\bios_6_46_05_55\packages\ti\targets\rts6000\lib\ti.targets.rts6000.ae674
       System.oe674                  3232    25        0      
       Text.oe674                    1696    64        0      
       Error.oe674                   1056    88        0      
       Core-mem.oe674                832     0         0      
       Startup.oe674                 768     44        0      
       Memory.oe674                  448     0         0      
       Core-smem.oe674               384     0         0      
       SysStd.oe674                  192     0         0      
       Assert.oe674                  160     4         0      
       Core-label.oe674              128     0         0      
       Core-params.oe674             128     0         0      
       Gate.oe674                    64      0         0      
       Registry.oe674                64      0         0      
    +--+-----------------------------+-------+---------+---------+
       Total:                        9152    225       0      
                                                              
    D:\ti\ccsv7\tools\compiler\ti-cgt-c6000_8.2.1\lib\rts6740_elf.lib
       defs.obj                      0       0         804    
       imath64.obj                   704     0         0      
       fputc.obj                     576     0         0      
       setvbuf.obj                   544     0         0      
       fflush.obj                    512     0         0      
       trgmsg.obj                    224     0         288    
       getdevice.obj                 448     0         0      
       hostrename.obj                416     0         0      
       write.obj                     96      0         280    
       fclose.obj                    320     0         0      
       copy_decompress_rle.obj       288     0         0      
       fseek.obj                     288     0         0      
       exit.obj                      256     0         12     
       _io_perm.obj                  256     0         0      
[...]
c0048130  ti_sysbios_family_c64p_EventCombiner_Module__diagsMask__C           
c0048134  ti_sysbios_family_c64p_Exception_E_exceptionMax__C                  
c0048138  ti_sysbios_family_c64p_Exception_exceptionHook__C                   
c004813c  ti_sysbios_family_c64p_Exception_externalHook__C                    
c0048140  ti_sysbios_family_c64p_Exception_internalHook__C                    
c0048144  ti_sysbios_family_c64p_Exception_nmiHook__C                         
c0048148  ti_sysbios_family_c64p_Hwi_E_alreadyDefined__C                      
c004814c  ti_sysbios_family_c64p_Hwi_E_handleNotFound__C                      
c0048150  ti_sysbios_family_c64p_Hwi_E_invalidIntNum__C                       
c0048154  ti_sysbios_family_c64p_Hwi_LD_end__C                                
c0048158  ti_sysbios_family_c64p_Hwi_LM_begin__C                              
c004815c  ti_sysbios_family_c64p_Hwi_Module__diagsEnabled__C                  
c0048160  ti_sysbios_family_c64p_Hwi_Module__diagsIncluded__C                 
c0048164  ti_sysbios_family_c64p_Hwi_Module__diagsMask__C                     
c0048168  ti_sysbios_family_c64p_Hwi_Module__loggerFxn1__C                    
c004816c  ti_sysbios_family_c64p_Hwi_Module__loggerFxn8__C                    
c0048170  ti_sysbios_family_c64p_Hwi_Module__loggerObj__C                     
c0048174  ti_sysbios_gates_GateMutex_A_badContext__C                          
c0048178  ti_sysbios_gates_GateMutex_Instance_State_sem__O                    
c004817c  ti_sysbios_gates_GateMutex_Module__diagsEnabled__C                  
c0048180  ti_sysbios_gates_GateMutex_Module__diagsIncluded__C                 
c0048184  ti_sysbios_gates_GateMutex_Module__diagsMask__C                     
c0048188  ti_sysbios_hal_Hwi_E_stackOverflow__C                               
c004818c  ti_sysbios_heaps_HeapBuf_Instance_State_freeList__O                 
c0048190  ti_sysbios_heaps_HeapBuf_Object__count__C                           
c0048194  ti_sysbios_heaps_HeapBuf_numConstructedHeaps__C                     
c0048198  ti_sysbios_heaps_HeapMem_A_align__C                                 
c004819c  ti_sysbios_heaps_HeapMem_A_heapSize__C                              
c00481a0  ti_sysbios_heaps_HeapMem_A_invalidFree__C                           
c00481a4  ti_sysbios_heaps_HeapMem_A_zeroBlock__C                             
c00481a8  ti_sysbios_heaps_HeapMem_E_memory__C                                
c00481ac  ti_sysbios_heaps_HeapMem_Module__diagsEnabled__C                    
c00481b0  ti_sysbios_heaps_HeapMem_Module__diagsIncluded__C                   
c00481b4  ti_sysbios_heaps_HeapMem_Module__diagsMask__C                       
c00481b8  ti_sysbios_heaps_HeapMem_Module__gateObj__C                         
c00481bc  ti_sysbios_heaps_HeapMem_Object__count__C                           
c00481c0  ti_sysbios_heaps_HeapMem_reqAlign__C                                
c00481c4  ti_sysbios_knl_Clock_LM_begin__C                                    
c00481c8  ti_sysbios_knl_Clock_LM_tick__C                                     
c00481cc  ti_sysbios_knl_Clock_LW_delayed__C                                  
c00481d0  ti_sysbios_knl_Clock_Module_State_clockQ__O                         
c00481d4  ti_sysbios_knl_Clock_Module__diagsEnabled__C                        
c00481d8  ti_sysbios_knl_Clock_Module__diagsIncluded__C                       
c00481dc  ti_sysbios_knl_Clock_Module__diagsMask__C                           
c00481e0  ti_sysbios_knl_Clock_Module__loggerFxn1__C                          
c00481e4  ti_sysbios_knl_Clock_Module__loggerFxn2__C                          
c00481e8  ti_sysbios_knl_Clock_Module__loggerObj__C                           
c00481ec  ti_sysbios_knl_Semaphore_A_badContext__C                            
c00481f0  ti_sysbios_knl_Idle_funcList__A                                     
c00481f4  ti_sysbios_knl_Semaphore_A_noEvents__C                              
c00481f8  ti_sysbios_knl_Semaphore_A_overflow__C                              
c00481fc  ti_sysbios_knl_Semaphore_A_pendTaskDisabled__C                      
c0048200  ti_sysbios_knl_Semaphore_Instance_State_pendQ__O                    
c0048204  ti_sysbios_knl_Semaphore_LM_pend__C                                 
c0048208  ti_sysbios_knl_Semaphore_LM_post__C                                 
c004820c  ti_sysbios_knl_Semaphore_Module__diagsEnabled__C                    
c0048210  ti_sysbios_knl_Semaphore_Module__diagsIncluded__C                   
c0048214  ti_sysbios_knl_Semaphore_Module__diagsMask__C                       
c0048218  ti_sysbios_knl_Semaphore_Module__loggerFxn2__C                      
c004821c  ti_sysbios_knl_Semaphore_Module__loggerFxn4__C                      
c0048220  ti_sysbios_knl_Semaphore_Module__loggerObj__C                       
c0048224  ti_sysbios_knl_Swi_LD_end__C                                        
c0048228  ti_sysbios_knl_Swi_LM_begin__C                                      
c004822c  ti_sysbios_knl_Swi_LM_post__C                                       
c0048230  ti_sysbios_knl_Swi_Module__diagsEnabled__C                          
c0048234  ti_sysbios_knl_Swi_Module__diagsIncluded__C                         
c0048238  ti_sysbios_knl_Swi_Module__diagsMask__C                             
c004823c  ti_sysbios_knl_Swi_Module__loggerFxn1__C                            
c0048240  ti_sysbios_knl_Swi_Module__loggerFxn4__C                            
c0048244  ti_sysbios_knl_Swi_Module__loggerObj__C                             
c0048248  ti_sysbios_knl_Swi_Object__count__C                                 
c004824c  ti_sysbios_knl_Task_A_badTimeout__C                                 
c0048250  ti_sysbios_knl_Task_A_sleepTaskDisabled__C                          
c0048254  ti_sysbios_knl_Task_LD_block__C                                     
c0048258  ti_sysbios_knl_Task_LD_exit__C                                      
c004825c  ti_sysbios_knl_Task_LD_ready__C                                     
c0048260  ti_sysbios_knl_Task_LM_sleep__C                                     
c0048264  ti_sysbios_knl_Task_LM_switch__C                                    
c0048268  ti_sysbios_knl_Task_Module_State_inactiveQ__O                       
c004826c  ti_sysbios_knl_Task_Module__diagsEnabled__C                         
c0048270  ti_sysbios_knl_Task_Module__diagsIncluded__C                        
c0048274  ti_sysbios_knl_Task_Module__diagsMask__C                            
c0048278  ti_sysbios_knl_Task_Module__loggerFxn2__C                           
c004827c  ti_sysbios_knl_Task_Module__loggerFxn4__C                           
c0048280  ti_sysbios_knl_Task_Module__loggerObj__C                            
c0048284  ti_sysbios_knl_Task_Object__count__C                                
c0048288  ti_sysbios_knl_Task_allBlockedFunc__C                               
c004828c  ti_sysbios_knl_Task_numConstructedTasks__C                          
c0048290  ti_sysbios_timers_timer64_Timer_A_notAvailable__C                   
c0048294  ti_sysbios_timers_timer64_Timer_E_cannotSupport__C                  
c0048298  ti_sysbios_timers_timer64_Timer_Module__diagsEnabled__C             
c004829c  ti_sysbios_timers_timer64_Timer_Module__diagsIncluded__C            
c00482a0  ti_sysbios_timers_timer64_Timer_Module__diagsMask__C                
c00482a4  ti_sysbios_timers_timer64_Timer_anyMaskHigh__C                      
c00482a8  ti_sysbios_timers_timer64_Timer_anyMask__C                          
c00482ac  ti_sysbios_timers_timer64_Timer_freqDivisor__C                      
c00482b0  ti_sysbios_timers_timer64_Timer_numLocalTimers__C                   
c00482b4  ti_sysbios_timers_timer64_Timer_numTimerDevices__C                  
c00482b8  xdc_runtime_Assert_E_assertFailed__C                                
c00482bc  xdc_runtime_Core_A_initializedParams__C                             
c00482c0  xdc_runtime_Core_Module__diagsEnabled__C                            
c00482c4  xdc_runtime_Core_Module__diagsIncluded__C                           
c00482c8  xdc_runtime_Core_Module__diagsMask__C                               
c00482cc  xdc_runtime_Error_E_memory__C                                       
c00482d0  xdc_runtime_Error_Module__diagsEnabled__C                           
c00482d4  xdc_runtime_Error_Module__diagsIncluded__C                          
c00482d8  xdc_runtime_Error_Module__diagsMask__C                              
c00482dc  xdc_runtime_Error_Module__loggerFxn8__C                             
c00482e0  xdc_runtime_Error_Module__loggerObj__C                              
c00482e4  xdc_runtime_Error_policyFxn__C                                      
c00482e8  xdc_runtime_Error_policy__C                                         
c00482ec  xdc_runtime_Error_raiseHook__C                                      
c00482f0  xdc_runtime_IGateProvider_Interface__BASE__C                        
c00482f4  xdc_runtime_IHeap_Interface__BASE__C                                
c00482f8  xdc_runtime_IModule_Interface__BASE__C                              
c00482fc  xdc_runtime_Log_L_error__C                                          
c0048300  xdc_runtime_Memory_defaultHeapInstance__C                           
c0048304  xdc_runtime_Startup_execImpl__C                                     
c0048308  xdc_runtime_Startup_maxPasses__C                                    
c004830c  xdc_runtime_Startup_sfxnRts__C                                      
c0048310  xdc_runtime_Startup_sfxnTab__C                                      
c0048314  xdc_runtime_System_Module__gateObj__C                               
c0048318  xdc_runtime_System_abortFxn__C                                      
c004831c  xdc_runtime_System_exitFxn__C                                       
c0048320  xdc_runtime_System_extendFxn__C                                     
c0048324  xdc_runtime_System_maxAtexitHandlers__C                             
c0048328  xdc_runtime_Text_charTab__C                                         
c004832c  xdc_runtime_Text_nameEmpty__C                                       
c0048330  xdc_runtime_Text_nameStatic__C                                      
c0048334  xdc_runtime_Text_nameUnknown__C                                     
c0048338  xdc_runtime_Text_nodeTab__C                                         
c004833c  xdc_runtime_Text_visitRopeFxn__C                                    
c0048340  ti_sysbios_family_c64p_Exception_Module__id__C                      
c0048342  ti_sysbios_family_c64p_Exception_useInternalBuffer__C               
c0048344  ti_sysbios_family_c64p_Hwi_Module__id__C                            
c0048346  ti_sysbios_family_c64p_Hwi_Module__loggerDefined__C                 
c0048348  ti_sysbios_gates_GateMutex_Module__id__C                            
c004834a  ti_sysbios_hal_Hwi_Module__id__C                                    
c004834c  ti_sysbios_heaps_HeapMem_Module__id__C                              
c004834e  ti_sysbios_knl_Clock_Module__id__C                                  
c0048350  ti_sysbios_knl_Clock_Module__loggerDefined__C                       
c0048352  ti_sysbios_knl_Semaphore_Module__id__C                              
c0048354  ti_sysbios_knl_Semaphore_Module__loggerDefined__C                   
c0048356  ti_sysbios_knl_Swi_Module__id__C                                    
c0048358  ti_sysbios_knl_Swi_Module__loggerDefined__C                         
c004835a  ti_sysbios_knl_Task_Module__id__C                                   
c004835c  ti_sysbios_knl_Task_Module__loggerDefined__C                        
c004835e  ti_sysbios_timers_timer64_Timer_Module__id__C                       
c0048360  ti_sysbios_timers_timer64_Timer_startupNeeded__C                    
c0048362  ti_sysbios_timers_timer64_Timer_useTimer64pRegMap__C                
c0048364  xdc_runtime_Core_Module__id__C                                      
c0048366  xdc_runtime_Error_Module__loggerDefined__C                          
c0048368  xdc_runtime_Error_maxDepth__C                                       
c004836a  xdc_runtime_Main_Module__id__C                                      
c004836c  xdc_runtime_Memory_Module__id__C                                    
c004836e  xdc_runtime_Text_charCnt__C                                         
c0048370  xdc_runtime_Text_isLoaded__C                                        
c0048372  xdc_runtime_Text_registryModsLastId__C                              
c0048374  xdc_runtime_Text_unnamedModsLastId__C                               
c0048378  ti_sysbios_knl_Task_Instance_State_0_stack__A                       
c0049378  ti_sysbios_knl_Task_Instance_State_1_stack__A                       
c0049b78  UartObjects                                                         
c0049d10  __TI_tmpnams                                                        
c0049e50  I2cObjects                                                          
c0049ee8  parmbuf                                                             
c0049ef0  uart_stdio                                                          
c0049ef8  _stack                                                              
c004aef8  __TI_STACK_END                                                      
c004aef8  ti_sysbios_family_c64p_EventCombiner_Module__state__V               
c004b2f8  _ftable                                                             
c004b4d8  uartInitCfg                                                         
c004b5c8  _stream                                                             
c004b668  ti_sysbios_knl_Task_Object__table__V                                
c004b700  ti_sysbios_knl_Swi_Module_State_0_readyQ__A                         
c004b780  _device                                                             
c004b7f8  ti_sysbios_family_c64p_Hwi_Module__state__V                         
c004b864  _lock                                                               
c004b868  ti_sysbios_timers_timer64_Timer_Module_State_0_device__A            
c004b8c8  ti_sysbios_timers_timer64_Timer_Object__table__V                    
c004b918  i2cInitCfg                                                          
c004b960  ti_sysbios_knl_Task_Module__state__V                                
c004b9a4  _unlock                                                             
c004b9a8  ti_sysbios_gates_GateMutex_Object__table__V                         
c004b9e8  ti_sysbios_family_c64p_Exception_Module__state__V                   
c004ba18  ti_sysbios_knl_Swi_Object__table__V                                 
c004ba48  ti_sysbios_knl_Clock_Module__state__V                               
c004ba74  ti_sysbios_BIOS_Module__state__V                                    
c004ba98  ti_sysbios_knl_Task_Module_State_0_readyQ__A                        
c004bab8  ti_sysbios_timers_timer64_Timer_Module_State_0_gctrl__A             
c004bad8  ti_sysbios_timers_timer64_Timer_Module_State_0_handles__A           
c004baf8  ti_sysbios_timers_timer64_Timer_Module_State_0_intFreqs__A          
c004bb18  xdc_runtime_System_Module_State_0_atexitHandlers__A                 
c004bb38  ti_sysbios_knl_Swi_Module__state__V                                 
c004bb54  gOsal_HwAttrs                                                       
c004bb6c  __TI_ft_end                                                         
c004bb70  ti_sysbios_family_c64p_Hwi_Object__table__V                         
c004bb88  ti_sysbios_heaps_HeapMem_Object__table__V                           
c004bba0  ti_sysbios_timers_timer64_Timer_Module__state__V                    
c004bbb8  __TI_cleanup_ptr                                                    
c004bbbc  __TI_dtors_ptr                                                      
c004bbc0  __TI_enable_exit_profile_output                                     
c004bbc4  ti_sysbios_family_c64p_Hwi_Module__root__V                          
c004bbcc  ti_sysbios_family_c64p_Cache_Module__state__V                       
c004bbd0  ti_sysbios_family_c64p_primus_TimerSupport_Module_State_0_suspSrc__A
c004bbd8  ti_sysbios_gates_GateHwi_Module__root__V                            
c004bbe0  ti_sysbios_gates_GateMutex_Module__root__V                          
c004bbe8  ti_sysbios_hal_Hwi_Object__table__V                                 
c004bbf0  ti_sysbios_heaps_HeapMem_Module__root__V                            
c004bbf8  ti_sysbios_knl_Queue_Module__root__V                                
c004bc00  ti_sysbios_knl_Semaphore_Module__root__V                            
c004bc08  xdc_runtime_Registry_Module__state__V                               
c004bc10  xdc_runtime_Startup_Module__state__V                                
c004bc18  xdc_runtime_System_Module__state__V                                 
c004bc20  ti_sysbios_family_c64p_primus_TimerSupport_Module__state__V         
c004bc24  ti_sysbios_heaps_HeapBuf_Module__state__V                           
c004bc28  ti_sysbios_gates_GateHwi_Object__table__V                           
c004bc2c  xdc_runtime_Memory_Module__state__V                                 
c004bc30  ti_sysbios_knl_Task_Module_State_0_idleTask__A                      
c004bc34  xdc_runtime_Error_Module__state__V                                  
c004bc38  __CIOBUF_                                                           
c004bd94  __TI_STATIC_BASE                                                    
c004c000  ti_sysbios_family_c64p_Hwi0                                         
c004c000  ti_sysbios_family_c64p_Hwi_int0                                     
c004c020  ti_sysbios_family_c64p_Hwi_int1                                     
c004c040  ti_sysbios_family_c64p_Hwi_int2                                     
c004c060  ti_sysbios_family_c64p_Hwi_int3                                     
c004c080  ti_sysbios_family_c64p_Hwi_int4                                     
c004c0a0  ti_sysbios_family_c64p_Hwi_int5                                     
c004c0c0  ti_sysbios_family_c64p_Hwi_int6                                     
c004c0e0  ti_sysbios_family_c64p_Hwi_int7                                     
c004c100  ti_sysbios_family_c64p_Hwi_int8                                     
c004c120  ti_sysbios_family_c64p_Hwi_int9                                     
c004c140  ti_sysbios_family_c64p_Hwi_int10                                    
c004c160  ti_sysbios_family_c64p_Hwi_int11                                    
c004c180  ti_sysbios_family_c64p_Hwi_int12                                    
c004c1a0  ti_sysbios_family_c64p_Hwi_int13                                    
c004c1c0  ti_sysbios_family_c64p_Hwi_int14                                    
c004c1e0  ti_sysbios_family_c64p_Hwi_int15                                    
c004ca98  __TI_Handler_Table_Base                                             
c004caa0  __TI_CINIT_Base                                                     
c004caa0  __TI_Handler_Table_Limit                                            
c004cac0  __TI_CINIT_Limit                                                    
ffffffff  __TI_pprof_out_hndl                                                 
ffffffff  __TI_prof_data_size                                                 
ffffffff  __TI_prof_data_start                                                
ffffffff  __binit__                                                           
ffffffff  __c_args__                                                          
ffffffff  binit                                                               
UNDEFED   __TI_INITARRAY_Base                                                 
UNDEFED   __TI_INITARRAY_Limit                                                
UNDEFED   __TI_TLS_INIT_Base                                                  
UNDEFED   __TI_TLS_INIT_Limit                                                 

[726 symbols]
