******************************************************************************
               TMS320C6x Linker PC v8.2.1                      
******************************************************************************
>> Linked Thu Sep 21 11:36:46 2017

OUTPUT FILE NAME:   <spiTest.out>
ENTRY POINT SYMBOL: "_c_int00"  address: c01744c0


MEMORY CONFIGURATION

         name            origin    length      used     unused   attr    fill
----------------------  --------  ---------  --------  --------  ----  --------
  IROM                  11700000   00100000  00000000  00100000  R  X
  IRAM                  11800000   00040000  00000000  00040000  RW X
  L3_CBA_RAM            80000000   00020000  00000000  00020000  RW X
  DDR                   c0000000   08000000  0017d9c4  07e8263c  RWIX


SEGMENT ALLOCATION MAP

run origin  load origin   length   init length attrs members
----------  ----------- ---------- ----------- ----- -------
c0000000    c0000000    00164b78   00000000    rw-
  c0000000    c0000000    00100b78   00000000    rw- .far
  c0100b78    c0100b78    00064000   00000000    rw- systemHeap
c0164b78    c0164b78    00000008   00000008    r--
  c0164b78    c0164b78    00000008   00000008    r-- .const.1
c0164b80    c0164b80    0001645e   0001645e    r-x
  c0164b80    c0164b80    00013d40   00013d40    r-x .text
  c01788c0    c01788c0    0000271e   0000271e    r-- .const.2
c017afe0    c017afe0    00001eb0   00000000    rw-
  c017afe0    c017afe0    00001000   00000000    rw- .stack
  c017bfe0    c017bfe0    00000d8e   00000000    rw- .fardata
  c017cd70    c017cd70    00000120   00000000    rw- .cio
c017ce90    c017ce90    0000004c   0000004c    r--
  c017ce90    c017ce90    0000004c   0000004c    r-- .switch
c017cedc    c017cedc    0000000c   00000000    rw-
  c017cedc    c017cedc    0000000c   00000000    rw- .neardata
c017d000    c017d000    00000ae0   00000ae0    r-x
  c017d000    c017d000    00000200   00000200    r-x .vecs
  c017d200    c017d200    000008e0   000008e0    r-- .cinit


SECTION ALLOCATION MAP

 output                                  attributes/
section   page    origin      length       input sections
--------  ----  ----------  ----------   ----------------
.stack     0    c017afe0    00001000     UNINITIALIZED
                  c017afe0    00000008     boot.ae674 : boot.oe674 (.stack)
                  c017afe8    00000ff8     --HOLE--

.bss       0    c017cedc    00000000     UNINITIALIZED

.neardata 
*          0    c017cedc    0000000c     UNINITIALIZED
                  c017cedc    00000008     ti.drv.spi.ae674 : SPI_drv.oe674 (.neardata)
                  c017cee4    00000004     ti.drv.uart.ae674 : UART_drv.oe674 (.neardata)

.rodata    0    c017cee8    00000000     UNINITIALIZED

.cinit     0    c017d200    000008e0     
                  c017d200    0000088b     (.cinit..fardata.load) [load image, compression = rle]
                  c017da8b    0000000f     (.cinit..neardata.load) [load image, compression = rle]
                  c017da9a    0000000d     (.cinit..far.load) [load image, compression = rle]
                  c017daa7    0000000d     (.cinit.systemHeap.load) [load image, compression = rle]
                  c017dab4    00000008     (__TI_handler_table)
                  c017dabc    00000004     --HOLE-- [fill = 0]
                  c017dac0    00000020     (__TI_cinit_table)

.init_array 
*          0    c0000000    00000000     UNINITIALIZED

systemHeap 
*          0    c0100b78    00064000     UNINITIALIZED
                  c0100b78    00064000     app_pe674.oe674 (systemHeap)

.vecs      0    c017d000    00000200     
                  c017d000    00000200     app_pe674.oe674 (.vecs)

xdc.meta   0    c0000000    000000f8     COPY SECTION
                  c0000000    000000f8     app_pe674.oe674 (xdc.meta)

.far       0    c0000000    00100b78     UNINITIALIZED
                  c0000000    00100800     app_pe674.oe674 (.far:taskStackSection)
                  c0100800    00000198     (.common:UartObjects)
                  c0100998    00000140     (.common:__TI_tmpnams)
                  c0100ad8    00000090     (.common:SpiObjects)
                  c0100b68    00000008     (.common:parmbuf)
                  c0100b70    00000008     (.common:uart_stdio)

.const.1   0    c0164b78    00000008     
                  c0164b78    00000008     ti.targets.rts6000.ae674 : System.oe674 (.const:.string)

.text      0    c0164b80    00013d40     
                  c0164b80    00000ae0     ti.drv.uart.ae674 : UART_stdio.oe674 (.text:UART_printf)
                  c0165660    000008a0     ti.targets.rts6000.ae674 : System.oe674 (.text:xdc_runtime_System_doPrint__I)
                  c0165f00    00000780     sysbios.ae674 : BIOS.obj (.text:ti_sysbios_family_c64p_Exception_handler__I)
                  c0166680    00000740                   : BIOS.obj (.text:ti_sysbios_knl_Semaphore_pend__E)
                  c0166dc0    000006c0                   : BIOS.obj (.text:ti_sysbios_timers_timer64_Timer_Module_startup__E)
                  c0167480    00000660     ti.drv.uart.ae674 : UART_v0.oe674 (.text:UART_v0_hwiIntFxn$0)
                  c0167ae0    00000640     sysbios.ae674 : BIOS.obj (.text:ti_sysbios_heaps_HeapMem_allocUnprotected__E)
                  c0168120    000005c0     ti.drv.spi.ae674 : SPI_v0.oe674 (.text:SPI_open_v0$0)
                  c01686e0    000005a0     sysbios.ae674 : BIOS.obj (.text:ti_sysbios_heaps_HeapMem_freeUnprotected__E)
                  c0168c80    00000500                   : BIOS.obj (.text:ti_sysbios_family_c64p_Cache_Module_startup__E)
                  c0169180    000004a0     ti.drv.spi.ae674 : SPI_v0.oe674 (.text:SPI_v0_hwiFxn$0)
                  c0169620    00000460     sysbios.ae674 : BIOS.obj (.text:ti_sysbios_knl_Task_sleep__E)
                  c0169a80    00000420     ti.drv.uart.ae674 : UART_v0.oe674 (.text:UART_write2_v0$0)
                  c0169ea0    000003e0     ti.drv.spi.ae674 : SPI_v0.oe674 (.text:SPI_transfer_v0$0)
                  c016a280    000003c0     ti.drv.uart.ae674 : UART_v0.oe674 (.text:UART_read2_v0$0)
                  c016a640    00000360                       : UART_v0.oe674 (.text:UART_open_v0$0)
                  c016a9a0    00000340     sysbios.ae674 : BIOS.obj (.text:ti_sysbios_timers_timer64_Timer_deviceConfig__I)
                  c016ace0    00000320                   : BIOS.obj (.text:ti_sysbios_knl_Swi_runLoop__I)
                  c016b000    000002e0     ti.board.ae674 : lcdkOMAPL138_pll.oe674 (.text:Board_CorePLLConfig)
                  c016b2e0    000002e0     sysbios.ae674 : BIOS.obj (.text:ti_sysbios_knl_Task_Module_startup__E)
                  c016b5c0    000002c0     ti.board.ae674 : lcdkOMAPL138_pll.oe674 (.text:Board_DDRPLLConfig)
                  c016b880    000002c0     sysbios.ae674 : BIOS.obj (.text:ti_sysbios_heaps_HeapMem_Instance_init__E)
                  c016bb40    000002a0                   : BIOS.obj (.text:ti_sysbios_knl_Clock_workFunc__E)
                  c016bde0    00000280     ti.board.ae674 : lcdkOMAPL138_clock.oe674 (.text:Board_moduleClockEnable)
                  c016c060    00000280                    : lcdkOMAPL138_clock.oe674 (.text:Board_moduleClockSyncReset)
                  c016c2e0    00000280     sysbios.ae674 : BIOS.obj (.text:ti_sysbios_family_c64p_Hwi_reconfig__E)
                  c016c560    00000260     ti.board.ae674 : lcdkOMAPL138_pinmux.oe674 (.text:Board_pinmuxConfig)
                  c016c7c0    00000260     rts6740_elf.lib : imath64.obj (.text:__c6xabi_divull)
                  c016ca20    00000260     sysbios.ae674 : BIOS.obj (.text:ti_sysbios_family_c64p_Cache_block__I)
                  c016cc80    00000260                   : BIOS.obj (.text:ti_sysbios_family_c64p_Hwi_dispatchCore__I)
                  c016cee0    00000240                   : BIOS.obj (.text:ti_sysbios_family_c64p_EventCombiner_dispatch__E)
                  c016d120    00000240                   : BIOS.obj (.text:ti_sysbios_family_c64p_Exception_internalHandler__I)
                  c016d360    00000240                   : BIOS.obj (.text:ti_sysbios_knl_Semaphore_post__E)
                  c016d5a0    00000240     app_pe674.oe674 (.text:xdc_runtime_System_printfExtend__I)
                  c016d7e0    00000220     rts6740_elf.lib : fputc.obj (.text:fputc)
                  c016da00    00000220                     : setvbuf.obj (.text:setvbuf)
                  c016dc20    00000220     sysbios.ae674 : BIOS.obj (.text:ti_sysbios_knl_Swi_run__I)
                  c016de40    00000220                   : BIOS.obj (.text:ti_sysbios_timers_timer64_Timer_setPeriodMicroSecs__E)
                  c016e060    00000220     ti.targets.rts6000.ae674 : Core-mem.oe674 (.text:xdc_runtime_Core_createObject__I)
                  c016e280    00000200     ti.drv.spi.ae674 : SPI_v0.oe674 (.text:SPI_control_v0$0)
                  c016e480    00000200     sysbios.ae674 : c64p_Hwi_disp_always.obj (.text:_ti_sysbios_family_c64p_Hwi_dispatchAlways)
                  c016e680    00000200                   : BIOS.obj (.text:ti_sysbios_family_c64p_EventCombiner_dispatchPlug__E)
                  c016e880    000001e0                   : BIOS.obj (.text:ti_sysbios_gates_GateMutex_enter__E)
                  c016ea60    000001e0     ti.targets.rts6000.ae674 : Error.oe674 (.text:xdc_runtime_Error_policyDefault__E)
                  c016ec40    000001e0                              : Startup.oe674 (.text:xdc_runtime_Startup_startMods__I)
                  c016ee20    000001c0     main.obj (.text)
                  c016efe0    000001c0     sysbios.ae674 : BIOS.obj (.text:ti_sysbios_timers_timer64_Timer_getFreq__E)
                  c016f1a0    000001c0     ti.targets.rts6000.ae674 : Text.oe674 (.text:xdc_runtime_Text_putSite__E)
                  c016f360    000001a0     ti.board.ae674 : lcdkOMAPL138_ddr.oe674 (.text:Board_DDR3Init)
                  c016f500    000001a0     rts6740_elf.lib : hostrename.obj (.text:HOSTrename)
                  c016f6a0    000001a0     ti.drv.uart.ae674 : UART_v0.oe674 (.text:UART_readPolling_v0$0)
                  c016f840    000001a0     sysbios.ae674 : BIOS.obj (.text:ti_sysbios_family_c64p_Cache_getL2InitSize__I)
                  c016f9e0    000001a0                   : BIOS.obj (.text:ti_sysbios_heaps_HeapBuf_Module_startup__E)
                  c016fb80    000001a0                   : BIOS.obj (.text:ti_sysbios_timers_timer64_Timer_start__E)
                  c016fd20    00000180                   : c64p_Exception_asm.obj (.text)
                  c016fea0    00000180                   : BIOS.obj (.text:ti_sysbios_knl_Task_exit__E)
                  c0170020    00000180                   : BIOS.obj (.text:ti_sysbios_knl_Task_schedule__I)
                  c01701a0    00000180                   : BIOS.obj (.text:ti_sysbios_knl_Task_startCore__E)
                  c0170320    00000180     ti.targets.rts6000.ae674 : Core-smem.oe674 (.text:xdc_runtime_Core_constructObject__I)
                  c01704a0    00000160     ti.board.ae674 : lcdkOMAPL138.oe674 (.text:Board_init)
                  c0170600    00000160     sysbios.ae674 : BIOS.obj (.text:ti_sysbios_knl_Swi_post__E)
                  c0170760    00000140     ti.osal.ae674 : RegisterIntr_tirtos.oe674 (.text:Osal_RegisterInterrupt)
                  c01708a0    00000140     rts6740_elf.lib : fclose.obj (.text:__TI_closefile)
                  c01709e0    00000140     boot.ae674 : autoinit.oe674 (.text:_auto_init_elf)
                  c0170b20    00000140     rts6740_elf.lib : fflush.obj (.text:fflush)
                  c0170c60    00000140                     : getdevice.obj (.text:getdevice)
                  c0170da0    00000140     sysbios.ae674 : BIOS.obj (.text:ti_sysbios_family_c64p_Hwi_Instance_init__E)
                  c0170ee0    00000140                   : BIOS.obj (.text:ti_sysbios_family_c64p_Hwi_Module_startup__E)
                  c0171020    00000140                   : BIOS.obj (.text:ti_sysbios_knl_Semaphore_Instance_init__E)
                  c0171160    00000140                   : BIOS.obj (.text:ti_sysbios_knl_Task_blockI__E)
                  c01712a0    00000120     ti.board.ae674 : lcdkOMAPL138_clock.oe674 (.text:Board_moduleClockInit)
                  c01713c0    00000120     ti.osal.ae674 : HwiP_tirtos.oe674 (.text:HwiP_create)
                  c01714e0    00000120     rts6740_elf.lib : fseek.obj (.text:fseek)
                  c0171600    00000120     sysbios.ae674 : BIOS.obj (.text:ti_sysbios_knl_Task_unblockI__E)
                  c0171720    00000120     ti.targets.rts6000.ae674 : Core-mem.oe674 (.text:xdc_runtime_Core_deleteObject__I)
                  c0171840    00000120                              : Text.oe674 (.text:xdc_runtime_Text_putLab__E)
                  c0171960    00000120                              : Text.oe674 (.text:xdc_runtime_Text_putMod__E)
                  c0171a80    00000100     ti.board.ae674 : lcdkOMAPL138_pinmux.oe674 (.text:Board_configEmifPinMux)
                  c0171b80    00000100                    : lcdkOMAPL138_pinmux.oe674 (.text:Board_configGpioPinMux$0)
                  c0171c80    00000100     ti.osal.ae674 : EventCombinerP_tirtos.oe674 (.text:EventCombinerP_GroupRegisterInt)
                  c0171d80    00000100     ti.drv.spi.ae674 : SPI_drv.oe674 (.text:SPI_init)
                  c0171e80    00000100     ti.osal.ae674 : SemaphoreP_tirtos.oe674 (.text:SemaphoreP_create)
                  c0171f80    00000100     ti.drv.uart.ae674 : UART_v0.oe674 (.text:UART_writePolling_v0$0)
                  c0172080    00000100     rts6740_elf.lib : copy_decompress_rle.obj (.text:__TI_decompress_rle_core)
                  c0172180    00000100                     : _io_perm.obj (.text:__TI_wrt_ok)
                  c0172280    00000100     sysbios.ae674 : BIOS.obj (.text:ti_sysbios_family_c64p_Hwi_Instance_finalize__E)
                  c0172380    00000100                   : BIOS.obj (.text:ti_sysbios_knl_Swi_restoreHwi__E)
                  c0172480    00000100                   : BIOS.obj (.text:ti_sysbios_timers_timer64_Timer_initDevice__I)
                  c0172580    00000100     ti.targets.rts6000.ae674 : Startup.oe674 (.text:xdc_runtime_Startup_exec__E)
                  c0172680    000000e0     rts6740_elf.lib : hostlseek.obj (.text:HOSTlseek)
                  c0172760    000000e0                     : hostopen.obj (.text:HOSTopen)
                  c0172840    000000e0                     : hostwrite.obj (.text:HOSTwrite)
                  c0172920    000000e0     ti.drv.uart.ae674 : UART_v0.oe674 (.text:UART_close_v0$0)
                  c0172a00    000000e0                       : UART_v0.oe674 (.text:UART_read_v0$0)
                  c0172ae0    000000e0                       : UART_v0.oe674 (.text:UART_write_v0$0)
                  c0172bc0    000000e0     rts6740_elf.lib : close.obj (.text:close)
                  c0172ca0    000000e0                     : exit.obj (.text:exit)
                  c0172d80    000000e0                     : memset.obj (.text:memset)
                  c0172e60    000000e0     sysbios.ae674 : BIOS.obj (.text:ti_sysbios_heaps_HeapMem_alloc__E)
                  c0172f40    000000e0                   : BIOS.obj (.text:ti_sysbios_timers_timer64_Timer_startup__E)
                  c0173020    000000e0     ti.targets.rts6000.ae674 : Error.oe674 (.text:xdc_runtime_Error_print__E)
                  c0173100    000000e0                              : Memory.oe674 (.text:xdc_runtime_Memory_alloc__E)
                  c01731e0    000000e0                              : Text.oe674 (.text:xdc_runtime_Text_visitRope2__I)
                  c01732c0    000000c0     rts6740_elf.lib : hostread.obj (.text:HOSTread)
                  c0173380    000000c0                     : hostunlink.obj (.text:HOSTunlink)
                  c0173440    000000c0     ti.drv.spi.ae674 : SPI_v0.oe674 (.text:SPI_close_v0$0)
                  c0173500    000000c0                      : SPI_drv.oe674 (.text:SPI_open)
                  c01735c0    000000c0     ti.drv.uart.ae674 : UART_v0.oe674 (.text:UART_charGet$0)
                  c0173680    000000c0                       : UART_v0.oe674 (.text:UART_charPut$0)
                  c0173740    000000c0                       : UART_v0.oe674 (.text:UART_readCancelNoCB$0)
                  c0173800    000000c0     rts6740_elf.lib : fflush.obj (.text:__TI_doflush)
                  c01738c0    000000c0                     : divu.obj (.text:__divu)
                  c0173980    000000c0     sysbios.ae674 : BIOS.obj (.text:ti_sysbios_heaps_HeapMem_getStats__E)
                  c0173a40    000000c0                   : BIOS.obj (.text:ti_sysbios_knl_Clock_logTick__E)
                  c0173b00    000000c0                   : BIOS.obj (.text:ti_sysbios_knl_Swi_schedule__I)
                  c0173bc0    000000c0     rts6740_elf.lib : tls.obj (.text:tls:init:__TI_tls_init)
                  c0173c80    000000c0     ti.targets.rts6000.ae674 : System.oe674 (.text:xdc_runtime_System_formatNum__I)
                  c0173d40    000000a0     ti.board.ae674 : lcdkOMAPL138_pinmux.oe674 (.text:Board_configEmacPinMux$0)
                  c0173de0    000000a0                    : lcdkOMAPL138_pinmux.oe674 (.text:Board_configMmcsdPinMux$0)
                  c0173e80    000000a0     rts6740_elf.lib : hostclose.obj (.text:HOSTclose)
                  c0173f20    000000a0     ti.osal.ae674 : RegisterIntr_tirtos.oe674 (.text:Osal_DeleteInterrupt)
                  c0173fc0    000000a0                   : Utils_tirtos.oe674 (.text:Osal_delay)
                  c0174060    000000a0     ti.drv.spi.ae674 : SPI_drv.oe674 (.text:SPI_close)
                  c0174100    000000a0     ti.drv.uart.ae674 : UART_drv.oe674 (.text:UART_init)
                  c01741a0    000000a0                       : UART_stdio.oe674 (.text:UART_stdioInit)
                  c0174240    000000a0                       : UART_v0.oe674 (.text:UART_v0_callback$0)
                  c01742e0    000000a0                       : UART_v0.oe674 (.text:UART_writeCancelNoCB$0)
                  c0174380    000000a0     rts6740_elf.lib : fopen.obj (.text:__TI_cleanup)
                  c0174420    000000a0                     : remu.obj (.text:__remu)
                  c01744c0    000000a0     boot.ae674 : boot.oe674 (.text:_c_int00)
                  c0174560    000000a0     sysbios.ae674 : c64p_Hwi_asm.obj (.text:_ti_sysbios_family_c64p_Hwi_plug__E)
                  c0174600    000000a0     rts6740_elf.lib : memcpy64.obj (.text:memcpy)
                  c01746a0    000000a0     sysbios.ae674 : BIOS.obj (.text:ti_sysbios_family_c64p_Exception_Module_startup__E)
                  c0174740    000000a0     app_pe674.oe674 (.text:ti_sysbios_family_c64p_Hwi_construct)
                  c01747e0    000000a0     sysbios.ae674 : BIOS.obj (.text:ti_sysbios_family_c64p_Hwi_dispatchC__I)
                  c0174880    000000a0                   : BIOS.obj (.text:ti_sysbios_family_c64p_Hwi_getStackInfo__E)
                  c0174920    000000a0                   : BIOS.obj (.text:ti_sysbios_heaps_HeapMem_init__I)
                  c01749c0    000000a0                   : BIOS.obj (.text:ti_sysbios_knl_Task_allBlockedFunction__I)
                  c0174a60    000000a0                   : BIOS.obj (.text:ti_sysbios_timers_timer64_Timer_stop__E)
                  c0174b00    000000a0     ti.targets.rts6000.ae674 : Assert.oe674 (.text:xdc_runtime_Assert_raise__I)
                  c0174ba0    000000a0                              : Error.oe674 (.text:xdc_runtime_Error_setX__E)
                  c0174c40    000000a0                              : Text.oe674 (.text:xdc_runtime_Text_xprintf__I)
                  c0174ce0    00000080     ti.osal.ae674 : EventCombinerP_tirtos.oe674 (.text:EventCombinerP_getHwi)
                  c0174d60    00000080                   : EventCombinerP_tirtos.oe674 (.text:EventCombinerP_getIntNum)
                  c0174de0    00000080     ti.csl.ae674 : uart.oe674 (.text:UART_charPut_v0)
                  c0174e60    00000080     rts6740_elf.lib : trgmsg.obj (.text:__TI_readmsg)
                  c0174ee0    00000080                     : llshift.obj (.text:__c6xabi_llshl)
                  c0174f60    00000080     sysbios.ae674 : c62_TaskSupport_asm.obj (.text:_ti_sysbios_family_c62_TaskSupport_swap__E)
                  c0174fe0    00000080     rts6740_elf.lib : getdevice.obj (.text:finddevice)
                  c0175060    00000080     app_pe674.oe674 (.text:ti_sysbios_BIOS_atExitFunc__I)
                  c01750e0    00000080     app_pe674.oe674 (.text:ti_sysbios_BIOS_registerRTSLock__I)
                  c0175160    00000080     sysbios.ae674 : BIOS.obj (.text:ti_sysbios_family_c64p_Cache_invL1pAll__E)
                  c01751e0    00000080     app_pe674.oe674 (.text:ti_sysbios_gates_GateHwi_Object__create__S)
                  c0175260    00000080     app_pe674.oe674 (.text:ti_sysbios_gates_GateMutex_Object__create__S)
                  c01752e0    00000080     sysbios.ae674 : BIOS.obj (.text:ti_sysbios_hal_Hwi_checkStack)
                  c0175360    00000080                   : BIOS.obj (.text:ti_sysbios_hal_Hwi_initStack)
                  c01753e0    00000080     app_pe674.oe674 (.text:ti_sysbios_heaps_HeapMem_Object__create__S)
                  c0175460    00000080     app_pe674.oe674 (.text:ti_sysbios_knl_Clock_doTick__I)
                  c01754e0    00000080     sysbios.ae674 : BIOS.obj (.text:ti_sysbios_knl_Idle_run__E)
                  c0175560    00000080                   : BIOS.obj (.text:ti_sysbios_knl_Semaphore_pendTimeout__I)
                  c01755e0    00000080                   : BIOS.obj (.text:ti_sysbios_knl_Swi_startup__E)
                  c0175660    00000080                   : BIOS.obj (.text:ti_sysbios_knl_Task_restore__E)
                  c01756e0    00000080     rts6740_elf.lib : unlink.obj (.text:unlink)
                  c0175760    00000080     ti.targets.rts6000.ae674 : Core-label.oe674 (.text:xdc_runtime_Core_assignLabel__I)
                  c01757e0    00000080                              : Core-params.oe674 (.text:xdc_runtime_Core_assignParams__I)
                  c0175860    00000080                              : System.oe674 (.text:xdc_runtime_System_atexit__E)
                  c01758e0    00000080                              : System.oe674 (.text:xdc_runtime_System_processAtExit__E)
                  c0175960    00000080                              : System.oe674 (.text:xdc_runtime_System_putchar__I)
                  c01759e0    00000080                              : Text.oe674 (.text:xdc_runtime_Text_printVisFxn__I)
                  c0175a60    00000060     ti.osal.ae674 : HwiP_tirtos.oe674 (.text:HwiP_delete)
                  c0175ac0    00000060                   : RegisterIntr_tirtos.oe674 (.text:Osal_ClearInterrupt)
                  c0175b20    00000060                   : Utils_tirtos.oe674 (.text:Osal_getThreadType)
                  c0175b80    00000060     ti.csl.ae674 : spi.oe674 (.text:SPIDataFormatSetup)
                  c0175be0    00000060     ti.drv.spi.ae674 : SPI_drv.oe674 (.text:SPI_Params_init)
                  c0175c40    00000060                      : SPI_drv.oe674 (.text:SPI_control)
                  c0175ca0    00000060                      : SPI_soc.oe674 (.text:SPI_socGetInitCfg)
                  c0175d00    00000060                      : SPI_soc.oe674 (.text:SPI_socSetInitCfg)
                  c0175d60    00000060                      : SPI_drv.oe674 (.text:SPI_transfer)
                  c0175dc0    00000060                      : SPI_v0.oe674 (.text:SPI_transferCallback_v0$0)
                  c0175e20    00000060     ti.osal.ae674 : SemaphoreP_tirtos.oe674 (.text:SemaphoreP_delete)
                  c0175e80    00000060     ti.csl.ae674 : uart.oe674 (.text:UART_divisorLatchWrite_v0)
                  c0175ee0    00000060                  : uart.oe674 (.text:UART_fifoWait_v0)
                  c0175f40    00000060     ti.drv.uart.ae674 : UART_v0.oe674 (.text:UART_getRxTrigLvl_v0$0)
                  c0175fa0    00000060     ti.csl.ae674 : uart.oe674 (.text:UART_lineCharacConfig_v0)
                  c0176000    00000060     ti.drv.uart.ae674 : UART_v0.oe674 (.text:UART_readCancel_v0$0)
                  c0176060    00000060                       : UART_v0.oe674 (.text:UART_writeCancel_v0$0)
                  c01760c0    00000060     rts6740_elf.lib : trgmsg.obj (.text:__TI_writemsg)
                  c0176120    00000060                     : llshift.obj (.text:__c6xabi_llshru)
                  c0176180    00000060                     : imath64.obj (.text:_subcull)
                  c01761e0    00000060     sysbios.ae674 : c64p_Hwi_asm_switch.obj (.text:_ti_sysbios_family_c64p_Hwi_switchAndDispatch__I)
                  c0176240    00000060                   : c64p_Hwi_asm_switch.obj (.text:_ti_sysbios_family_xxx_Hwi_switchAndRunFunc)
                  c01762a0    00000060     rts6740_elf.lib : lseek.obj (.text:lseek)
                  c0176300    00000060     app_pe674.oe674 (.text:malloc)
                  c0176360    00000060     app_pe674.oe674 (.text:ti_sysbios_BIOS_errorRaiseHook__I)
                  c01763c0    00000060     app_pe674.oe674 (.text:ti_sysbios_BIOS_removeRTSLock__I)
                  c0176420    00000060     app_pe674.oe674 (.text:ti_sysbios_BIOS_startFunc__I)
                  c0176480    00000060     sysbios.ae674 : BIOS.obj (.text:ti_sysbios_family_c62_TaskSupport_start__E)
                  c01764e0    00000060                   : BIOS.obj (.text:ti_sysbios_family_c64p_Cache_setMar__E)
                  c0176540    00000060                   : BIOS.obj (.text:ti_sysbios_family_c64p_EventCombiner_unused__E)
                  c01765a0    00000060     app_pe674.oe674 (.text:ti_sysbios_gates_GateMutex_Object__delete__S)
                  c0176600    00000060     sysbios.ae674 : BIOS.obj (.text:ti_sysbios_heaps_HeapMem_free__E)
                  c0176660    00000060                   : BIOS.obj (.text:ti_sysbios_knl_Clock_Module_startup__E)
                  c01766c0    00000060     app_pe674.oe674 (.text:ti_sysbios_knl_Queue_construct)
                  c0176720    00000060     app_pe674.oe674 (.text:ti_sysbios_knl_Semaphore_construct)
                  c0176780    00000060     sysbios.ae674 : BIOS.obj (.text:ti_sysbios_knl_Swi_Module_startup__E)
                  c01767e0    00000060                   : BIOS.obj (.text:ti_sysbios_knl_Task_enter__I)
                  c0176840    00000060     ti.drv.uart.ae674 : UART_stdio.oe674 (.text:uart_console_putc$0)
                  c01768a0    00000060     rts6740_elf.lib : write.obj (.text:write)
                  c0176900    00000060     ti.targets.rts6000.ae674 : Memory.oe674 (.text:xdc_runtime_Memory_valloc__E)
                  c0176960    00000060                              : SysStd.oe674 (.text:xdc_runtime_SysStd_abort__E)
                  c01769c0    00000060                              : System.oe674 (.text:xdc_runtime_System_avprintf__E)
                  c0176a20    00000060                              : System.oe674 (.text:xdc_runtime_System_vprintf__E)
                  c0176a80    00000060                              : Text.oe674 (.text:xdc_runtime_Text_cordText__E)
                  c0176ae0    00000040     ti.osal.ae674 : MuxIntcP_tirtos.oe674 (.text:MuxIntcP_create)
                  c0176b20    00000040                   : RegisterIntr_tirtos.oe674 (.text:Osal_RegisterInterrupt_initParams)
                  c0176b60    00000040                   : Utils_tirtos.oe674 (.text:Osal_getHwAttrs)
                  c0176ba0    00000040     ti.csl.ae674 : spi.oe674 (.text:SPICSDisable)
                  c0176be0    00000040                  : spi.oe674 (.text:SPICSEnable)
                  c0176c20    00000040                  : spi.oe674 (.text:SPIClockModeSetup)
                  c0176c60    00000040                  : spi.oe674 (.text:SPIDataFormatSetupSlave)
                  c0176ca0    00000040                  : spi.oe674 (.text:SPIDelaySetup)
                  c0176ce0    00000040                  : spi.oe674 (.text:SPIIntInit2)
                  c0176d20    00000040                  : spi.oe674 (.text:SPIPinControlSetup)
                  c0176d60    00000040                  : spi.oe674 (.text:SPISetShiftDir)
                  c0176da0    00000040                  : spi.oe674 (.text:SPITransmitData)
                  c0176de0    00000040     ti.drv.spi.ae674 : SPI_v0.oe674 (.text:SPI_init_v0$0)
                  c0176e20    00000040     ti.osal.ae674 : SemaphoreP_tirtos.oe674 (.text:SemaphoreP_Params_init)
                  c0176e60    00000040                   : SemaphoreP_tirtos.oe674 (.text:SemaphoreP_pend)
                  c0176ea0    00000040                   : SemaphoreP_tirtos.oe674 (.text:SemaphoreP_post)
                  c0176ee0    00000040     ti.csl.ae674 : uart.oe674 (.text:UART_breakCtl_v0)
                  c0176f20    00000040                  : uart.oe674 (.text:UART_charGetNonBlocking_v0)
                  c0176f60    00000040                  : uart.oe674 (.text:UART_divisorValCompute_v0)
                  c0176fa0    00000040                  : uart.oe674 (.text:UART_fIFOConfig_v0)
                  c0176fe0    00000040                  : uart.oe674 (.text:UART_fIFORegisterWrite_v0)
                  c0177020    00000040                  : uart.oe674 (.text:UART_intDisable_v0)
                  c0177060    00000040                  : uart.oe674 (.text:UART_intEnable_v0)
                  c01770a0    00000040                  : uart.oe674 (.text:UART_intIdentityGet_v0)
                  c01770e0    00000040                  : uart.oe674 (.text:UART_loopbackModeControl_v0)
                  c0177120    00000040     ti.drv.uart.ae674 : UART_drv.oe674 (.text:UART_open)
                  c0177160    00000040     ti.csl.ae674 : uart.oe674 (.text:UART_readLineStatus_v0)
                  c01771a0    00000040     ti.osal.ae674 : Utils_tirtos.oe674 (.text:_DebugP_assert)
                  c01771e0    00000040     rts6740_elf.lib : strasg.obj (.text:__strasgi_64plus)
                  c0177220    00000040                     : args_main.obj (.text:_args_main)
                  c0177260    00000040     sysbios.ae674 : c62_TaskSupport_asm.obj (.text:_ti_sysbios_family_c62_TaskSupport_buildTaskStack)
                  c01772a0    00000040     app_pe674.oe674 (.text:free)
                  c01772e0    00000040     app_pe674.oe674 (.text:ti_sysbios_BIOS_exitFunc__I)
                  c0177320    00000040     app_pe674.oe674 (.text:ti_sysbios_BIOS_rtsLock__I)
                  c0177360    00000040     app_pe674.oe674 (.text:ti_sysbios_BIOS_rtsUnlock__I)
                  c01773a0    00000040     sysbios.ae674 : BIOS.obj (.text:ti_sysbios_family_c64p_EventCombiner_Module_startup__E)
                  c01773e0    00000040                   : BIOS.obj (.text:ti_sysbios_family_c64p_EventCombiner_disableEvent__E)
                  c0177420    00000040                   : BIOS.obj (.text:ti_sysbios_family_c64p_EventCombiner_enableEvent__E)
                  c0177460    00000040     app_pe674.oe674 (.text:ti_sysbios_family_c64p_Hwi_Object__destruct__S)
                  c01774a0    00000040     sysbios.ae674 : BIOS.obj (.text:ti_sysbios_family_c64p_Hwi_disableInterrupt__E)
                  c01774e0    00000040                   : BIOS.obj (.text:ti_sysbios_family_c64p_Hwi_enableInterrupt__E)
                  c0177520    00000040                   : BIOS.obj (.text:ti_sysbios_family_c64p_Hwi_getEventId__E)
                  c0177560    00000040                   : BIOS.obj (.text:ti_sysbios_family_c64p_primus_TimerSupport_enable__E)
                  c01775a0    00000040     app_pe674.oe674 (.text:ti_sysbios_gates_GateHwi_Handle__label__S)
                  c01775e0    00000040     app_pe674.oe674 (.text:ti_sysbios_gates_GateHwi_Object__delete__S)
                  c0177620    00000040     app_pe674.oe674 (.text:ti_sysbios_gates_GateMutex_Handle__label__S)
                  c0177660    00000040     sysbios.ae674 : BIOS.obj (.text:ti_sysbios_gates_GateMutex_Instance_init__E)
                  c01776a0    00000040                   : BIOS.obj (.text:ti_sysbios_gates_GateMutex_leave__E)
                  c01776e0    00000040     app_pe674.oe674 (.text:ti_sysbios_heaps_HeapMem_Handle__label__S)
                  c0177720    00000040     app_pe674.oe674 (.text:ti_sysbios_heaps_HeapMem_Object__delete__S)
                  c0177760    00000040     app_pe674.oe674 (.text:ti_sysbios_heaps_HeapMem_Object__get__S)
                  c01777a0    00000040     app_pe674.oe674 (.text:ti_sysbios_knl_Semaphore_Object__destruct__S)
                  c01777e0    00000040     app_pe674.oe674 (.text:ti_sysbios_knl_Swi_Object__get__S)
                  c0177820    00000040     app_pe674.oe674 (.text:ti_sysbios_knl_Task_Object__get__S)
                  c0177860    00000040     sysbios.ae674 : BIOS.obj (.text:ti_sysbios_knl_Task_sleepTimeout__I)
                  c01778a0    00000040     ti.targets.rts6000.ae674 : Error.oe674 (.text:xdc_runtime_Error_check__E)
                  c01778e0    00000040                              : Error.oe674 (.text:xdc_runtime_Error_init__E)
                  c0177920    00000040                              : Memory.oe674 (.text:xdc_runtime_Memory_free__E)
                  c0177960    00000040                              : Registry.oe674 (.text:xdc_runtime_Registry_findById__E)
                  c01779a0    00000040                              : System.oe674 (.text:xdc_runtime_System_abort__E)
                  c01779e0    00000040     app_pe674.oe674 (.text:xdc_runtime_System_aprintf__E)
                  c0177a20    00000040     ti.targets.rts6000.ae674 : System.oe674 (.text:xdc_runtime_System_exit__E)
                  c0177a60    00000040     app_pe674.oe674 (.text:xdc_runtime_System_printf__E)
                  c0177aa0    00000040     ti.targets.rts6000.ae674 : Text.oe674 (.text:xdc_runtime_Text_ropeText__E)
                  c0177ae0    00000020     ti.board.ae674 : lcdkOMAPL138_pll.oe674 (.text:Board_PLLInit)
                  c0177b00    00000020                    : lcdkOMAPL138_lld_init.oe674 (.text:Board_uartStdioInit)
                  c0177b20    00000020     ti.osal.ae674 : EventCombinerP_tirtos.oe674 (.text:EventCombinerP_disableEvent)
                  c0177b40    00000020                   : EventCombinerP_tirtos.oe674 (.text:EventCombinerP_dispatchPlug)
                  c0177b60    00000020                   : EventCombinerP_tirtos.oe674 (.text:EventCombinerP_enableEvent)
                  c0177b80    00000020                   : HwiP_tirtos.oe674 (.text:HwiP_clearInterrupt)
                  c0177ba0    00000020                   : HwiP_tirtos.oe674 (.text:HwiP_disable)
                  c0177bc0    00000020                   : HwiP_tirtos.oe674 (.text:HwiP_restore)
                  c0177be0    00000020                   : MuxIntcP_tirtos.oe674 (.text:MuxIntcP_clearInEvent)
                  c0177c00    00000020                   : MuxIntcP_tirtos.oe674 (.text:MuxIntcP_disableOutEvent)
                  c0177c20    00000020                   : MuxIntcP_tirtos.oe674 (.text:MuxIntcP_enableOutEvent)
                  c0177c40    00000020     ti.csl.ae674 : spi.oe674 (.text:SPIData1Setup)
                  c0177c60    00000020                  : spi.oe674 (.text:SPIGlobalControlSetup)
                  c0177c80    00000020                  : spi.oe674 (.text:SPIIntDisable)
                  c0177ca0    00000020                  : spi.oe674 (.text:SPIIntEnable)
                  c0177cc0    00000020                  : spi.oe674 (.text:SPIIntStatusClear)
                  c0177ce0    00000020                  : spi.oe674 (.text:SPIIntStatusGet)
                  c0177d00    00000020                  : spi.oe674 (.text:SPILoopbackDisable)
                  c0177d20    00000020                  : spi.oe674 (.text:SPILoopbackEnable)
                  c0177d40    00000020                  : spi.oe674 (.text:SPIPwrDownDisable)
                  c0177d60    00000020                  : spi.oe674 (.text:SPIPwrDownEnable)
                  c0177d80    00000020                  : spi.oe674 (.text:SPIReceiveData)
                  c0177da0    00000020                  : spi.oe674 (.text:SPIReset)
                  c0177dc0    00000020                  : spi.oe674 (.text:SPIRxFull)
                  c0177de0    00000020                  : spi.oe674 (.text:SPITxEmpty)
                  c0177e00    00000020                  : spi.oe674 (.text:SPIXferDisable)
                  c0177e20    00000020                  : spi.oe674 (.text:SPIXferEnable)
                  c0177e40    00000020     ti.drv.spi.ae674 : SPI_v0.oe674 (.text:SPI_transferCancel_v0$0)
                  c0177e60    00000020     ti.drv.uart.ae674 : UART_drv.oe674 (.text:UART_Params_init)
                  c0177e80    00000020                       : UART_v0.oe674 (.text:UART_control_v0$0)
                  c0177ea0    00000020     ti.csl.ae674 : uart.oe674 (.text:UART_divisorLatchDisable_v0)
                  c0177ec0    00000020                  : uart.oe674 (.text:UART_fIFOCharPut_v0)
                  c0177ee0    00000020                  : uart.oe674 (.text:UART_fifoEmpty_v0)
                  c0177f00    00000020     ti.drv.uart.ae674 : UART_v0.oe674 (.text:UART_init_v0$0)
                  c0177f20    00000020     ti.csl.ae674 : uart.oe674 (.text:UART_operatingModeSelect_v0)
                  c0177f40    00000020                  : uart.oe674 (.text:UART_pwremuConfig_v0)
                  c0177f60    00000020     ti.drv.uart.ae674 : UART_drv.oe674 (.text:UART_write)
                  c0177f80    00000020                       : UART_drv.oe674 (.text:UART_writePolling)
                  c0177fa0    00000020     rts6740_elf.lib : _lock.obj (.text:_nop)
                  c0177fc0    00000020                     : _lock.obj (.text:_register_lock)
                  c0177fe0    00000020                     : _lock.obj (.text:_register_unlock)
                  c0178000    00000020     sysbios.ae674 : c62_TaskSupport_asm.obj (.text:_ti_sysbios_family_c62_TaskSupport_glue)
                  c0178020    00000020     rts6740_elf.lib : exit.obj (.text:abort)
                  c0178040    00000020                     : copy_decompress_none.obj (.text:decompress:none:__TI_decompress_none)
                  c0178060    00000020                     : copy_decompress_rle.obj (.text:decompress:rle24:__TI_decompress_rle24)
                  c0178080    00000020                     : fputc.obj (.text:putchar)
                  c01780a0    00000020     app_pe674.oe674 (.text:ti_sysbios_BIOS_RtsGateProxy_enter__E)
                  c01780c0    00000020     app_pe674.oe674 (.text:ti_sysbios_BIOS_RtsGateProxy_leave__E)
                  c01780e0    00000020     sysbios.ae674 : BIOS.obj (.text:ti_sysbios_BIOS_getThreadType__E)
                  c0178100    00000020                   : BIOS.obj (.text:ti_sysbios_BIOS_linkedWithIncorrectBootLibrary__E)
                  c0178120    00000020     app_pe674.oe674 (.text:ti_sysbios_BIOS_nullFunc__I)
                  c0178140    00000020     sysbios.ae674 : BIOS.obj (.text:ti_sysbios_BIOS_setThreadType__E)
                  c0178160    00000020                   : BIOS.obj (.text:ti_sysbios_BIOS_start__E)
                  c0178180    00000020     app_pe674.oe674 (.text:ti_sysbios_family_c62_TaskSupport_Module__startupDone__S)
                  c01781a0    00000020     sysbios.ae674 : BIOS.obj (.text:ti_sysbios_family_c64p_Cache_wbInv__E)
                  c01781c0    00000020     app_pe674.oe674 (.text:ti_sysbios_family_c64p_Hwi_Module__startupDone__F)
                  c01781e0    00000020     app_pe674.oe674 (.text:ti_sysbios_family_c64p_Hwi_Params__init__S)
                  c0178200    00000020     sysbios.ae674 : BIOS.obj (.text:ti_sysbios_family_c64p_Hwi_clearInterrupt__E)
                  c0178220    00000020     app_pe674.oe674 (.text:ti_sysbios_family_c64p_Hwi_destruct)
                  c0178240    00000020     sysbios.ae674 : BIOS.obj (.text:ti_sysbios_family_c64p_Hwi_getFunc__E)
                  c0178260    00000020                   : BIOS.obj (.text:ti_sysbios_family_c64p_Hwi_getHandle__E)
                  c0178280    00000020                   : BIOS.obj (.text:ti_sysbios_family_c64p_Hwi_startup__E)
                  c01782a0    00000020                   : BIOS.obj (.text:ti_sysbios_family_c64p_Hwi_switchFromBootStack__E)
                  c01782c0    00000020                   : BIOS.obj (.text:ti_sysbios_family_c64p_Hwi_unPluggedInterrupt__I)
                  c01782e0    00000020                   : BIOS.obj (.text:ti_sysbios_gates_GateHwi_Instance_init__E)
                  c0178300    00000020                   : BIOS.obj (.text:ti_sysbios_gates_GateHwi_enter__E)
                  c0178320    00000020                   : BIOS.obj (.text:ti_sysbios_gates_GateHwi_leave__E)
                  c0178340    00000020                   : BIOS.obj (.text:ti_sysbios_gates_GateHwi_query__E)
                  c0178360    00000020                   : BIOS.obj (.text:ti_sysbios_gates_GateMutex_Instance_finalize__E)
                  c0178380    00000020                   : BIOS.obj (.text:ti_sysbios_gates_GateMutex_query__E)
                  c01783a0    00000020                   : BIOS.obj (.text:ti_sysbios_hal_Hwi_Module_startup__E)
                  c01783c0    00000020     app_pe674.oe674 (.text:ti_sysbios_heaps_HeapBuf_Object__get__S)
                  c01783e0    00000020     app_pe674.oe674 (.text:ti_sysbios_heaps_HeapMem_Module_GateProxy_enter__E)
                  c0178400    00000020     app_pe674.oe674 (.text:ti_sysbios_heaps_HeapMem_Module_GateProxy_leave__E)
                  c0178420    00000020     sysbios.ae674 : BIOS.obj (.text:ti_sysbios_heaps_HeapMem_isBlocking__E)
                  c0178440    00000020     app_pe674.oe674 (.text:ti_sysbios_knl_Clock_TimerProxy_getMaxTicks__E)
                  c0178460    00000020     sysbios.ae674 : BIOS.obj (.text:ti_sysbios_knl_Idle_loop__E)
                  c0178480    00000020                   : BIOS.obj (.text:ti_sysbios_knl_Queue_Instance_init__E)
                  c01784a0    00000020     app_pe674.oe674 (.text:ti_sysbios_knl_Queue_Object__destruct__S)
                  c01784c0    00000020     app_pe674.oe674 (.text:ti_sysbios_knl_Queue_Object__get__S)
                  c01784e0    00000020     app_pe674.oe674 (.text:ti_sysbios_knl_Queue_destruct)
                  c0178500    00000020     sysbios.ae674 : BIOS.obj (.text:ti_sysbios_knl_Queue_empty__E)
                  c0178520    00000020                   : BIOS.obj (.text:ti_sysbios_knl_Semaphore_Instance_finalize__E)
                  c0178540    00000020     app_pe674.oe674 (.text:ti_sysbios_knl_Semaphore_Params__init__S)
                  c0178560    00000020     app_pe674.oe674 (.text:ti_sysbios_knl_Semaphore_destruct)
                  c0178580    00000020     sysbios.ae674 : BIOS.obj (.text:ti_sysbios_knl_Swi_disable__E)
                  c01785a0    00000020                   : BIOS.obj (.text:ti_sysbios_knl_Task_disable__E)
                  c01785c0    00000020                   : BIOS.obj (.text:ti_sysbios_knl_Task_startup__E)
                  c01785e0    00000020     app_pe674.oe674 (.text:ti_sysbios_timers_timer64_Timer_Module__startupDone__F)
                  c0178600    00000020     sysbios.ae674 : BIOS.obj (.text:ti_sysbios_timers_timer64_Timer_getMaxTicks__E)
                  c0178620    00000020     ti.targets.rts6000.ae674 : Error.oe674 (.text:xdc_runtime_Error_getSite__E)
                  c0178640    00000020                              : Error.oe674 (.text:xdc_runtime_Error_raiseX__E)
                  c0178660    00000020                              : Gate.oe674 (.text:xdc_runtime_Gate_enterSystem__E)
                  c0178680    00000020                              : Gate.oe674 (.text:xdc_runtime_Gate_leaveSystem__E)
                  c01786a0    00000020     app_pe674.oe674 (.text:xdc_runtime_IHeap_alloc)
                  c01786c0    00000020     app_pe674.oe674 (.text:xdc_runtime_IHeap_free)
                  c01786e0    00000020     ti.targets.rts6000.ae674 : Memory.oe674 (.text:xdc_runtime_Memory_calloc__E)
                  c0178700    00000020                              : Memory.oe674 (.text:xdc_runtime_Memory_getMaxDefaultTypeAlign__E)
                  c0178720    00000020     app_pe674.oe674 (.text:xdc_runtime_Startup_exec__I)
                  c0178740    00000020     app_pe674.oe674 (.text:xdc_runtime_Startup_reset__I)
                  c0178760    00000020     ti.targets.rts6000.ae674 : Startup.oe674 (.text:xdc_runtime_Startup_rtsDone__E)
                  c0178780    00000020                              : SysStd.oe674 (.text:xdc_runtime_SysStd_exit__E)
                  c01787a0    00000020                              : SysStd.oe674 (.text:xdc_runtime_SysStd_putch__E)
                  c01787c0    00000020                              : SysStd.oe674 (.text:xdc_runtime_SysStd_ready__E)
                  c01787e0    00000020     app_pe674.oe674 (.text:xdc_runtime_System_Module_GateProxy_enter__E)
                  c0178800    00000020     app_pe674.oe674 (.text:xdc_runtime_System_Module_GateProxy_leave__E)
                  c0178820    00000020     ti.targets.rts6000.ae674 : System.oe674 (.text:xdc_runtime_System_Module_startup__E)
                  c0178840    00000020                              : System.oe674 (.text:xdc_runtime_System_aprintf_va__F)
                  c0178860    00000020                              : System.oe674 (.text:xdc_runtime_System_printf_va__F)
                  c0178880    00000020                              : System.oe674 (.text:xdc_runtime_System_vsnprintf__E)
                  c01788a0    00000020     app_pe674.oe674 (.text:xdc_runtime_Text_visitRope__I)

.const.2   0    c01788c0    0000271e     
                  c01788c0    0000186c     app_pe674.oe674 (.const:xdc_runtime_Text_charTab__A)
                  c017a12c    00000518     sysbios.ae674 : BIOS.obj (.const:.string)
                  c017a644    00000004     ti.targets.rts6000.ae674 : Assert.oe674 (.const:.string)
                  c017a648    000000f0     app_pe674.oe674 (.const:xdc_runtime_Text_nodeTab__A)
                  c017a738    0000007c     app_pe674.oe674 (.const:.string)
                  c017a7b4    00000058     ti.targets.rts6000.ae674 : Error.oe674 (.const:.string)
                  c017a80c    00000004     app_pe674.oe674 (.const:ti_sysbios_family_c64p_Cache_EMIFA_BASE__C)
                  c017a810    00000054     ti.drv.spi.ae674 : SPI_soc.oe674 (.const:SPI_config)
                  c017a864    00000050     main.obj (.const:.string)
                  c017a8b4    00000050     ti.drv.uart.ae674 : UART_drv.oe674 (.const)
                  c017a904    00000040     ti.targets.rts6000.ae674 : Text.oe674 (.const:.string)
                  c017a944    00000040     ti.drv.spi.ae674 : SPI_drv.oe674 (.const)
                  c017a984    00000004     app_pe674.oe674 (.const:ti_sysbios_family_c64p_Cache_EMIFA_CFG__C)
                  c017a988    00000030     ti.drv.uart.ae674 : UART_soc.oe674 (.const:UART_config)
                  c017a9b8    00000030                       : UART_v0.oe674 (.const)
                  c017a9e8    00000030     app_pe674.oe674 (.const:ti_sysbios_family_c64p_Hwi_Object__PARAMS__C)
                  c017aa18    0000002c     ti.targets.rts6000.ae674 : Startup.oe674 (.const:.string)
                  c017aa44    00000004     app_pe674.oe674 (.const:ti_sysbios_family_c64p_Cache_EMIFA_LENGTH__C)
                  c017aa48    0000002c     app_pe674.oe674 (.const:xdc_runtime_Startup_sfxnTab__A)
                  c017aa74    00000028     app_pe674.oe674 (.const:ti_sysbios_heaps_HeapMem_Module__FXNS__C)
                  c017aa9c    00000024     ti.drv.uart.ae674 : UART_stdio.oe674 (.const:.string)
                  c017aac0    00000024     app_pe674.oe674 (.const:ti_sysbios_gates_GateHwi_Module__FXNS__C)
                  c017aae4    00000024     app_pe674.oe674 (.const:ti_sysbios_gates_GateMutex_Module__FXNS__C)
                  c017ab08    00000024     app_pe674.oe674 (.const:ti_sysbios_heaps_HeapMem_Object__PARAMS__C)
                  c017ab2c    00000024     app_pe674.oe674 (.const:ti_sysbios_knl_Semaphore_Object__PARAMS__C)
                  c017ab50    00000020     ti.osal.ae674 : SemaphoreP_tirtos.oe674 (.const:.string)
                  c017ab70    00000020     app_pe674.oe674 (.const:ti_sysbios_family_c64p_Hwi_Object__DESC__C)
                  c017ab90    00000020     app_pe674.oe674 (.const:ti_sysbios_gates_GateHwi_Object__DESC__C)
                  c017abb0    00000020     app_pe674.oe674 (.const:ti_sysbios_gates_GateMutex_Object__DESC__C)
                  c017abd0    00000020     app_pe674.oe674 (.const:ti_sysbios_heaps_HeapMem_Object__DESC__C)
                  c017abf0    00000020     app_pe674.oe674 (.const:ti_sysbios_knl_Queue_Object__DESC__C)
                  c017ac10    00000020     app_pe674.oe674 (.const:ti_sysbios_knl_Semaphore_Object__DESC__C)
                  c017ac30    0000001c     ti.drv.uart.ae674 : UART_v0.oe674 (.const:.string)
                  c017ac4c    0000001c     ti.osal.ae674 : HwiP_tirtos.oe674 (.const:.string)
                  c017ac68    0000001c     ti.drv.spi.ae674 : SPI_v0.oe674 (.const)
                  c017ac84    00000018     app_pe674.oe674 (.const:ti_sysbios_gates_GateHwi_Object__PARAMS__C)
                  c017ac9c    00000018     app_pe674.oe674 (.const:ti_sysbios_gates_GateMutex_Object__PARAMS__C)
                  c017acb4    00000018     app_pe674.oe674 (.const:ti_sysbios_knl_Queue_Object__PARAMS__C)
                  c017accc    00000004     app_pe674.oe674 (.const:ti_sysbios_family_c64p_Cache_EMIFB_BASE__C)
                  c017acd0    00000016     app_pe674.oe674 (.const:xdc_runtime_Startup_sfxnRts__A)
                  c017ace6    00000002     app_pe674.oe674 (.const:ti_sysbios_family_c64p_Cache_Module__id__C)
                  c017ace8    00000011     ti.targets.rts6000.ae674 : System.oe674 (.const:.string:digtohex)
                  c017acf9    00000001     app_pe674.oe674 (.const:ti_sysbios_timers_timer64_Timer_localTimerBaseId__C)
                  c017acfa    00000002     app_pe674.oe674 (.const:ti_sysbios_family_c64p_EventCombiner_Module__id__C)
                  c017acfc    00000010     ti.drv.spi.ae674 : SPI_drv.oe674 (.const:.string)
                  c017ad0c    00000010                      : SPI_v0.oe674 (.const:.string)
                  c017ad1c    00000004     app_pe674.oe674 (.const:ti_sysbios_family_c64p_Cache_EMIFB_CFG__C)
                  c017ad20    00000010     app_pe674.oe674 (.const:ti_sysbios_family_c64p_EventCombiner_EVTMASK__C)
                  c017ad30    00000008     app_pe674.oe674 (.const:ti_sysbios_knl_Idle_funcList__C)
                  c017ad38    00000008     app_pe674.oe674 (.const:xdc_runtime_Startup_firstFxns__A)
                  c017ad40    00000008     app_pe674.oe674 (.const:xdc_runtime_Startup_firstFxns__C)
                  c017ad48    00000008     app_pe674.oe674 (.const:xdc_runtime_Startup_lastFxns__C)
                  c017ad50    00000004     app_pe674.oe674 (.const:ti_sysbios_family_c64p_Cache_EMIFB_LENGTH__C)
                  c017ad54    00000004     app_pe674.oe674 (.const:ti_sysbios_family_c64p_Cache_EMIFC_BASE__C)
                  c017ad58    00000004     app_pe674.oe674 (.const:ti_sysbios_family_c64p_Cache_EMIFC_CFG__C)
                  c017ad5c    00000004     app_pe674.oe674 (.const:ti_sysbios_family_c64p_Cache_EMIFC_LENGTH__C)
                  c017ad60    00000004     app_pe674.oe674 (.const:ti_sysbios_family_c64p_Cache_E_invalidL1CacheSize__C)
                  c017ad64    00000004     app_pe674.oe674 (.const:ti_sysbios_family_c64p_Cache_E_invalidL2CacheSize__C)
                  c017ad68    00000004     app_pe674.oe674 (.const:ti_sysbios_family_c64p_Cache_MAR0_31__C)
                  c017ad6c    00000004     app_pe674.oe674 (.const:ti_sysbios_family_c64p_Cache_MAR128_159__C)
                  c017ad70    00000004     app_pe674.oe674 (.const:ti_sysbios_family_c64p_Cache_MAR160_191__C)
                  c017ad74    00000004     app_pe674.oe674 (.const:ti_sysbios_family_c64p_Cache_MAR192_223__C)
                  c017ad78    00000004     app_pe674.oe674 (.const:ti_sysbios_family_c64p_Cache_MAR224_255__C)
                  c017ad7c    00000004     app_pe674.oe674 (.const:ti_sysbios_family_c64p_Cache_MAR32_63__C)
                  c017ad80    00000004     app_pe674.oe674 (.const:ti_sysbios_family_c64p_Cache_MAR64_95__C)
                  c017ad84    00000004     app_pe674.oe674 (.const:ti_sysbios_family_c64p_Cache_MAR96_127__C)
                  c017ad88    00000004     app_pe674.oe674 (.const:ti_sysbios_family_c64p_EventCombiner_A_invalidEventId__C)
                  c017ad8c    00000004     app_pe674.oe674 (.const:ti_sysbios_family_c64p_EventCombiner_E_unpluggedEvent__C)
                  c017ad90    00000004     app_pe674.oe674 (.const:ti_sysbios_family_c64p_EventCombiner_Module__diagsEnabled__C)
                  c017ad94    00000004     app_pe674.oe674 (.const:ti_sysbios_family_c64p_EventCombiner_Module__diagsIncluded__C)
                  c017ad98    00000004     app_pe674.oe674 (.const:ti_sysbios_family_c64p_EventCombiner_Module__diagsMask__C)
                  c017ad9c    00000004     app_pe674.oe674 (.const:ti_sysbios_family_c64p_Exception_E_exceptionMax__C)
                  c017ada0    00000004     app_pe674.oe674 (.const:ti_sysbios_family_c64p_Exception_exceptionHook__C)
                  c017ada4    00000004     app_pe674.oe674 (.const:ti_sysbios_family_c64p_Exception_externalHook__C)
                  c017ada8    00000004     app_pe674.oe674 (.const:ti_sysbios_family_c64p_Exception_internalHook__C)
                  c017adac    00000004     app_pe674.oe674 (.const:ti_sysbios_family_c64p_Exception_nmiHook__C)
                  c017adb0    00000004     app_pe674.oe674 (.const:ti_sysbios_family_c64p_Hwi_E_alreadyDefined__C)
                  c017adb4    00000004     app_pe674.oe674 (.const:ti_sysbios_family_c64p_Hwi_E_handleNotFound__C)
                  c017adb8    00000004     app_pe674.oe674 (.const:ti_sysbios_family_c64p_Hwi_E_invalidIntNum__C)
                  c017adbc    00000004     app_pe674.oe674 (.const:ti_sysbios_family_c64p_Hwi_LD_end__C)
                  c017adc0    00000004     app_pe674.oe674 (.const:ti_sysbios_family_c64p_Hwi_LM_begin__C)
                  c017adc4    00000004     app_pe674.oe674 (.const:ti_sysbios_family_c64p_Hwi_Module__diagsEnabled__C)
                  c017adc8    00000004     app_pe674.oe674 (.const:ti_sysbios_family_c64p_Hwi_Module__diagsIncluded__C)
                  c017adcc    00000004     app_pe674.oe674 (.const:ti_sysbios_family_c64p_Hwi_Module__diagsMask__C)
                  c017add0    00000004     app_pe674.oe674 (.const:ti_sysbios_family_c64p_Hwi_Module__loggerFxn1__C)
                  c017add4    00000004     app_pe674.oe674 (.const:ti_sysbios_family_c64p_Hwi_Module__loggerFxn8__C)
                  c017add8    00000004     app_pe674.oe674 (.const:ti_sysbios_family_c64p_Hwi_Module__loggerObj__C)
                  c017addc    00000004     app_pe674.oe674 (.const:ti_sysbios_gates_GateMutex_A_badContext__C)
                  c017ade0    00000004     app_pe674.oe674 (.const:ti_sysbios_gates_GateMutex_Instance_State_sem__O)
                  c017ade4    00000004     app_pe674.oe674 (.const:ti_sysbios_gates_GateMutex_Module__diagsEnabled__C)
                  c017ade8    00000004     app_pe674.oe674 (.const:ti_sysbios_gates_GateMutex_Module__diagsIncluded__C)
                  c017adec    00000004     app_pe674.oe674 (.const:ti_sysbios_gates_GateMutex_Module__diagsMask__C)
                  c017adf0    00000004     app_pe674.oe674 (.const:ti_sysbios_hal_Hwi_E_stackOverflow__C)
                  c017adf4    00000004     app_pe674.oe674 (.const:ti_sysbios_heaps_HeapBuf_Instance_State_freeList__O)
                  c017adf8    00000004     app_pe674.oe674 (.const:ti_sysbios_heaps_HeapBuf_Object__count__C)
                  c017adfc    00000004     app_pe674.oe674 (.const:ti_sysbios_heaps_HeapBuf_numConstructedHeaps__C)
                  c017ae00    00000004     app_pe674.oe674 (.const:ti_sysbios_heaps_HeapMem_A_align__C)
                  c017ae04    00000004     app_pe674.oe674 (.const:ti_sysbios_heaps_HeapMem_A_heapSize__C)
                  c017ae08    00000004     app_pe674.oe674 (.const:ti_sysbios_heaps_HeapMem_A_invalidFree__C)
                  c017ae0c    00000004     app_pe674.oe674 (.const:ti_sysbios_heaps_HeapMem_A_zeroBlock__C)
                  c017ae10    00000004     app_pe674.oe674 (.const:ti_sysbios_heaps_HeapMem_E_memory__C)
                  c017ae14    00000004     app_pe674.oe674 (.const:ti_sysbios_heaps_HeapMem_Module__diagsEnabled__C)
                  c017ae18    00000004     app_pe674.oe674 (.const:ti_sysbios_heaps_HeapMem_Module__diagsIncluded__C)
                  c017ae1c    00000004     app_pe674.oe674 (.const:ti_sysbios_heaps_HeapMem_Module__diagsMask__C)
                  c017ae20    00000004     app_pe674.oe674 (.const:ti_sysbios_heaps_HeapMem_Module__gateObj__C)
                  c017ae24    00000004     app_pe674.oe674 (.const:ti_sysbios_heaps_HeapMem_Object__count__C)
                  c017ae28    00000004     app_pe674.oe674 (.const:ti_sysbios_heaps_HeapMem_reqAlign__C)
                  c017ae2c    00000004     app_pe674.oe674 (.const:ti_sysbios_knl_Clock_LM_begin__C)
                  c017ae30    00000004     app_pe674.oe674 (.const:ti_sysbios_knl_Clock_LM_tick__C)
                  c017ae34    00000004     app_pe674.oe674 (.const:ti_sysbios_knl_Clock_LW_delayed__C)
                  c017ae38    00000004     app_pe674.oe674 (.const:ti_sysbios_knl_Clock_Module_State_clockQ__O)
                  c017ae3c    00000004     app_pe674.oe674 (.const:ti_sysbios_knl_Clock_Module__diagsEnabled__C)
                  c017ae40    00000004     app_pe674.oe674 (.const:ti_sysbios_knl_Clock_Module__diagsIncluded__C)
                  c017ae44    00000004     app_pe674.oe674 (.const:ti_sysbios_knl_Clock_Module__diagsMask__C)
                  c017ae48    00000004     app_pe674.oe674 (.const:ti_sysbios_knl_Clock_Module__loggerFxn1__C)
                  c017ae4c    00000004     app_pe674.oe674 (.const:ti_sysbios_knl_Clock_Module__loggerFxn2__C)
                  c017ae50    00000004     app_pe674.oe674 (.const:ti_sysbios_knl_Clock_Module__loggerObj__C)
                  c017ae54    00000004     app_pe674.oe674 (.const:ti_sysbios_knl_Semaphore_A_badContext__C)
                  c017ae58    00000004     app_pe674.oe674 (.const:ti_sysbios_knl_Idle_funcList__A)
                  c017ae5c    00000004     app_pe674.oe674 (.const:ti_sysbios_knl_Semaphore_A_noEvents__C)
                  c017ae60    00000004     app_pe674.oe674 (.const:ti_sysbios_knl_Semaphore_A_overflow__C)
                  c017ae64    00000004     app_pe674.oe674 (.const:ti_sysbios_knl_Semaphore_A_pendTaskDisabled__C)
                  c017ae68    00000004     app_pe674.oe674 (.const:ti_sysbios_knl_Semaphore_Instance_State_pendQ__O)
                  c017ae6c    00000004     app_pe674.oe674 (.const:ti_sysbios_knl_Semaphore_LM_pend__C)
                  c017ae70    00000004     app_pe674.oe674 (.const:ti_sysbios_knl_Semaphore_LM_post__C)
                  c017ae74    00000004     app_pe674.oe674 (.const:ti_sysbios_knl_Semaphore_Module__diagsEnabled__C)
                  c017ae78    00000004     app_pe674.oe674 (.const:ti_sysbios_knl_Semaphore_Module__diagsIncluded__C)
                  c017ae7c    00000004     app_pe674.oe674 (.const:ti_sysbios_knl_Semaphore_Module__diagsMask__C)
                  c017ae80    00000004     app_pe674.oe674 (.const:ti_sysbios_knl_Semaphore_Module__loggerFxn2__C)
                  c017ae84    00000004     app_pe674.oe674 (.const:ti_sysbios_knl_Semaphore_Module__loggerFxn4__C)
                  c017ae88    00000004     app_pe674.oe674 (.const:ti_sysbios_knl_Semaphore_Module__loggerObj__C)
                  c017ae8c    00000004     app_pe674.oe674 (.const:ti_sysbios_knl_Swi_LD_end__C)
                  c017ae90    00000004     app_pe674.oe674 (.const:ti_sysbios_knl_Swi_LM_begin__C)
                  c017ae94    00000004     app_pe674.oe674 (.const:ti_sysbios_knl_Swi_LM_post__C)
                  c017ae98    00000004     app_pe674.oe674 (.const:ti_sysbios_knl_Swi_Module__diagsEnabled__C)
                  c017ae9c    00000004     app_pe674.oe674 (.const:ti_sysbios_knl_Swi_Module__diagsIncluded__C)
                  c017aea0    00000004     app_pe674.oe674 (.const:ti_sysbios_knl_Swi_Module__diagsMask__C)
                  c017aea4    00000004     app_pe674.oe674 (.const:ti_sysbios_knl_Swi_Module__loggerFxn1__C)
                  c017aea8    00000004     app_pe674.oe674 (.const:ti_sysbios_knl_Swi_Module__loggerFxn4__C)
                  c017aeac    00000004     app_pe674.oe674 (.const:ti_sysbios_knl_Swi_Module__loggerObj__C)
                  c017aeb0    00000004     app_pe674.oe674 (.const:ti_sysbios_knl_Swi_Object__count__C)
                  c017aeb4    00000004     app_pe674.oe674 (.const:ti_sysbios_knl_Task_A_badTimeout__C)
                  c017aeb8    00000004     app_pe674.oe674 (.const:ti_sysbios_knl_Task_A_sleepTaskDisabled__C)
                  c017aebc    00000004     app_pe674.oe674 (.const:ti_sysbios_knl_Task_LD_block__C)
                  c017aec0    00000004     app_pe674.oe674 (.const:ti_sysbios_knl_Task_LD_exit__C)
                  c017aec4    00000004     app_pe674.oe674 (.const:ti_sysbios_knl_Task_LD_ready__C)
                  c017aec8    00000004     app_pe674.oe674 (.const:ti_sysbios_knl_Task_LM_sleep__C)
                  c017aecc    00000004     app_pe674.oe674 (.const:ti_sysbios_knl_Task_LM_switch__C)
                  c017aed0    00000004     app_pe674.oe674 (.const:ti_sysbios_knl_Task_Module_State_inactiveQ__O)
                  c017aed4    00000004     app_pe674.oe674 (.const:ti_sysbios_knl_Task_Module__diagsEnabled__C)
                  c017aed8    00000004     app_pe674.oe674 (.const:ti_sysbios_knl_Task_Module__diagsIncluded__C)
                  c017aedc    00000004     app_pe674.oe674 (.const:ti_sysbios_knl_Task_Module__diagsMask__C)
                  c017aee0    00000004     app_pe674.oe674 (.const:ti_sysbios_knl_Task_Module__loggerFxn2__C)
                  c017aee4    00000004     app_pe674.oe674 (.const:ti_sysbios_knl_Task_Module__loggerFxn4__C)
                  c017aee8    00000004     app_pe674.oe674 (.const:ti_sysbios_knl_Task_Module__loggerObj__C)
                  c017aeec    00000004     app_pe674.oe674 (.const:ti_sysbios_knl_Task_Object__count__C)
                  c017aef0    00000004     app_pe674.oe674 (.const:ti_sysbios_knl_Task_allBlockedFunc__C)
                  c017aef4    00000004     app_pe674.oe674 (.const:ti_sysbios_knl_Task_numConstructedTasks__C)
                  c017aef8    00000004     app_pe674.oe674 (.const:ti_sysbios_timers_timer64_Timer_A_notAvailable__C)
                  c017aefc    00000004     app_pe674.oe674 (.const:ti_sysbios_timers_timer64_Timer_E_cannotSupport__C)
                  c017af00    00000004     app_pe674.oe674 (.const:ti_sysbios_timers_timer64_Timer_Module__diagsEnabled__C)
                  c017af04    00000004     app_pe674.oe674 (.const:ti_sysbios_timers_timer64_Timer_Module__diagsIncluded__C)
                  c017af08    00000004     app_pe674.oe674 (.const:ti_sysbios_timers_timer64_Timer_Module__diagsMask__C)
                  c017af0c    00000004     app_pe674.oe674 (.const:ti_sysbios_timers_timer64_Timer_anyMaskHigh__C)
                  c017af10    00000004     app_pe674.oe674 (.const:ti_sysbios_timers_timer64_Timer_anyMask__C)
                  c017af14    00000004     app_pe674.oe674 (.const:ti_sysbios_timers_timer64_Timer_freqDivisor__C)
                  c017af18    00000004     app_pe674.oe674 (.const:ti_sysbios_timers_timer64_Timer_numLocalTimers__C)
                  c017af1c    00000004     app_pe674.oe674 (.const:ti_sysbios_timers_timer64_Timer_numTimerDevices__C)
                  c017af20    00000004     app_pe674.oe674 (.const:xdc_runtime_Assert_E_assertFailed__C)
                  c017af24    00000004     app_pe674.oe674 (.const:xdc_runtime_Core_A_initializedParams__C)
                  c017af28    00000004     app_pe674.oe674 (.const:xdc_runtime_Core_Module__diagsEnabled__C)
                  c017af2c    00000004     app_pe674.oe674 (.const:xdc_runtime_Core_Module__diagsIncluded__C)
                  c017af30    00000004     app_pe674.oe674 (.const:xdc_runtime_Core_Module__diagsMask__C)
                  c017af34    00000004     app_pe674.oe674 (.const:xdc_runtime_Error_E_memory__C)
                  c017af38    00000004     app_pe674.oe674 (.const:xdc_runtime_Error_Module__diagsEnabled__C)
                  c017af3c    00000004     app_pe674.oe674 (.const:xdc_runtime_Error_Module__diagsIncluded__C)
                  c017af40    00000004     app_pe674.oe674 (.const:xdc_runtime_Error_Module__diagsMask__C)
                  c017af44    00000004     app_pe674.oe674 (.const:xdc_runtime_Error_Module__loggerFxn8__C)
                  c017af48    00000004     app_pe674.oe674 (.const:xdc_runtime_Error_Module__loggerObj__C)
                  c017af4c    00000004     app_pe674.oe674 (.const:xdc_runtime_Error_policyFxn__C)
                  c017af50    00000004     app_pe674.oe674 (.const:xdc_runtime_Error_policy__C)
                  c017af54    00000004     app_pe674.oe674 (.const:xdc_runtime_Error_raiseHook__C)
                  c017af58    00000004     app_pe674.oe674 (.const:xdc_runtime_IGateProvider_Interface__BASE__C)
                  c017af5c    00000004     app_pe674.oe674 (.const:xdc_runtime_IHeap_Interface__BASE__C)
                  c017af60    00000004     app_pe674.oe674 (.const:xdc_runtime_IModule_Interface__BASE__C)
                  c017af64    00000004     app_pe674.oe674 (.const:xdc_runtime_Log_L_error__C)
                  c017af68    00000004     app_pe674.oe674 (.const:xdc_runtime_Memory_defaultHeapInstance__C)
                  c017af6c    00000004     app_pe674.oe674 (.const:xdc_runtime_Startup_execImpl__C)
                  c017af70    00000004     app_pe674.oe674 (.const:xdc_runtime_Startup_maxPasses__C)
                  c017af74    00000004     app_pe674.oe674 (.const:xdc_runtime_Startup_sfxnRts__C)
                  c017af78    00000004     app_pe674.oe674 (.const:xdc_runtime_Startup_sfxnTab__C)
                  c017af7c    00000004     app_pe674.oe674 (.const:xdc_runtime_System_Module__gateObj__C)
                  c017af80    00000004     app_pe674.oe674 (.const:xdc_runtime_System_abortFxn__C)
                  c017af84    00000004     app_pe674.oe674 (.const:xdc_runtime_System_exitFxn__C)
                  c017af88    00000004     app_pe674.oe674 (.const:xdc_runtime_System_extendFxn__C)
                  c017af8c    00000004     app_pe674.oe674 (.const:xdc_runtime_System_maxAtexitHandlers__C)
                  c017af90    00000004     app_pe674.oe674 (.const:xdc_runtime_Text_charTab__C)
                  c017af94    00000004     app_pe674.oe674 (.const:xdc_runtime_Text_nameEmpty__C)
                  c017af98    00000004     app_pe674.oe674 (.const:xdc_runtime_Text_nameStatic__C)
                  c017af9c    00000004     app_pe674.oe674 (.const:xdc_runtime_Text_nameUnknown__C)
                  c017afa0    00000004     app_pe674.oe674 (.const:xdc_runtime_Text_nodeTab__C)
                  c017afa4    00000004     app_pe674.oe674 (.const:xdc_runtime_Text_visitRopeFxn__C)
                  c017afa8    00000002     app_pe674.oe674 (.const:ti_sysbios_family_c64p_Exception_Module__id__C)
                  c017afaa    00000002     app_pe674.oe674 (.const:ti_sysbios_family_c64p_Exception_useInternalBuffer__C)
                  c017afac    00000002     app_pe674.oe674 (.const:ti_sysbios_family_c64p_Hwi_Module__id__C)
                  c017afae    00000002     app_pe674.oe674 (.const:ti_sysbios_family_c64p_Hwi_Module__loggerDefined__C)
                  c017afb0    00000002     app_pe674.oe674 (.const:ti_sysbios_gates_GateMutex_Module__id__C)
                  c017afb2    00000002     app_pe674.oe674 (.const:ti_sysbios_hal_Hwi_Module__id__C)
                  c017afb4    00000002     app_pe674.oe674 (.const:ti_sysbios_heaps_HeapMem_Module__id__C)
                  c017afb6    00000002     app_pe674.oe674 (.const:ti_sysbios_knl_Clock_Module__id__C)
                  c017afb8    00000002     app_pe674.oe674 (.const:ti_sysbios_knl_Clock_Module__loggerDefined__C)
                  c017afba    00000002     app_pe674.oe674 (.const:ti_sysbios_knl_Semaphore_Module__id__C)
                  c017afbc    00000002     app_pe674.oe674 (.const:ti_sysbios_knl_Semaphore_Module__loggerDefined__C)
                  c017afbe    00000002     app_pe674.oe674 (.const:ti_sysbios_knl_Swi_Module__id__C)
                  c017afc0    00000002     app_pe674.oe674 (.const:ti_sysbios_knl_Swi_Module__loggerDefined__C)
                  c017afc2    00000002     app_pe674.oe674 (.const:ti_sysbios_knl_Task_Module__id__C)
                  c017afc4    00000002     app_pe674.oe674 (.const:ti_sysbios_knl_Task_Module__loggerDefined__C)
                  c017afc6    00000002     app_pe674.oe674 (.const:ti_sysbios_timers_timer64_Timer_Module__id__C)
                  c017afc8    00000002     app_pe674.oe674 (.const:ti_sysbios_timers_timer64_Timer_startupNeeded__C)
                  c017afca    00000002     app_pe674.oe674 (.const:ti_sysbios_timers_timer64_Timer_useTimer64pRegMap__C)
                  c017afcc    00000002     app_pe674.oe674 (.const:xdc_runtime_Core_Module__id__C)
                  c017afce    00000002     app_pe674.oe674 (.const:xdc_runtime_Error_Module__loggerDefined__C)
                  c017afd0    00000002     app_pe674.oe674 (.const:xdc_runtime_Error_maxDepth__C)
                  c017afd2    00000002     app_pe674.oe674 (.const:xdc_runtime_Main_Module__id__C)
                  c017afd4    00000002     app_pe674.oe674 (.const:xdc_runtime_Memory_Module__id__C)
                  c017afd6    00000002     app_pe674.oe674 (.const:xdc_runtime_Text_charCnt__C)
                  c017afd8    00000002     app_pe674.oe674 (.const:xdc_runtime_Text_isLoaded__C)
                  c017afda    00000002     app_pe674.oe674 (.const:xdc_runtime_Text_registryModsLastId__C)
                  c017afdc    00000002     app_pe674.oe674 (.const:xdc_runtime_Text_unnamedModsLastId__C)

.fardata   0    c017bfe0    00000d8e     UNINITIALIZED
                  c017bfe0    00000400     app_pe674.oe674 (.fardata:ti_sysbios_family_c64p_EventCombiner_Module__state__V)
                  c017c3e0    000001e0     rts6740_elf.lib : defs.obj (.fardata:_ftable)
                  c017c5c0    000000f0     ti.drv.uart.ae674 : UART_soc.oe674 (.fardata:uartInitCfg)
                  c017c6b0    000000a0     rts6740_elf.lib : write.obj (.fardata:_stream)
                  c017c750    00000098     ti.drv.spi.ae674 : SPI_soc.oe674 (.fardata:spiInitCfg)
                  c017c7e8    00000098     app_pe674.oe674 (.fardata:ti_sysbios_knl_Task_Object__table__V)
                  c017c880    00000080     app_pe674.oe674 (.fardata:ti_sysbios_knl_Swi_Module_State_0_readyQ__A)
                  c017c900    00000078     rts6740_elf.lib : write.obj (.fardata:_device)
                  c017c978    0000006c     app_pe674.oe674 (.fardata:ti_sysbios_family_c64p_Hwi_Module__state__V)
                  c017c9e4    00000004     rts6740_elf.lib : _lock.obj (.fardata:_lock)
                  c017c9e8    00000060     app_pe674.oe674 (.fardata:ti_sysbios_timers_timer64_Timer_Module_State_0_device__A)
                  c017ca48    00000050     app_pe674.oe674 (.fardata:ti_sysbios_timers_timer64_Timer_Object__table__V)
                  c017ca98    00000044     app_pe674.oe674 (.fardata:ti_sysbios_knl_Task_Module__state__V)
                  c017cadc    00000004     rts6740_elf.lib : _lock.obj (.fardata:_unlock)
                  c017cae0    00000040     app_pe674.oe674 (.fardata:ti_sysbios_gates_GateMutex_Object__table__V)
                  c017cb20    00000030     app_pe674.oe674 (.fardata:ti_sysbios_family_c64p_Exception_Module__state__V)
                  c017cb50    00000030     app_pe674.oe674 (.fardata:ti_sysbios_knl_Swi_Object__table__V)
                  c017cb80    0000002c     app_pe674.oe674 (.fardata:ti_sysbios_knl_Clock_Module__state__V)
                  c017cbac    00000024     app_pe674.oe674 (.fardata:ti_sysbios_BIOS_Module__state__V)
                  c017cbd0    00000020     app_pe674.oe674 (.fardata:ti_sysbios_knl_Task_Module_State_0_readyQ__A)
                  c017cbf0    00000020     app_pe674.oe674 (.fardata:ti_sysbios_timers_timer64_Timer_Module_State_0_gctrl__A)
                  c017cc10    00000020     app_pe674.oe674 (.fardata:ti_sysbios_timers_timer64_Timer_Module_State_0_handles__A)
                  c017cc30    00000020     app_pe674.oe674 (.fardata:ti_sysbios_timers_timer64_Timer_Module_State_0_intFreqs__A)
                  c017cc50    00000020     app_pe674.oe674 (.fardata:xdc_runtime_System_Module_State_0_atexitHandlers__A)
                  c017cc70    0000001c     app_pe674.oe674 (.fardata:ti_sysbios_knl_Swi_Module__state__V)
                  c017cc8c    00000018     ti.osal.ae674 : Utils_tirtos.oe674 (.fardata)
                  c017cca4    00000004     rts6740_elf.lib : defs.obj (.fardata)
                  c017cca8    00000018     app_pe674.oe674 (.fardata:ti_sysbios_family_c64p_Hwi_Object__table__V)
                  c017ccc0    00000018     app_pe674.oe674 (.fardata:ti_sysbios_heaps_HeapMem_Object__table__V)
                  c017ccd8    00000018     app_pe674.oe674 (.fardata:ti_sysbios_timers_timer64_Timer_Module__state__V)
                  c017ccf0    0000000c     rts6740_elf.lib : exit.obj (.fardata)
                  c017ccfc    00000008     app_pe674.oe674 (.fardata:ti_sysbios_family_c64p_Hwi_Module__root__V)
                  c017cd04    00000004     app_pe674.oe674 (.fardata:ti_sysbios_family_c64p_Cache_Module__state__V)
                  c017cd08    00000008     app_pe674.oe674 (.fardata:ti_sysbios_family_c64p_primus_TimerSupport_Module_State_0_suspSrc__A)
                  c017cd10    00000008     app_pe674.oe674 (.fardata:ti_sysbios_gates_GateHwi_Module__root__V)
                  c017cd18    00000008     app_pe674.oe674 (.fardata:ti_sysbios_gates_GateMutex_Module__root__V)
                  c017cd20    00000008     app_pe674.oe674 (.fardata:ti_sysbios_hal_Hwi_Object__table__V)
                  c017cd28    00000008     app_pe674.oe674 (.fardata:ti_sysbios_heaps_HeapMem_Module__root__V)
                  c017cd30    00000008     app_pe674.oe674 (.fardata:ti_sysbios_knl_Queue_Module__root__V)
                  c017cd38    00000008     app_pe674.oe674 (.fardata:ti_sysbios_knl_Semaphore_Module__root__V)
                  c017cd40    00000008     app_pe674.oe674 (.fardata:xdc_runtime_Registry_Module__state__V)
                  c017cd48    00000008     app_pe674.oe674 (.fardata:xdc_runtime_Startup_Module__state__V)
                  c017cd50    00000008     app_pe674.oe674 (.fardata:xdc_runtime_System_Module__state__V)
                  c017cd58    00000004     app_pe674.oe674 (.fardata:ti_sysbios_family_c64p_primus_TimerSupport_Module__state__V)
                  c017cd5c    00000004     app_pe674.oe674 (.fardata:ti_sysbios_heaps_HeapBuf_Module__state__V)
                  c017cd60    00000004     app_pe674.oe674 (.fardata:ti_sysbios_gates_GateHwi_Object__table__V)
                  c017cd64    00000004     app_pe674.oe674 (.fardata:xdc_runtime_Memory_Module__state__V)
                  c017cd68    00000004     app_pe674.oe674 (.fardata:ti_sysbios_knl_Task_Module_State_0_idleTask__A)
                  c017cd6c    00000002     app_pe674.oe674 (.fardata:xdc_runtime_Error_Module__state__V)

.cio       0    c017cd70    00000120     UNINITIALIZED
                  c017cd70    00000120     rts6740_elf.lib : trgmsg.obj (.cio)

.switch    0    c017ce90    0000004c     
                  c017ce90    00000024     ti.drv.uart.ae674 : UART_stdio.oe674 (.switch:UART_printf)
                  c017ceb4    00000018     ti.drv.spi.ae674 : SPI_v0.oe674 (.switch:SPI_control_v0$0)
                  c017cecc    00000010                      : SPI_v0.oe674 (.switch:SPI_open_v0$0)

MODULE SUMMARY

       Module                        code    ro data   rw data
       ------                        ----    -------   -------
    .\
       main.obj                      448     80        0      
    +--+-----------------------------+-------+---------+---------+
       Total:                        448     80        0      
                                                              
    D:\Users\zhuji\Projects\CCD\SY18-201708\DSP\spiTest\Debug\configPkg\package\cfg\
       app_pe674.oe674               4480    7905      1462494
    +--+-----------------------------+-------+---------+---------+
       Total:                        4480    7905      1462494
                                                              
    D:\Users\zhuji\Projects\CCD\SY18-201708\DSP\spiTest\src\sysbios\sysbios.ae674
       BIOS.obj                      30944   1304      0      
       c64p_Hwi_disp_always.obj      512     0         0      
       c64p_Exception_asm.obj        384     0         0      
       c62_TaskSupport_asm.obj       224     0         0      
       c64p_Hwi_asm_switch.obj       192     0         0      
       c64p_Hwi_asm.obj              160     0         0      
    +--+-----------------------------+-------+---------+---------+
       Total:                        32416   1304      0      
                                                              
    D:\ti\bios_6_46_05_55\packages\ti\targets\rts6000\lib\boot.ae674
       autoinit.oe674                320     0         0      
       boot.oe674                    160     0         0      
    +--+-----------------------------+-------+---------+---------+
       Total:                        480     0         0      
                                                              
    D:\ti\bios_6_46_05_55\packages\ti\targets\rts6000\lib\ti.targets.rts6000.ae674
       System.oe674                  3232    25        0      
       Text.oe674                    1696    64        0      
       Error.oe674                   1056    88        0      
       Core-mem.oe674                832     0         0      
       Startup.oe674                 768     44        0      
       Memory.oe674                  448     0         0      
       Core-smem.oe674               384     0         0      
       SysStd.oe674                  192     0         0      
       Assert.oe674                  160     4         0      
       Core-label.oe674              128     0         0      
       Core-params.oe674             128     0         0      
       Gate.oe674                    64      0         0      
       Registry.oe674                64      0         0      
    +--+-----------------------------+-------+---------+---------+
       Total:                        9152    225       0      
                                                              
    D:\ti\ccsv7\tools\compiler\ti-cgt-c6000_8.2.1\lib\rts6740_elf.lib
       defs.obj                      0       0         804    
       imath64.obj                   704     0         0      
[...]
c017ad7c  ti_sysbios_family_c64p_Cache_MAR32_63__C                            
c017ad80  ti_sysbios_family_c64p_Cache_MAR64_95__C                            
c017ad84  ti_sysbios_family_c64p_Cache_MAR96_127__C                           
c017ad88  ti_sysbios_family_c64p_EventCombiner_A_invalidEventId__C            
c017ad8c  ti_sysbios_family_c64p_EventCombiner_E_unpluggedEvent__C            
c017ad90  ti_sysbios_family_c64p_EventCombiner_Module__diagsEnabled__C        
c017ad94  ti_sysbios_family_c64p_EventCombiner_Module__diagsIncluded__C       
c017ad98  ti_sysbios_family_c64p_EventCombiner_Module__diagsMask__C           
c017ad9c  ti_sysbios_family_c64p_Exception_E_exceptionMax__C                  
c017ada0  ti_sysbios_family_c64p_Exception_exceptionHook__C                   
c017ada4  ti_sysbios_family_c64p_Exception_externalHook__C                    
c017ada8  ti_sysbios_family_c64p_Exception_internalHook__C                    
c017adac  ti_sysbios_family_c64p_Exception_nmiHook__C                         
c017adb0  ti_sysbios_family_c64p_Hwi_E_alreadyDefined__C                      
c017adb4  ti_sysbios_family_c64p_Hwi_E_handleNotFound__C                      
c017adb8  ti_sysbios_family_c64p_Hwi_E_invalidIntNum__C                       
c017adbc  ti_sysbios_family_c64p_Hwi_LD_end__C                                
c017adc0  ti_sysbios_family_c64p_Hwi_LM_begin__C                              
c017adc4  ti_sysbios_family_c64p_Hwi_Module__diagsEnabled__C                  
c017adc8  ti_sysbios_family_c64p_Hwi_Module__diagsIncluded__C                 
c017adcc  ti_sysbios_family_c64p_Hwi_Module__diagsMask__C                     
c017add0  ti_sysbios_family_c64p_Hwi_Module__loggerFxn1__C                    
c017add4  ti_sysbios_family_c64p_Hwi_Module__loggerFxn8__C                    
c017add8  ti_sysbios_family_c64p_Hwi_Module__loggerObj__C                     
c017addc  ti_sysbios_gates_GateMutex_A_badContext__C                          
c017ade0  ti_sysbios_gates_GateMutex_Instance_State_sem__O                    
c017ade4  ti_sysbios_gates_GateMutex_Module__diagsEnabled__C                  
c017ade8  ti_sysbios_gates_GateMutex_Module__diagsIncluded__C                 
c017adec  ti_sysbios_gates_GateMutex_Module__diagsMask__C                     
c017adf0  ti_sysbios_hal_Hwi_E_stackOverflow__C                               
c017adf4  ti_sysbios_heaps_HeapBuf_Instance_State_freeList__O                 
c017adf8  ti_sysbios_heaps_HeapBuf_Object__count__C                           
c017adfc  ti_sysbios_heaps_HeapBuf_numConstructedHeaps__C                     
c017ae00  ti_sysbios_heaps_HeapMem_A_align__C                                 
c017ae04  ti_sysbios_heaps_HeapMem_A_heapSize__C                              
c017ae08  ti_sysbios_heaps_HeapMem_A_invalidFree__C                           
c017ae0c  ti_sysbios_heaps_HeapMem_A_zeroBlock__C                             
c017ae10  ti_sysbios_heaps_HeapMem_E_memory__C                                
c017ae14  ti_sysbios_heaps_HeapMem_Module__diagsEnabled__C                    
c017ae18  ti_sysbios_heaps_HeapMem_Module__diagsIncluded__C                   
c017ae1c  ti_sysbios_heaps_HeapMem_Module__diagsMask__C                       
c017ae20  ti_sysbios_heaps_HeapMem_Module__gateObj__C                         
c017ae24  ti_sysbios_heaps_HeapMem_Object__count__C                           
c017ae28  ti_sysbios_heaps_HeapMem_reqAlign__C                                
c017ae2c  ti_sysbios_knl_Clock_LM_begin__C                                    
c017ae30  ti_sysbios_knl_Clock_LM_tick__C                                     
c017ae34  ti_sysbios_knl_Clock_LW_delayed__C                                  
c017ae38  ti_sysbios_knl_Clock_Module_State_clockQ__O                         
c017ae3c  ti_sysbios_knl_Clock_Module__diagsEnabled__C                        
c017ae40  ti_sysbios_knl_Clock_Module__diagsIncluded__C                       
c017ae44  ti_sysbios_knl_Clock_Module__diagsMask__C                           
c017ae48  ti_sysbios_knl_Clock_Module__loggerFxn1__C                          
c017ae4c  ti_sysbios_knl_Clock_Module__loggerFxn2__C                          
c017ae50  ti_sysbios_knl_Clock_Module__loggerObj__C                           
c017ae54  ti_sysbios_knl_Semaphore_A_badContext__C                            
c017ae58  ti_sysbios_knl_Idle_funcList__A                                     
c017ae5c  ti_sysbios_knl_Semaphore_A_noEvents__C                              
c017ae60  ti_sysbios_knl_Semaphore_A_overflow__C                              
c017ae64  ti_sysbios_knl_Semaphore_A_pendTaskDisabled__C                      
c017ae68  ti_sysbios_knl_Semaphore_Instance_State_pendQ__O                    
c017ae6c  ti_sysbios_knl_Semaphore_LM_pend__C                                 
c017ae70  ti_sysbios_knl_Semaphore_LM_post__C                                 
c017ae74  ti_sysbios_knl_Semaphore_Module__diagsEnabled__C                    
c017ae78  ti_sysbios_knl_Semaphore_Module__diagsIncluded__C                   
c017ae7c  ti_sysbios_knl_Semaphore_Module__diagsMask__C                       
c017ae80  ti_sysbios_knl_Semaphore_Module__loggerFxn2__C                      
c017ae84  ti_sysbios_knl_Semaphore_Module__loggerFxn4__C                      
c017ae88  ti_sysbios_knl_Semaphore_Module__loggerObj__C                       
c017ae8c  ti_sysbios_knl_Swi_LD_end__C                                        
c017ae90  ti_sysbios_knl_Swi_LM_begin__C                                      
c017ae94  ti_sysbios_knl_Swi_LM_post__C                                       
c017ae98  ti_sysbios_knl_Swi_Module__diagsEnabled__C                          
c017ae9c  ti_sysbios_knl_Swi_Module__diagsIncluded__C                         
c017aea0  ti_sysbios_knl_Swi_Module__diagsMask__C                             
c017aea4  ti_sysbios_knl_Swi_Module__loggerFxn1__C                            
c017aea8  ti_sysbios_knl_Swi_Module__loggerFxn4__C                            
c017aeac  ti_sysbios_knl_Swi_Module__loggerObj__C                             
c017aeb0  ti_sysbios_knl_Swi_Object__count__C                                 
c017aeb4  ti_sysbios_knl_Task_A_badTimeout__C                                 
c017aeb8  ti_sysbios_knl_Task_A_sleepTaskDisabled__C                          
c017aebc  ti_sysbios_knl_Task_LD_block__C                                     
c017aec0  ti_sysbios_knl_Task_LD_exit__C                                      
c017aec4  ti_sysbios_knl_Task_LD_ready__C                                     
c017aec8  ti_sysbios_knl_Task_LM_sleep__C                                     
c017aecc  ti_sysbios_knl_Task_LM_switch__C                                    
c017aed0  ti_sysbios_knl_Task_Module_State_inactiveQ__O                       
c017aed4  ti_sysbios_knl_Task_Module__diagsEnabled__C                         
c017aed8  ti_sysbios_knl_Task_Module__diagsIncluded__C                        
c017aedc  ti_sysbios_knl_Task_Module__diagsMask__C                            
c017aee0  ti_sysbios_knl_Task_Module__loggerFxn2__C                           
c017aee4  ti_sysbios_knl_Task_Module__loggerFxn4__C                           
c017aee8  ti_sysbios_knl_Task_Module__loggerObj__C                            
c017aeec  ti_sysbios_knl_Task_Object__count__C                                
c017aef0  ti_sysbios_knl_Task_allBlockedFunc__C                               
c017aef4  ti_sysbios_knl_Task_numConstructedTasks__C                          
c017aef8  ti_sysbios_timers_timer64_Timer_A_notAvailable__C                   
c017aefc  ti_sysbios_timers_timer64_Timer_E_cannotSupport__C                  
c017af00  ti_sysbios_timers_timer64_Timer_Module__diagsEnabled__C             
c017af04  ti_sysbios_timers_timer64_Timer_Module__diagsIncluded__C            
c017af08  ti_sysbios_timers_timer64_Timer_Module__diagsMask__C                
c017af0c  ti_sysbios_timers_timer64_Timer_anyMaskHigh__C                      
c017af10  ti_sysbios_timers_timer64_Timer_anyMask__C                          
c017af14  ti_sysbios_timers_timer64_Timer_freqDivisor__C                      
c017af18  ti_sysbios_timers_timer64_Timer_numLocalTimers__C                   
c017af1c  ti_sysbios_timers_timer64_Timer_numTimerDevices__C                  
c017af20  xdc_runtime_Assert_E_assertFailed__C                                
c017af24  xdc_runtime_Core_A_initializedParams__C                             
c017af28  xdc_runtime_Core_Module__diagsEnabled__C                            
c017af2c  xdc_runtime_Core_Module__diagsIncluded__C                           
c017af30  xdc_runtime_Core_Module__diagsMask__C                               
c017af34  xdc_runtime_Error_E_memory__C                                       
c017af38  xdc_runtime_Error_Module__diagsEnabled__C                           
c017af3c  xdc_runtime_Error_Module__diagsIncluded__C                          
c017af40  xdc_runtime_Error_Module__diagsMask__C                              
c017af44  xdc_runtime_Error_Module__loggerFxn8__C                             
c017af48  xdc_runtime_Error_Module__loggerObj__C                              
c017af4c  xdc_runtime_Error_policyFxn__C                                      
c017af50  xdc_runtime_Error_policy__C                                         
c017af54  xdc_runtime_Error_raiseHook__C                                      
c017af58  xdc_runtime_IGateProvider_Interface__BASE__C                        
c017af5c  xdc_runtime_IHeap_Interface__BASE__C                                
c017af60  xdc_runtime_IModule_Interface__BASE__C                              
c017af64  xdc_runtime_Log_L_error__C                                          
c017af68  xdc_runtime_Memory_defaultHeapInstance__C                           
c017af6c  xdc_runtime_Startup_execImpl__C                                     
c017af70  xdc_runtime_Startup_maxPasses__C                                    
c017af74  xdc_runtime_Startup_sfxnRts__C                                      
c017af78  xdc_runtime_Startup_sfxnTab__C                                      
c017af7c  xdc_runtime_System_Module__gateObj__C                               
c017af80  xdc_runtime_System_abortFxn__C                                      
c017af84  xdc_runtime_System_exitFxn__C                                       
c017af88  xdc_runtime_System_extendFxn__C                                     
c017af8c  xdc_runtime_System_maxAtexitHandlers__C                             
c017af90  xdc_runtime_Text_charTab__C                                         
c017af94  xdc_runtime_Text_nameEmpty__C                                       
c017af98  xdc_runtime_Text_nameStatic__C                                      
c017af9c  xdc_runtime_Text_nameUnknown__C                                     
c017afa0  xdc_runtime_Text_nodeTab__C                                         
c017afa4  xdc_runtime_Text_visitRopeFxn__C                                    
c017afa8  ti_sysbios_family_c64p_Exception_Module__id__C                      
c017afaa  ti_sysbios_family_c64p_Exception_useInternalBuffer__C               
c017afac  ti_sysbios_family_c64p_Hwi_Module__id__C                            
c017afae  ti_sysbios_family_c64p_Hwi_Module__loggerDefined__C                 
c017afb0  ti_sysbios_gates_GateMutex_Module__id__C                            
c017afb2  ti_sysbios_hal_Hwi_Module__id__C                                    
c017afb4  ti_sysbios_heaps_HeapMem_Module__id__C                              
c017afb6  ti_sysbios_knl_Clock_Module__id__C                                  
c017afb8  ti_sysbios_knl_Clock_Module__loggerDefined__C                       
c017afba  ti_sysbios_knl_Semaphore_Module__id__C                              
c017afbc  ti_sysbios_knl_Semaphore_Module__loggerDefined__C                   
c017afbe  ti_sysbios_knl_Swi_Module__id__C                                    
c017afc0  ti_sysbios_knl_Swi_Module__loggerDefined__C                         
c017afc2  ti_sysbios_knl_Task_Module__id__C                                   
c017afc4  ti_sysbios_knl_Task_Module__loggerDefined__C                        
c017afc6  ti_sysbios_timers_timer64_Timer_Module__id__C                       
c017afc8  ti_sysbios_timers_timer64_Timer_startupNeeded__C                    
c017afca  ti_sysbios_timers_timer64_Timer_useTimer64pRegMap__C                
c017afcc  xdc_runtime_Core_Module__id__C                                      
c017afce  xdc_runtime_Error_Module__loggerDefined__C                          
c017afd0  xdc_runtime_Error_maxDepth__C                                       
c017afd2  xdc_runtime_Main_Module__id__C                                      
c017afd4  xdc_runtime_Memory_Module__id__C                                    
c017afd6  xdc_runtime_Text_charCnt__C                                         
c017afd8  xdc_runtime_Text_isLoaded__C                                        
c017afda  xdc_runtime_Text_registryModsLastId__C                              
c017afdc  xdc_runtime_Text_unnamedModsLastId__C                               
c017afe0  _stack                                                              
c017bfe0  __TI_STACK_END                                                      
c017bfe0  ti_sysbios_family_c64p_EventCombiner_Module__state__V               
c017c3e0  _ftable                                                             
c017c5c0  uartInitCfg                                                         
c017c6b0  _stream                                                             
c017c750  spiInitCfg                                                          
c017c7e8  ti_sysbios_knl_Task_Object__table__V                                
c017c880  ti_sysbios_knl_Swi_Module_State_0_readyQ__A                         
c017c900  _device                                                             
c017c978  ti_sysbios_family_c64p_Hwi_Module__state__V                         
c017c9e4  _lock                                                               
c017c9e8  ti_sysbios_timers_timer64_Timer_Module_State_0_device__A            
c017ca48  ti_sysbios_timers_timer64_Timer_Object__table__V                    
c017ca98  ti_sysbios_knl_Task_Module__state__V                                
c017cadc  _unlock                                                             
c017cae0  ti_sysbios_gates_GateMutex_Object__table__V                         
c017cb20  ti_sysbios_family_c64p_Exception_Module__state__V                   
c017cb50  ti_sysbios_knl_Swi_Object__table__V                                 
c017cb80  ti_sysbios_knl_Clock_Module__state__V                               
c017cbac  ti_sysbios_BIOS_Module__state__V                                    
c017cbd0  ti_sysbios_knl_Task_Module_State_0_readyQ__A                        
c017cbf0  ti_sysbios_timers_timer64_Timer_Module_State_0_gctrl__A             
c017cc10  ti_sysbios_timers_timer64_Timer_Module_State_0_handles__A           
c017cc30  ti_sysbios_timers_timer64_Timer_Module_State_0_intFreqs__A          
c017cc50  xdc_runtime_System_Module_State_0_atexitHandlers__A                 
c017cc70  ti_sysbios_knl_Swi_Module__state__V                                 
c017cc8c  gOsal_HwAttrs                                                       
c017cca4  __TI_ft_end                                                         
c017cca8  ti_sysbios_family_c64p_Hwi_Object__table__V                         
c017ccc0  ti_sysbios_heaps_HeapMem_Object__table__V                           
c017ccd8  ti_sysbios_timers_timer64_Timer_Module__state__V                    
c017ccf0  __TI_cleanup_ptr                                                    
c017ccf4  __TI_dtors_ptr                                                      
c017ccf8  __TI_enable_exit_profile_output                                     
c017ccfc  ti_sysbios_family_c64p_Hwi_Module__root__V                          
c017cd04  ti_sysbios_family_c64p_Cache_Module__state__V                       
c017cd08  ti_sysbios_family_c64p_primus_TimerSupport_Module_State_0_suspSrc__A
c017cd10  ti_sysbios_gates_GateHwi_Module__root__V                            
c017cd18  ti_sysbios_gates_GateMutex_Module__root__V                          
c017cd20  ti_sysbios_hal_Hwi_Object__table__V                                 
c017cd28  ti_sysbios_heaps_HeapMem_Module__root__V                            
c017cd30  ti_sysbios_knl_Queue_Module__root__V                                
c017cd38  ti_sysbios_knl_Semaphore_Module__root__V                            
c017cd40  xdc_runtime_Registry_Module__state__V                               
c017cd48  xdc_runtime_Startup_Module__state__V                                
c017cd50  xdc_runtime_System_Module__state__V                                 
c017cd58  ti_sysbios_family_c64p_primus_TimerSupport_Module__state__V         
c017cd5c  ti_sysbios_heaps_HeapBuf_Module__state__V                           
c017cd60  ti_sysbios_gates_GateHwi_Object__table__V                           
c017cd64  xdc_runtime_Memory_Module__state__V                                 
c017cd68  ti_sysbios_knl_Task_Module_State_0_idleTask__A                      
c017cd6c  xdc_runtime_Error_Module__state__V                                  
c017cd70  __CIOBUF_                                                           
c017cedc  __TI_STATIC_BASE                                                    
c017d000  ti_sysbios_family_c64p_Hwi0                                         
c017d000  ti_sysbios_family_c64p_Hwi_int0                                     
c017d020  ti_sysbios_family_c64p_Hwi_int1                                     
c017d040  ti_sysbios_family_c64p_Hwi_int2                                     
c017d060  ti_sysbios_family_c64p_Hwi_int3                                     
c017d080  ti_sysbios_family_c64p_Hwi_int4                                     
c017d0a0  ti_sysbios_family_c64p_Hwi_int5                                     
c017d0c0  ti_sysbios_family_c64p_Hwi_int6                                     
c017d0e0  ti_sysbios_family_c64p_Hwi_int7                                     
c017d100  ti_sysbios_family_c64p_Hwi_int8                                     
c017d120  ti_sysbios_family_c64p_Hwi_int9                                     
c017d140  ti_sysbios_family_c64p_Hwi_int10                                    
c017d160  ti_sysbios_family_c64p_Hwi_int11                                    
c017d180  ti_sysbios_family_c64p_Hwi_int12                                    
c017d1a0  ti_sysbios_family_c64p_Hwi_int13                                    
c017d1c0  ti_sysbios_family_c64p_Hwi_int14                                    
c017d1e0  ti_sysbios_family_c64p_Hwi_int15                                    
c017dab4  __TI_Handler_Table_Base                                             
c017dabc  __TI_Handler_Table_Limit                                            
c017dac0  __TI_CINIT_Base                                                     
c017dae0  __TI_CINIT_Limit                                                    
ffffffff  __TI_pprof_out_hndl                                                 
ffffffff  __TI_prof_data_size                                                 
ffffffff  __TI_prof_data_start                                                
ffffffff  __binit__                                                           
ffffffff  __c_args__                                                          
ffffffff  binit                                                               
UNDEFED   __TI_INITARRAY_Base                                                 
UNDEFED   __TI_INITARRAY_Limit                                                
UNDEFED   __TI_TLS_INIT_Base                                                  
UNDEFED   __TI_TLS_INIT_Limit                                                 

[730 symbols]
