******************************************************************************
               TMS320C6x Linker PC v8.2.1                      
******************************************************************************
>> Linked Mon Sep 25 10:54:21 2017

OUTPUT FILE NAME:   <uartTest.out>
ENTRY POINT SYMBOL: "_c_int00"  address: c0041100


MEMORY CONFIGURATION

         name            origin    length      used     unused   attr    fill
----------------------  --------  ---------  --------  --------  ----  --------
  IROM                  11700000   00100000  00000000  00100000  R  X
  IRAM                  11800000   00040000  00000000  00040000  RW X
  L3_CBA_RAM            80000000   00020000  00000000  00020000  RW X
  DDR                   c0000000   08000000  0004a7e0  07fb5820  RWIX


SEGMENT ALLOCATION MAP

run origin  load origin   length   init length attrs members
----------  ----------- ---------- ----------- ----- -------
c0000000    c0000000    00032000   00000000    rw-
  c0000000    c0000000    00032000   00000000    rw- systemHeap
c0032000    c0032000    00015496   00015496    r-x
  c0032000    c0032000    00012d40   00012d40    r-x .text
  c0044d40    c0044d40    00002756   00002756    r-- .const
c0047498    c0047498    000028c0   00000000    rw-
  c0047498    c0047498    00001000   00000000    rw- .stack
  c0048498    c0048498    00000cb2   00000000    rw- .fardata
  c004914c    c004914c    00000004   00000000    rw- .neardata
  c0049150    c0049150    00000ae8   00000000    rw- .far
  c0049c38    c0049c38    00000120   00000000    rw- .cio
c0049d58    c0049d58    00000024   00000024    r--
  c0049d58    c0049d58    00000024   00000024    r-- .switch
c004a000    c004a000    00000a68   00000a68    r-x
  c004a000    c004a000    00000200   00000200    r-x .vecs
  c004a200    c004a200    00000868   00000868    r-- .cinit


SECTION ALLOCATION MAP

 output                                  attributes/
section   page    origin      length       input sections
--------  ----  ----------  ----------   ----------------
.stack     0    c0047498    00001000     UNINITIALIZED
                  c0047498    00000008     boot.ae674 : boot.oe674 (.stack)
                  c00474a0    00000ff8     --HOLE--

.bss       0    c004914c    00000000     UNINITIALIZED

.neardata 
*          0    c004914c    00000004     UNINITIALIZED
                  c004914c    00000004     ti.drv.uart.ae674 : UART_drv.oe674 (.neardata)

.rodata    0    c0049150    00000000     UNINITIALIZED

.cinit     0    c004a200    00000868     
                  c004a200    0000081b     (.cinit..fardata.load) [load image, compression = rle]
                  c004aa1b    0000000d     (.cinit.systemHeap.load) [load image, compression = rle]
                  c004aa28    0000000b     (.cinit..far.load) [load image, compression = rle]
                  c004aa33    00000009     (.cinit..neardata.load) [load image, compression = rle]
                  c004aa3c    00000008     (__TI_handler_table)
                  c004aa44    00000004     --HOLE-- [fill = 0]
                  c004aa48    00000020     (__TI_cinit_table)

.init_array 
*          0    c0000000    00000000     UNINITIALIZED

systemHeap 
*          0    c0000000    00032000     UNINITIALIZED
                  c0000000    00032000     app_pe674.oe674 (systemHeap)

.vecs      0    c004a000    00000200     
                  c004a000    00000200     app_pe674.oe674 (.vecs)

xdc.meta   0    c0000000    00000100     COPY SECTION
                  c0000000    00000100     app_pe674.oe674 (xdc.meta)

.text      0    c0032000    00012d40     
                  c0032000    00000ae0     ti.drv.uart.ae674 : UART_stdio.oe674 (.text:UART_printf)
                  c0032ae0    000008a0     ti.targets.rts6000.ae674 : System.oe674 (.text:xdc_runtime_System_doPrint__I)
                  c0033380    00000780     sysbios.ae674 : BIOS.obj (.text:ti_sysbios_family_c64p_Exception_handler__I)
                  c0033b00    00000740                   : BIOS.obj (.text:ti_sysbios_knl_Semaphore_pend__E)
                  c0034240    000006c0                   : BIOS.obj (.text:ti_sysbios_timers_timer64_Timer_Module_startup__E)
                  c0034900    00000660     ti.drv.uart.ae674 : UART_v0.oe674 (.text:UART_v0_hwiIntFxn$0)
                  c0034f60    00000640     sysbios.ae674 : BIOS.obj (.text:ti_sysbios_heaps_HeapMem_allocUnprotected__E)
                  c00355a0    000005a0                   : BIOS.obj (.text:ti_sysbios_heaps_HeapMem_freeUnprotected__E)
                  c0035b40    00000500                   : BIOS.obj (.text:ti_sysbios_family_c64p_Cache_Module_startup__E)
                  c0036040    00000500                   : BIOS.obj (.text:ti_sysbios_knl_Task_Instance_finalize__E)
                  c0036540    00000460                   : BIOS.obj (.text:ti_sysbios_knl_Task_sleep__E)
                  c00369a0    00000420     ti.drv.uart.ae674 : UART_v0.oe674 (.text:UART_write2_v0$0)
                  c0036dc0    000003c0                       : UART_v0.oe674 (.text:UART_read2_v0$0)
                  c0037180    000003a0     sysbios.ae674 : BIOS.obj (.text:ti_sysbios_knl_Task_Instance_init__E)
                  c0037520    00000360     ti.drv.uart.ae674 : UART_v0.oe674 (.text:UART_open_v0$0)
                  c0037880    00000340     sysbios.ae674 : BIOS.obj (.text:ti_sysbios_timers_timer64_Timer_deviceConfig__I)
                  c0037bc0    00000320                   : BIOS.obj (.text:ti_sysbios_knl_Swi_runLoop__I)
                  c0037ee0    000002e0     ti.board.ae674 : lcdkOMAPL138_pll.oe674 (.text:Board_CorePLLConfig)
                  c00381c0    000002e0     sysbios.ae674 : BIOS.obj (.text:ti_sysbios_knl_Task_Module_startup__E)
                  c00384a0    000002c0     ti.board.ae674 : lcdkOMAPL138_pll.oe674 (.text:Board_DDRPLLConfig)
                  c0038760    000002c0     sysbios.ae674 : BIOS.obj (.text:ti_sysbios_heaps_HeapMem_Instance_init__E)
                  c0038a20    000002a0                   : BIOS.obj (.text:ti_sysbios_knl_Clock_workFunc__E)
                  c0038cc0    00000280     ti.board.ae674 : lcdkOMAPL138_clock.oe674 (.text:Board_moduleClockEnable)
                  c0038f40    00000280     sysbios.ae674 : BIOS.obj (.text:ti_sysbios_family_c64p_Hwi_reconfig__E)
                  c00391c0    00000260     ti.board.ae674 : lcdkOMAPL138_pinmux.oe674 (.text:Board_pinmuxConfig)
                  c0039420    00000260     rts6740_elf.lib : imath64.obj (.text:__c6xabi_divull)
                  c0039680    00000260     sysbios.ae674 : BIOS.obj (.text:ti_sysbios_family_c64p_Cache_block__I)
                  c00398e0    00000260                   : BIOS.obj (.text:ti_sysbios_family_c64p_Hwi_dispatchCore__I)
                  c0039b40    00000240                   : BIOS.obj (.text:ti_sysbios_family_c64p_EventCombiner_dispatch__E)
                  c0039d80    00000240                   : BIOS.obj (.text:ti_sysbios_family_c64p_Exception_internalHandler__I)
                  c0039fc0    00000240                   : BIOS.obj (.text:ti_sysbios_knl_Semaphore_post__E)
                  c003a200    00000240     app_pe674.oe674 (.text:xdc_runtime_System_printfExtend__I)
                  c003a440    00000220     rts6740_elf.lib : fputc.obj (.text:fputc)
                  c003a660    00000220                     : setvbuf.obj (.text:setvbuf)
                  c003a880    00000220     sysbios.ae674 : BIOS.obj (.text:ti_sysbios_knl_Swi_run__I)
                  c003aaa0    00000220                   : BIOS.obj (.text:ti_sysbios_timers_timer64_Timer_setPeriodMicroSecs__E)
                  c003acc0    00000220     ti.targets.rts6000.ae674 : Core-mem.oe674 (.text:xdc_runtime_Core_createObject__I)
                  c003aee0    00000200     ti.board.ae674 : lcdkOMAPL138_clock.oe674 (.text:Board_moduleClockSyncReset)
                  c003b0e0    00000200     sysbios.ae674 : c64p_Hwi_disp_always.obj (.text:_ti_sysbios_family_c64p_Hwi_dispatchAlways)
                  c003b2e0    00000200                   : BIOS.obj (.text:ti_sysbios_family_c64p_EventCombiner_dispatchPlug__E)
                  c003b4e0    000001e0                   : BIOS.obj (.text:ti_sysbios_gates_GateMutex_enter__E)
                  c003b6c0    000001e0     ti.targets.rts6000.ae674 : Error.oe674 (.text:xdc_runtime_Error_policyDefault__E)
                  c003b8a0    000001e0                              : Startup.oe674 (.text:xdc_runtime_Startup_startMods__I)
                  c003ba80    000001c0     sysbios.ae674 : BIOS.obj (.text:ti_sysbios_timers_timer64_Timer_getFreq__E)
                  c003bc40    000001c0     ti.targets.rts6000.ae674 : Text.oe674 (.text:xdc_runtime_Text_putSite__E)
                  c003be00    000001a0     ti.board.ae674 : lcdkOMAPL138_ddr.oe674 (.text:Board_DDR3Init)
                  c003bfa0    000001a0     rts6740_elf.lib : hostrename.obj (.text:HOSTrename)
                  c003c140    000001a0     ti.drv.uart.ae674 : UART_v0.oe674 (.text:UART_readPolling_v0$0)
                  c003c2e0    000001a0     sysbios.ae674 : BIOS.obj (.text:ti_sysbios_family_c64p_Cache_getL2InitSize__I)
                  c003c480    000001a0                   : BIOS.obj (.text:ti_sysbios_heaps_HeapBuf_Module_startup__E)
                  c003c620    000001a0                   : BIOS.obj (.text:ti_sysbios_timers_timer64_Timer_start__E)
                  c003c7c0    00000180                   : c64p_Exception_asm.obj (.text)
                  c003c940    00000180                   : BIOS.obj (.text:ti_sysbios_knl_Task_exit__E)
                  c003cac0    00000180                   : BIOS.obj (.text:ti_sysbios_knl_Task_schedule__I)
                  c003cc40    00000180                   : BIOS.obj (.text:ti_sysbios_knl_Task_startCore__E)
                  c003cdc0    00000180     ti.targets.rts6000.ae674 : Core-smem.oe674 (.text:xdc_runtime_Core_constructObject__I)
                  c003cf40    00000160     ti.board.ae674 : lcdkOMAPL138.oe674 (.text:Board_init)
                  c003d0a0    00000160     sysbios.ae674 : BIOS.obj (.text:ti_sysbios_knl_Swi_post__E)
                  c003d200    00000160                   : BIOS.obj (.text:ti_sysbios_knl_Task_postInit__I)
                  c003d360    00000140     ti.osal.ae674 : RegisterIntr_tirtos.oe674 (.text:Osal_RegisterInterrupt)
                  c003d4a0    00000140     rts6740_elf.lib : fclose.obj (.text:__TI_closefile)
                  c003d5e0    00000140     boot.ae674 : autoinit.oe674 (.text:_auto_init_elf)
                  c003d720    00000140     rts6740_elf.lib : fflush.obj (.text:fflush)
                  c003d860    00000140                     : getdevice.obj (.text:getdevice)
                  c003d9a0    00000140     sysbios.ae674 : BIOS.obj (.text:ti_sysbios_family_c64p_Hwi_Instance_init__E)
                  c003dae0    00000140                   : BIOS.obj (.text:ti_sysbios_family_c64p_Hwi_Module_startup__E)
                  c003dc20    00000140                   : BIOS.obj (.text:ti_sysbios_knl_Semaphore_Instance_init__E)
                  c003dd60    00000140                   : BIOS.obj (.text:ti_sysbios_knl_Task_blockI__E)
                  c003dea0    00000120     ti.osal.ae674 : HwiP_tirtos.oe674 (.text:HwiP_create)
                  c003dfc0    00000120     rts6740_elf.lib : fseek.obj (.text:fseek)
                  c003e0e0    00000120     sysbios.ae674 : BIOS.obj (.text:ti_sysbios_knl_Task_unblockI__E)
                  c003e200    00000120     ti.targets.rts6000.ae674 : Core-mem.oe674 (.text:xdc_runtime_Core_deleteObject__I)
                  c003e320    00000120                              : Text.oe674 (.text:xdc_runtime_Text_putLab__E)
                  c003e440    00000120                              : Text.oe674 (.text:xdc_runtime_Text_putMod__E)
                  c003e560    00000100     ti.board.ae674 : lcdkOMAPL138_pinmux.oe674 (.text:Board_configEmifPinMux)
                  c003e660    00000100                    : lcdkOMAPL138_pinmux.oe674 (.text:Board_configGpioPinMux$0)
                  c003e760    00000100                    : lcdkOMAPL138_clock.oe674 (.text:Board_moduleClockInit)
                  c003e860    00000100     ti.osal.ae674 : EventCombinerP_tirtos.oe674 (.text:EventCombinerP_GroupRegisterInt)
                  c003e960    00000100                   : SemaphoreP_tirtos.oe674 (.text:SemaphoreP_create)
                  c003ea60    00000100     ti.drv.uart.ae674 : UART_v0.oe674 (.text:UART_writePolling_v0$0)
                  c003eb60    00000100     rts6740_elf.lib : copy_decompress_rle.obj (.text:__TI_decompress_rle_core)
                  c003ec60    00000100                     : _io_perm.obj (.text:__TI_wrt_ok)
                  c003ed60    00000100     main.obj (.text)
                  c003ee60    00000100     sysbios.ae674 : BIOS.obj (.text:ti_sysbios_family_c64p_Hwi_Instance_finalize__E)
                  c003ef60    00000100                   : BIOS.obj (.text:ti_sysbios_knl_Swi_restoreHwi__E)
                  c003f060    00000100                   : BIOS.obj (.text:ti_sysbios_timers_timer64_Timer_initDevice__I)
                  c003f160    00000100     ti.targets.rts6000.ae674 : Startup.oe674 (.text:xdc_runtime_Startup_exec__E)
                  c003f260    000000e0     rts6740_elf.lib : hostlseek.obj (.text:HOSTlseek)
                  c003f340    000000e0                     : hostopen.obj (.text:HOSTopen)
                  c003f420    000000e0                     : hostwrite.obj (.text:HOSTwrite)
                  c003f500    000000e0     ti.drv.uart.ae674 : UART_v0.oe674 (.text:UART_close_v0$0)
                  c003f5e0    000000e0                       : UART_stdio.oe674 (.text:UART_gets)
                  c003f6c0    000000e0                       : UART_stdio.oe674 (.text:UART_puts)
                  c003f7a0    000000e0                       : UART_v0.oe674 (.text:UART_read_v0$0)
                  c003f880    000000e0                       : UART_v0.oe674 (.text:UART_write_v0$0)
                  c003f960    000000e0     rts6740_elf.lib : close.obj (.text:close)
                  c003fa40    000000e0                     : exit.obj (.text:exit)
                  c003fb20    000000e0                     : memset.obj (.text:memset)
                  c003fc00    000000e0     sysbios.ae674 : BIOS.obj (.text:ti_sysbios_heaps_HeapMem_alloc__E)
                  c003fce0    000000e0                   : BIOS.obj (.text:ti_sysbios_timers_timer64_Timer_startup__E)
                  c003fdc0    000000e0     ti.targets.rts6000.ae674 : Error.oe674 (.text:xdc_runtime_Error_print__E)
                  c003fea0    000000e0                              : Memory.oe674 (.text:xdc_runtime_Memory_alloc__E)
                  c003ff80    000000e0                              : Text.oe674 (.text:xdc_runtime_Text_visitRope2__I)
                  c0040060    000000c0     rts6740_elf.lib : hostread.obj (.text:HOSTread)
                  c0040120    000000c0                     : hostunlink.obj (.text:HOSTunlink)
                  c00401e0    000000c0     ti.drv.uart.ae674 : UART_v0.oe674 (.text:UART_charGet$0)
                  c00402a0    000000c0                       : UART_v0.oe674 (.text:UART_charPut$0)
                  c0040360    000000c0                       : UART_v0.oe674 (.text:UART_readCancelNoCB$0)
                  c0040420    000000c0     rts6740_elf.lib : fflush.obj (.text:__TI_doflush)
                  c00404e0    000000c0                     : divu.obj (.text:__divu)
                  c00405a0    000000c0     sysbios.ae674 : BIOS.obj (.text:ti_sysbios_heaps_HeapMem_getStats__E)
                  c0040660    000000c0                   : BIOS.obj (.text:ti_sysbios_knl_Clock_logTick__E)
                  c0040720    000000c0                   : BIOS.obj (.text:ti_sysbios_knl_Swi_schedule__I)
                  c00407e0    000000c0     app_pe674.oe674 (.text:ti_sysbios_knl_Task_create)
                  c00408a0    000000c0     rts6740_elf.lib : tls.obj (.text:tls:init:__TI_tls_init)
                  c0040960    000000c0     ti.targets.rts6000.ae674 : System.oe674 (.text:xdc_runtime_System_formatNum__I)
                  c0040a20    000000a0     ti.board.ae674 : lcdkOMAPL138_pinmux.oe674 (.text:Board_configEmacPinMux$0)
                  c0040ac0    000000a0                    : lcdkOMAPL138_pinmux.oe674 (.text:Board_configMmcsdPinMux$0)
                  c0040b60    000000a0     rts6740_elf.lib : hostclose.obj (.text:HOSTclose)
                  c0040c00    000000a0     ti.osal.ae674 : RegisterIntr_tirtos.oe674 (.text:Osal_DeleteInterrupt)
                  c0040ca0    000000a0                   : Utils_tirtos.oe674 (.text:Osal_delay)
                  c0040d40    000000a0     ti.drv.uart.ae674 : UART_drv.oe674 (.text:UART_init)
                  c0040de0    000000a0                       : UART_stdio.oe674 (.text:UART_stdioInit)
                  c0040e80    000000a0                       : UART_v0.oe674 (.text:UART_v0_callback$0)
                  c0040f20    000000a0                       : UART_v0.oe674 (.text:UART_writeCancelNoCB$0)
                  c0040fc0    000000a0     rts6740_elf.lib : fopen.obj (.text:__TI_cleanup)
                  c0041060    000000a0                     : remu.obj (.text:__remu)
                  c0041100    000000a0     boot.ae674 : boot.oe674 (.text:_c_int00)
                  c00411a0    000000a0     sysbios.ae674 : c64p_Hwi_asm.obj (.text:_ti_sysbios_family_c64p_Hwi_plug__E)
                  c0041240    000000a0     rts6740_elf.lib : memcpy64.obj (.text:memcpy)
                  c00412e0    000000a0     sysbios.ae674 : BIOS.obj (.text:ti_sysbios_family_c64p_Exception_Module_startup__E)
                  c0041380    000000a0     app_pe674.oe674 (.text:ti_sysbios_family_c64p_Hwi_construct)
                  c0041420    000000a0     sysbios.ae674 : BIOS.obj (.text:ti_sysbios_family_c64p_Hwi_dispatchC__I)
                  c00414c0    000000a0                   : BIOS.obj (.text:ti_sysbios_family_c64p_Hwi_getStackInfo__E)
                  c0041560    000000a0                   : BIOS.obj (.text:ti_sysbios_heaps_HeapMem_init__I)
                  c0041600    000000a0                   : BIOS.obj (.text:ti_sysbios_knl_Task_allBlockedFunction__I)
                  c00416a0    000000a0                   : BIOS.obj (.text:ti_sysbios_timers_timer64_Timer_stop__E)
                  c0041740    000000a0     ti.targets.rts6000.ae674 : Assert.oe674 (.text:xdc_runtime_Assert_raise__I)
                  c00417e0    000000a0                              : Error.oe674 (.text:xdc_runtime_Error_setX__E)
                  c0041880    000000a0                              : Text.oe674 (.text:xdc_runtime_Text_xprintf__I)
                  c0041920    00000080     ti.board.ae674 : lcdkOMAPL138_clock.oe674 (.text:CSL_PSC_setModuleNextState$0)
                  c00419a0    00000080     ti.osal.ae674 : EventCombinerP_tirtos.oe674 (.text:EventCombinerP_getHwi)
                  c0041a20    00000080     ti.csl.ae674 : uart.oe674 (.text:UART_charPut_v0)
                  c0041aa0    00000080     rts6740_elf.lib : trgmsg.obj (.text:__TI_readmsg)
                  c0041b20    00000080                     : llshift.obj (.text:__c6xabi_llshl)
                  c0041ba0    00000080     sysbios.ae674 : c62_TaskSupport_asm.obj (.text:_ti_sysbios_family_c62_TaskSupport_swap__E)
                  c0041c20    00000080     rts6740_elf.lib : getdevice.obj (.text:finddevice)
                  c0041ca0    00000080     app_pe674.oe674 (.text:ti_sysbios_BIOS_atExitFunc__I)
                  c0041d20    00000080     app_pe674.oe674 (.text:ti_sysbios_BIOS_registerRTSLock__I)
                  c0041da0    00000080     sysbios.ae674 : BIOS.obj (.text:ti_sysbios_family_c64p_Cache_invL1pAll__E)
                  c0041e20    00000080     app_pe674.oe674 (.text:ti_sysbios_gates_GateHwi_Object__create__S)
                  c0041ea0    00000080     app_pe674.oe674 (.text:ti_sysbios_gates_GateMutex_Object__create__S)
                  c0041f20    00000080     sysbios.ae674 : BIOS.obj (.text:ti_sysbios_hal_Hwi_checkStack)
                  c0041fa0    00000080                   : BIOS.obj (.text:ti_sysbios_hal_Hwi_initStack)
                  c0042020    00000080     app_pe674.oe674 (.text:ti_sysbios_heaps_HeapMem_Object__create__S)
                  c00420a0    00000080     app_pe674.oe674 (.text:ti_sysbios_knl_Clock_doTick__I)
                  c0042120    00000080     sysbios.ae674 : BIOS.obj (.text:ti_sysbios_knl_Idle_run__E)
                  c00421a0    00000080                   : BIOS.obj (.text:ti_sysbios_knl_Semaphore_pendTimeout__I)
                  c0042220    00000080                   : BIOS.obj (.text:ti_sysbios_knl_Swi_startup__E)
                  c00422a0    00000080                   : BIOS.obj (.text:ti_sysbios_knl_Task_restore__E)
                  c0042320    00000080     rts6740_elf.lib : unlink.obj (.text:unlink)
                  c00423a0    00000080     ti.targets.rts6000.ae674 : Core-label.oe674 (.text:xdc_runtime_Core_assignLabel__I)
                  c0042420    00000080                              : Core-params.oe674 (.text:xdc_runtime_Core_assignParams__I)
                  c00424a0    00000080                              : System.oe674 (.text:xdc_runtime_System_atexit__E)
                  c0042520    00000080                              : System.oe674 (.text:xdc_runtime_System_processAtExit__E)
                  c00425a0    00000080                              : System.oe674 (.text:xdc_runtime_System_putchar__I)
                  c0042620    00000080                              : Text.oe674 (.text:xdc_runtime_Text_printVisFxn__I)
                  c00426a0    00000060     ti.osal.ae674 : HwiP_tirtos.oe674 (.text:HwiP_delete)
                  c0042700    00000060                   : Utils_tirtos.oe674 (.text:Osal_getThreadType)
                  c0042760    00000060                   : SemaphoreP_tirtos.oe674 (.text:SemaphoreP_delete)
                  c00427c0    00000060     ti.csl.ae674 : uart.oe674 (.text:UART_divisorLatchWrite_v0)
                  c0042820    00000060                  : uart.oe674 (.text:UART_fifoWait_v0)
                  c0042880    00000060     ti.drv.uart.ae674 : UART_v0.oe674 (.text:UART_getRxTrigLvl_v0$0)
                  c00428e0    00000060     ti.csl.ae674 : uart.oe674 (.text:UART_lineCharacConfig_v0)
                  c0042940    00000060     ti.drv.uart.ae674 : UART_v0.oe674 (.text:UART_readCancel_v0$0)
                  c00429a0    00000060                       : UART_v0.oe674 (.text:UART_writeCancel_v0$0)
                  c0042a00    00000060     rts6740_elf.lib : trgmsg.obj (.text:__TI_writemsg)
                  c0042a60    00000060                     : llshift.obj (.text:__c6xabi_llshru)
                  c0042ac0    00000060                     : imath64.obj (.text:_subcull)
                  c0042b20    00000060     sysbios.ae674 : c64p_Hwi_asm_switch.obj (.text:_ti_sysbios_family_c64p_Hwi_switchAndDispatch__I)
                  c0042b80    00000060                   : c64p_Hwi_asm_switch.obj (.text:_ti_sysbios_family_xxx_Hwi_switchAndRunFunc)
                  c0042be0    00000060     rts6740_elf.lib : lseek.obj (.text:lseek)
                  c0042c40    00000060     app_pe674.oe674 (.text:malloc)
                  c0042ca0    00000060     app_pe674.oe674 (.text:ti_sysbios_BIOS_errorRaiseHook__I)
                  c0042d00    00000060     app_pe674.oe674 (.text:ti_sysbios_BIOS_removeRTSLock__I)
                  c0042d60    00000060     app_pe674.oe674 (.text:ti_sysbios_BIOS_startFunc__I)
                  c0042dc0    00000060     sysbios.ae674 : BIOS.obj (.text:ti_sysbios_family_c62_TaskSupport_start__E)
                  c0042e20    00000060                   : BIOS.obj (.text:ti_sysbios_family_c64p_Cache_setMar__E)
                  c0042e80    00000060                   : BIOS.obj (.text:ti_sysbios_family_c64p_EventCombiner_unused__E)
                  c0042ee0    00000060     app_pe674.oe674 (.text:ti_sysbios_gates_GateMutex_Object__delete__S)
                  c0042f40    00000060     sysbios.ae674 : BIOS.obj (.text:ti_sysbios_heaps_HeapMem_free__E)
                  c0042fa0    00000060                   : BIOS.obj (.text:ti_sysbios_knl_Clock_Module_startup__E)
                  c0043000    00000060     app_pe674.oe674 (.text:ti_sysbios_knl_Queue_construct)
                  c0043060    00000060     app_pe674.oe674 (.text:ti_sysbios_knl_Semaphore_construct)
                  c00430c0    00000060     sysbios.ae674 : BIOS.obj (.text:ti_sysbios_knl_Swi_Module_startup__E)
                  c0043120    00000060                   : BIOS.obj (.text:ti_sysbios_knl_Task_enter__I)
                  c0043180    00000060     ti.drv.uart.ae674 : UART_stdio.oe674 (.text:uart_console_putc$0)
                  c00431e0    00000060     rts6740_elf.lib : write.obj (.text:write)
                  c0043240    00000060     ti.targets.rts6000.ae674 : Memory.oe674 (.text:xdc_runtime_Memory_valloc__E)
                  c00432a0    00000060                              : SysStd.oe674 (.text:xdc_runtime_SysStd_abort__E)
                  c0043300    00000060                              : System.oe674 (.text:xdc_runtime_System_avprintf__E)
                  c0043360    00000060                              : System.oe674 (.text:xdc_runtime_System_vprintf__E)
                  c00433c0    00000060                              : Text.oe674 (.text:xdc_runtime_Text_cordText__E)
                  c0043420    00000040     ti.osal.ae674 : MuxIntcP_tirtos.oe674 (.text:MuxIntcP_create)
                  c0043460    00000040                   : RegisterIntr_tirtos.oe674 (.text:Osal_RegisterInterrupt_initParams)
                  c00434a0    00000040                   : Utils_tirtos.oe674 (.text:Osal_getHwAttrs)
                  c00434e0    00000040                   : SemaphoreP_tirtos.oe674 (.text:SemaphoreP_Params_init)
                  c0043520    00000040                   : SemaphoreP_tirtos.oe674 (.text:SemaphoreP_pend)
                  c0043560    00000040                   : SemaphoreP_tirtos.oe674 (.text:SemaphoreP_post)
                  c00435a0    00000040     ti.csl.ae674 : uart.oe674 (.text:UART_breakCtl_v0)
                  c00435e0    00000040                  : uart.oe674 (.text:UART_charGetNonBlocking_v0)
                  c0043620    00000040                  : uart.oe674 (.text:UART_divisorValCompute_v0)
                  c0043660    00000040                  : uart.oe674 (.text:UART_fIFOConfig_v0)
                  c00436a0    00000040                  : uart.oe674 (.text:UART_fIFORegisterWrite_v0)
                  c00436e0    00000040                  : uart.oe674 (.text:UART_intDisable_v0)
                  c0043720    00000040                  : uart.oe674 (.text:UART_intEnable_v0)
                  c0043760    00000040                  : uart.oe674 (.text:UART_intIdentityGet_v0)
                  c00437a0    00000040                  : uart.oe674 (.text:UART_loopbackModeControl_v0)
                  c00437e0    00000040     ti.drv.uart.ae674 : UART_drv.oe674 (.text:UART_open)
                  c0043820    00000040     ti.csl.ae674 : uart.oe674 (.text:UART_readLineStatus_v0)
                  c0043860    00000040     ti.osal.ae674 : Utils_tirtos.oe674 (.text:_DebugP_assert)
                  c00438a0    00000040     rts6740_elf.lib : strasg.obj (.text:__strasgi_64plus)
                  c00438e0    00000040                     : args_main.obj (.text:_args_main)
                  c0043920    00000040     sysbios.ae674 : c62_TaskSupport_asm.obj (.text:_ti_sysbios_family_c62_TaskSupport_buildTaskStack)
                  c0043960    00000040     app_pe674.oe674 (.text:free)
                  c00439a0    00000040     app_pe674.oe674 (.text:ti_sysbios_BIOS_exitFunc__I)
                  c00439e0    00000040     app_pe674.oe674 (.text:ti_sysbios_BIOS_rtsLock__I)
                  c0043a20    00000040     app_pe674.oe674 (.text:ti_sysbios_BIOS_rtsUnlock__I)
                  c0043a60    00000040     sysbios.ae674 : BIOS.obj (.text:ti_sysbios_family_c64p_EventCombiner_Module_startup__E)
                  c0043aa0    00000040                   : BIOS.obj (.text:ti_sysbios_family_c64p_EventCombiner_disableEvent__E)
                  c0043ae0    00000040                   : BIOS.obj (.text:ti_sysbios_family_c64p_EventCombiner_enableEvent__E)
                  c0043b20    00000040     app_pe674.oe674 (.text:ti_sysbios_family_c64p_Hwi_Object__destruct__S)
                  c0043b60    00000040     sysbios.ae674 : BIOS.obj (.text:ti_sysbios_family_c64p_Hwi_disableInterrupt__E)
                  c0043ba0    00000040                   : BIOS.obj (.text:ti_sysbios_family_c64p_Hwi_enableInterrupt__E)
                  c0043be0    00000040                   : BIOS.obj (.text:ti_sysbios_family_c64p_Hwi_getEventId__E)
                  c0043c20    00000040                   : BIOS.obj (.text:ti_sysbios_family_c64p_primus_TimerSupport_enable__E)
                  c0043c60    00000040     app_pe674.oe674 (.text:ti_sysbios_gates_GateHwi_Handle__label__S)
                  c0043ca0    00000040     app_pe674.oe674 (.text:ti_sysbios_gates_GateHwi_Object__delete__S)
                  c0043ce0    00000040     app_pe674.oe674 (.text:ti_sysbios_gates_GateMutex_Handle__label__S)
                  c0043d20    00000040     sysbios.ae674 : BIOS.obj (.text:ti_sysbios_gates_GateMutex_Instance_init__E)
                  c0043d60    00000040                   : BIOS.obj (.text:ti_sysbios_gates_GateMutex_leave__E)
                  c0043da0    00000040     app_pe674.oe674 (.text:ti_sysbios_heaps_HeapMem_Handle__label__S)
                  c0043de0    00000040     app_pe674.oe674 (.text:ti_sysbios_heaps_HeapMem_Object__delete__S)
                  c0043e20    00000040     app_pe674.oe674 (.text:ti_sysbios_heaps_HeapMem_Object__get__S)
                  c0043e60    00000040     app_pe674.oe674 (.text:ti_sysbios_knl_Semaphore_Object__destruct__S)
                  c0043ea0    00000040     app_pe674.oe674 (.text:ti_sysbios_knl_Swi_Object__get__S)
                  c0043ee0    00000040     app_pe674.oe674 (.text:ti_sysbios_knl_Task_Object__get__S)
                  c0043f20    00000040     sysbios.ae674 : BIOS.obj (.text:ti_sysbios_knl_Task_sleepTimeout__I)
                  c0043f60    00000040     ti.targets.rts6000.ae674 : Error.oe674 (.text:xdc_runtime_Error_check__E)
                  c0043fa0    00000040                              : Error.oe674 (.text:xdc_runtime_Error_init__E)
                  c0043fe0    00000040                              : Memory.oe674 (.text:xdc_runtime_Memory_free__E)
                  c0044020    00000040                              : Registry.oe674 (.text:xdc_runtime_Registry_findById__E)
                  c0044060    00000040                              : System.oe674 (.text:xdc_runtime_System_abort__E)
                  c00440a0    00000040     app_pe674.oe674 (.text:xdc_runtime_System_aprintf__E)
                  c00440e0    00000040     ti.targets.rts6000.ae674 : System.oe674 (.text:xdc_runtime_System_exit__E)
                  c0044120    00000040     app_pe674.oe674 (.text:xdc_runtime_System_printf__E)
                  c0044160    00000040     ti.targets.rts6000.ae674 : Text.oe674 (.text:xdc_runtime_Text_ropeText__E)
                  c00441a0    00000020     ti.board.ae674 : lcdkOMAPL138_pll.oe674 (.text:Board_PLLInit)
                  c00441c0    00000020                    : lcdkOMAPL138_lld_init.oe674 (.text:Board_uartStdioInit)
                  c00441e0    00000020     ti.osal.ae674 : EventCombinerP_tirtos.oe674 (.text:EventCombinerP_disableEvent)
                  c0044200    00000020                   : EventCombinerP_tirtos.oe674 (.text:EventCombinerP_dispatchPlug)
                  c0044220    00000020                   : EventCombinerP_tirtos.oe674 (.text:EventCombinerP_enableEvent)
                  c0044240    00000020                   : HwiP_tirtos.oe674 (.text:HwiP_disable)
                  c0044260    00000020                   : HwiP_tirtos.oe674 (.text:HwiP_restore)
                  c0044280    00000020     ti.drv.uart.ae674 : UART_drv.oe674 (.text:UART_Params_init)
                  c00442a0    00000020                       : UART_v0.oe674 (.text:UART_control_v0$0)
                  c00442c0    00000020     ti.csl.ae674 : uart.oe674 (.text:UART_divisorLatchDisable_v0)
                  c00442e0    00000020                  : uart.oe674 (.text:UART_fIFOCharPut_v0)
                  c0044300    00000020                  : uart.oe674 (.text:UART_fifoEmpty_v0)
                  c0044320    00000020     ti.drv.uart.ae674 : UART_v0.oe674 (.text:UART_init_v0$0)
                  c0044340    00000020     ti.csl.ae674 : uart.oe674 (.text:UART_operatingModeSelect_v0)
                  c0044360    00000020                  : uart.oe674 (.text:UART_pwremuConfig_v0)
                  c0044380    00000020     ti.drv.uart.ae674 : UART_drv.oe674 (.text:UART_readPolling)
                  c00443a0    00000020                       : UART_drv.oe674 (.text:UART_write)
                  c00443c0    00000020                       : UART_drv.oe674 (.text:UART_writePolling)
                  c00443e0    00000020     rts6740_elf.lib : _lock.obj (.text:_nop)
                  c0044400    00000020                     : _lock.obj (.text:_register_lock)
                  c0044420    00000020                     : _lock.obj (.text:_register_unlock)
                  c0044440    00000020     sysbios.ae674 : c62_TaskSupport_asm.obj (.text:_ti_sysbios_family_c62_TaskSupport_glue)
                  c0044460    00000020     rts6740_elf.lib : exit.obj (.text:abort)
                  c0044480    00000020                     : copy_decompress_none.obj (.text:decompress:none:__TI_decompress_none)
                  c00444a0    00000020                     : copy_decompress_rle.obj (.text:decompress:rle24:__TI_decompress_rle24)
                  c00444c0    00000020                     : fputc.obj (.text:putchar)
                  c00444e0    00000020     app_pe674.oe674 (.text:ti_sysbios_BIOS_RtsGateProxy_enter__E)
                  c0044500    00000020     app_pe674.oe674 (.text:ti_sysbios_BIOS_RtsGateProxy_leave__E)
                  c0044520    00000020     sysbios.ae674 : BIOS.obj (.text:ti_sysbios_BIOS_exit__E)
                  c0044540    00000020                   : BIOS.obj (.text:ti_sysbios_BIOS_getThreadType__E)
                  c0044560    00000020                   : BIOS.obj (.text:ti_sysbios_BIOS_linkedWithIncorrectBootLibrary__E)
                  c0044580    00000020     app_pe674.oe674 (.text:ti_sysbios_BIOS_nullFunc__I)
                  c00445a0    00000020     sysbios.ae674 : BIOS.obj (.text:ti_sysbios_BIOS_setThreadType__E)
                  c00445c0    00000020                   : BIOS.obj (.text:ti_sysbios_BIOS_start__E)
                  c00445e0    00000020     app_pe674.oe674 (.text:ti_sysbios_family_c62_TaskSupport_Module__startupDone__S)
                  c0044600    00000020     sysbios.ae674 : BIOS.obj (.text:ti_sysbios_family_c62_TaskSupport_getStackAlignment__E)
                  c0044620    00000020                   : BIOS.obj (.text:ti_sysbios_family_c64p_Cache_wbInv__E)
                  c0044640    00000020     app_pe674.oe674 (.text:ti_sysbios_family_c64p_Hwi_Module__startupDone__F)
                  c0044660    00000020     app_pe674.oe674 (.text:ti_sysbios_family_c64p_Hwi_Params__init__S)
                  c0044680    00000020     sysbios.ae674 : BIOS.obj (.text:ti_sysbios_family_c64p_Hwi_clearInterrupt__E)
                  c00446a0    00000020     app_pe674.oe674 (.text:ti_sysbios_family_c64p_Hwi_destruct)
                  c00446c0    00000020     sysbios.ae674 : BIOS.obj (.text:ti_sysbios_family_c64p_Hwi_getFunc__E)
                  c00446e0    00000020                   : BIOS.obj (.text:ti_sysbios_family_c64p_Hwi_getHandle__E)
                  c0044700    00000020                   : BIOS.obj (.text:ti_sysbios_family_c64p_Hwi_startup__E)
                  c0044720    00000020                   : BIOS.obj (.text:ti_sysbios_family_c64p_Hwi_switchFromBootStack__E)
                  c0044740    00000020                   : BIOS.obj (.text:ti_sysbios_family_c64p_Hwi_unPluggedInterrupt__I)
                  c0044760    00000020                   : BIOS.obj (.text:ti_sysbios_gates_GateHwi_Instance_init__E)
                  c0044780    00000020                   : BIOS.obj (.text:ti_sysbios_gates_GateHwi_enter__E)
                  c00447a0    00000020                   : BIOS.obj (.text:ti_sysbios_gates_GateHwi_leave__E)
                  c00447c0    00000020                   : BIOS.obj (.text:ti_sysbios_gates_GateHwi_query__E)
                  c00447e0    00000020                   : BIOS.obj (.text:ti_sysbios_gates_GateMutex_Instance_finalize__E)
                  c0044800    00000020                   : BIOS.obj (.text:ti_sysbios_gates_GateMutex_query__E)
                  c0044820    00000020                   : BIOS.obj (.text:ti_sysbios_hal_Hwi_Module_startup__E)
                  c0044840    00000020     app_pe674.oe674 (.text:ti_sysbios_heaps_HeapBuf_Object__get__S)
                  c0044860    00000020     app_pe674.oe674 (.text:ti_sysbios_heaps_HeapMem_Module_GateProxy_enter__E)
                  c0044880    00000020     app_pe674.oe674 (.text:ti_sysbios_heaps_HeapMem_Module_GateProxy_leave__E)
                  c00448a0    00000020     sysbios.ae674 : BIOS.obj (.text:ti_sysbios_heaps_HeapMem_isBlocking__E)
                  c00448c0    00000020     app_pe674.oe674 (.text:ti_sysbios_knl_Clock_TimerProxy_getMaxTicks__E)
                  c00448e0    00000020     sysbios.ae674 : BIOS.obj (.text:ti_sysbios_knl_Idle_loop__E)
                  c0044900    00000020                   : BIOS.obj (.text:ti_sysbios_knl_Queue_Instance_init__E)
                  c0044920    00000020     app_pe674.oe674 (.text:ti_sysbios_knl_Queue_Object__destruct__S)
                  c0044940    00000020     app_pe674.oe674 (.text:ti_sysbios_knl_Queue_Object__get__S)
                  c0044960    00000020     app_pe674.oe674 (.text:ti_sysbios_knl_Queue_destruct)
                  c0044980    00000020     sysbios.ae674 : BIOS.obj (.text:ti_sysbios_knl_Queue_empty__E)
                  c00449a0    00000020                   : BIOS.obj (.text:ti_sysbios_knl_Semaphore_Instance_finalize__E)
                  c00449c0    00000020     app_pe674.oe674 (.text:ti_sysbios_knl_Semaphore_Params__init__S)
                  c00449e0    00000020     app_pe674.oe674 (.text:ti_sysbios_knl_Semaphore_destruct)
                  c0044a00    00000020     sysbios.ae674 : BIOS.obj (.text:ti_sysbios_knl_Swi_disable__E)
                  c0044a20    00000020                   : BIOS.obj (.text:ti_sysbios_knl_Task_disable__E)
                  c0044a40    00000020                   : BIOS.obj (.text:ti_sysbios_knl_Task_startup__E)
                  c0044a60    00000020     app_pe674.oe674 (.text:ti_sysbios_timers_timer64_Timer_Module__startupDone__F)
                  c0044a80    00000020     sysbios.ae674 : BIOS.obj (.text:ti_sysbios_timers_timer64_Timer_getMaxTicks__E)
                  c0044aa0    00000020     ti.targets.rts6000.ae674 : Error.oe674 (.text:xdc_runtime_Error_getSite__E)
                  c0044ac0    00000020                              : Error.oe674 (.text:xdc_runtime_Error_raiseX__E)
                  c0044ae0    00000020                              : Gate.oe674 (.text:xdc_runtime_Gate_enterSystem__E)
                  c0044b00    00000020                              : Gate.oe674 (.text:xdc_runtime_Gate_leaveSystem__E)
                  c0044b20    00000020     app_pe674.oe674 (.text:xdc_runtime_IHeap_alloc)
                  c0044b40    00000020     app_pe674.oe674 (.text:xdc_runtime_IHeap_free)
                  c0044b60    00000020     ti.targets.rts6000.ae674 : Memory.oe674 (.text:xdc_runtime_Memory_calloc__E)
                  c0044b80    00000020                              : Memory.oe674 (.text:xdc_runtime_Memory_getMaxDefaultTypeAlign__E)
                  c0044ba0    00000020     app_pe674.oe674 (.text:xdc_runtime_Startup_exec__I)
                  c0044bc0    00000020     app_pe674.oe674 (.text:xdc_runtime_Startup_reset__I)
                  c0044be0    00000020     ti.targets.rts6000.ae674 : Startup.oe674 (.text:xdc_runtime_Startup_rtsDone__E)
                  c0044c00    00000020                              : SysStd.oe674 (.text:xdc_runtime_SysStd_exit__E)
                  c0044c20    00000020                              : SysStd.oe674 (.text:xdc_runtime_SysStd_putch__E)
                  c0044c40    00000020                              : SysStd.oe674 (.text:xdc_runtime_SysStd_ready__E)
                  c0044c60    00000020     app_pe674.oe674 (.text:xdc_runtime_System_Module_GateProxy_enter__E)
                  c0044c80    00000020     app_pe674.oe674 (.text:xdc_runtime_System_Module_GateProxy_leave__E)
                  c0044ca0    00000020     ti.targets.rts6000.ae674 : System.oe674 (.text:xdc_runtime_System_Module_startup__E)
                  c0044cc0    00000020                              : System.oe674 (.text:xdc_runtime_System_aprintf_va__F)
                  c0044ce0    00000020                              : System.oe674 (.text:xdc_runtime_System_printf_va__F)
                  c0044d00    00000020                              : System.oe674 (.text:xdc_runtime_System_vsnprintf__E)
                  c0044d20    00000020     app_pe674.oe674 (.text:xdc_runtime_Text_visitRope__I)

.const     0    c0044d40    00002756     
                  c0044d40    0000185c     app_pe674.oe674 (.const:xdc_runtime_Text_charTab__A)
                  c004659c    00000518     sysbios.ae674 : BIOS.obj (.const:.string)
                  c0046ab4    000000f4     main.obj (.const:.string)
                  c0046ba8    000000e4     app_pe674.oe674 (.const:xdc_runtime_Text_nodeTab__A)
                  c0046c8c    0000007c     app_pe674.oe674 (.const:.string)
                  c0046d08    00000058     ti.targets.rts6000.ae674 : Error.oe674 (.const:.string)
                  c0046d60    00000050     ti.drv.uart.ae674 : UART_drv.oe674 (.const)
                  c0046db0    00000040     ti.targets.rts6000.ae674 : Text.oe674 (.const:.string)
                  c0046df0    0000003c     app_pe674.oe674 (.const:ti_sysbios_knl_Task_Object__PARAMS__C)
                  c0046e2c    00000004     ti.targets.rts6000.ae674 : Assert.oe674 (.const:.string)
                  c0046e30    00000030     ti.drv.uart.ae674 : UART_soc.oe674 (.const:UART_config)
                  c0046e60    00000030                       : UART_v0.oe674 (.const)
                  c0046e90    00000030     app_pe674.oe674 (.const:ti_sysbios_family_c64p_Hwi_Object__PARAMS__C)
                  c0046ec0    0000002c     ti.targets.rts6000.ae674 : Startup.oe674 (.const:.string)
                  c0046eec    00000004     app_pe674.oe674 (.const:ti_sysbios_family_c62_TaskSupport_stackAlignment__C)
                  c0046ef0    0000002c     app_pe674.oe674 (.const:xdc_runtime_Startup_sfxnTab__A)
                  c0046f1c    00000028     app_pe674.oe674 (.const:ti_sysbios_heaps_HeapMem_Module__FXNS__C)
                  c0046f44    00000024     ti.drv.uart.ae674 : UART_stdio.oe674 (.const:.string)
                  c0046f68    00000024     app_pe674.oe674 (.const:ti_sysbios_gates_GateHwi_Module__FXNS__C)
                  c0046f8c    00000024     app_pe674.oe674 (.const:ti_sysbios_gates_GateMutex_Module__FXNS__C)
                  c0046fb0    00000024     app_pe674.oe674 (.const:ti_sysbios_heaps_HeapMem_Object__PARAMS__C)
                  c0046fd4    00000024     app_pe674.oe674 (.const:ti_sysbios_knl_Semaphore_Object__PARAMS__C)
                  c0046ff8    00000020     ti.osal.ae674 : SemaphoreP_tirtos.oe674 (.const:.string)
                  c0047018    00000020     app_pe674.oe674 (.const:ti_sysbios_family_c64p_Hwi_Object__DESC__C)
                  c0047038    00000020     app_pe674.oe674 (.const:ti_sysbios_gates_GateHwi_Object__DESC__C)
                  c0047058    00000020     app_pe674.oe674 (.const:ti_sysbios_gates_GateMutex_Object__DESC__C)
                  c0047078    00000020     app_pe674.oe674 (.const:ti_sysbios_heaps_HeapMem_Object__DESC__C)
                  c0047098    00000020     app_pe674.oe674 (.const:ti_sysbios_knl_Queue_Object__DESC__C)
                  c00470b8    00000020     app_pe674.oe674 (.const:ti_sysbios_knl_Semaphore_Object__DESC__C)
                  c00470d8    00000020     app_pe674.oe674 (.const:ti_sysbios_knl_Task_Object__DESC__C)
                  c00470f8    0000001c     ti.drv.uart.ae674 : UART_v0.oe674 (.const:.string)
                  c0047114    0000001c     ti.osal.ae674 : HwiP_tirtos.oe674 (.const:.string)
                  c0047130    00000018     app_pe674.oe674 (.const:ti_sysbios_gates_GateHwi_Object__PARAMS__C)
                  c0047148    00000018     app_pe674.oe674 (.const:ti_sysbios_gates_GateMutex_Object__PARAMS__C)
                  c0047160    00000018     app_pe674.oe674 (.const:ti_sysbios_knl_Queue_Object__PARAMS__C)
                  c0047178    00000016     app_pe674.oe674 (.const:xdc_runtime_Startup_sfxnRts__A)
                  c004718e    00000002     app_pe674.oe674 (.const:ti_sysbios_family_c64p_Cache_Module__id__C)
                  c0047190    00000011     ti.targets.rts6000.ae674 : System.oe674 (.const:.string:digtohex)
                  c00471a1    00000001     app_pe674.oe674 (.const:ti_sysbios_timers_timer64_Timer_localTimerBaseId__C)
                  c00471a2    00000002     app_pe674.oe674 (.const:ti_sysbios_family_c64p_EventCombiner_Module__id__C)
                  c00471a4    00000004     app_pe674.oe674 (.const:ti_sysbios_family_c64p_Cache_EMIFA_BASE__C)
                  c00471a8    00000010     app_pe674.oe674 (.const:ti_sysbios_family_c64p_EventCombiner_EVTMASK__C)
                  c00471b8    00000008     ti.targets.rts6000.ae674 : System.oe674 (.const:.string)
                  c00471c0    00000008     app_pe674.oe674 (.const:ti_sysbios_knl_Idle_funcList__C)
                  c00471c8    00000008     app_pe674.oe674 (.const:xdc_runtime_Startup_firstFxns__A)
                  c00471d0    00000008     app_pe674.oe674 (.const:xdc_runtime_Startup_firstFxns__C)
                  c00471d8    00000008     app_pe674.oe674 (.const:xdc_runtime_Startup_lastFxns__C)
                  c00471e0    00000004     app_pe674.oe674 (.const:ti_sysbios_family_c64p_Cache_EMIFA_CFG__C)
                  c00471e4    00000004     app_pe674.oe674 (.const:ti_sysbios_family_c64p_Cache_EMIFA_LENGTH__C)
                  c00471e8    00000004     app_pe674.oe674 (.const:ti_sysbios_family_c64p_Cache_EMIFB_BASE__C)
                  c00471ec    00000004     app_pe674.oe674 (.const:ti_sysbios_family_c64p_Cache_EMIFB_CFG__C)
                  c00471f0    00000004     app_pe674.oe674 (.const:ti_sysbios_family_c64p_Cache_EMIFB_LENGTH__C)
                  c00471f4    00000004     app_pe674.oe674 (.const:ti_sysbios_family_c64p_Cache_EMIFC_BASE__C)
                  c00471f8    00000004     app_pe674.oe674 (.const:ti_sysbios_family_c64p_Cache_EMIFC_CFG__C)
                  c00471fc    00000004     app_pe674.oe674 (.const:ti_sysbios_family_c64p_Cache_EMIFC_LENGTH__C)
                  c0047200    00000004     app_pe674.oe674 (.const:ti_sysbios_family_c64p_Cache_E_invalidL1CacheSize__C)
                  c0047204    00000004     app_pe674.oe674 (.const:ti_sysbios_family_c64p_Cache_E_invalidL2CacheSize__C)
                  c0047208    00000004     app_pe674.oe674 (.const:ti_sysbios_family_c64p_Cache_MAR0_31__C)
                  c004720c    00000004     app_pe674.oe674 (.const:ti_sysbios_family_c64p_Cache_MAR128_159__C)
                  c0047210    00000004     app_pe674.oe674 (.const:ti_sysbios_family_c64p_Cache_MAR160_191__C)
                  c0047214    00000004     app_pe674.oe674 (.const:ti_sysbios_family_c64p_Cache_MAR192_223__C)
                  c0047218    00000004     app_pe674.oe674 (.const:ti_sysbios_family_c64p_Cache_MAR224_255__C)
                  c004721c    00000004     app_pe674.oe674 (.const:ti_sysbios_family_c64p_Cache_MAR32_63__C)
                  c0047220    00000004     app_pe674.oe674 (.const:ti_sysbios_family_c64p_Cache_MAR64_95__C)
                  c0047224    00000004     app_pe674.oe674 (.const:ti_sysbios_family_c64p_Cache_MAR96_127__C)
                  c0047228    00000004     app_pe674.oe674 (.const:ti_sysbios_family_c64p_EventCombiner_A_invalidEventId__C)
                  c004722c    00000004     app_pe674.oe674 (.const:ti_sysbios_family_c64p_EventCombiner_E_unpluggedEvent__C)
                  c0047230    00000004     app_pe674.oe674 (.const:ti_sysbios_family_c64p_EventCombiner_Module__diagsEnabled__C)
                  c0047234    00000004     app_pe674.oe674 (.const:ti_sysbios_family_c64p_EventCombiner_Module__diagsIncluded__C)
                  c0047238    00000004     app_pe674.oe674 (.const:ti_sysbios_family_c64p_EventCombiner_Module__diagsMask__C)
                  c004723c    00000004     app_pe674.oe674 (.const:ti_sysbios_family_c64p_Exception_E_exceptionMax__C)
                  c0047240    00000004     app_pe674.oe674 (.const:ti_sysbios_family_c64p_Exception_exceptionHook__C)
                  c0047244    00000004     app_pe674.oe674 (.const:ti_sysbios_family_c64p_Exception_externalHook__C)
                  c0047248    00000004     app_pe674.oe674 (.const:ti_sysbios_family_c64p_Exception_internalHook__C)
                  c004724c    00000004     app_pe674.oe674 (.const:ti_sysbios_family_c64p_Exception_nmiHook__C)
                  c0047250    00000004     app_pe674.oe674 (.const:ti_sysbios_family_c64p_Hwi_E_alreadyDefined__C)
                  c0047254    00000004     app_pe674.oe674 (.const:ti_sysbios_family_c64p_Hwi_E_handleNotFound__C)
                  c0047258    00000004     app_pe674.oe674 (.const:ti_sysbios_family_c64p_Hwi_E_invalidIntNum__C)
                  c004725c    00000004     app_pe674.oe674 (.const:ti_sysbios_family_c64p_Hwi_LD_end__C)
                  c0047260    00000004     app_pe674.oe674 (.const:ti_sysbios_family_c64p_Hwi_LM_begin__C)
                  c0047264    00000004     app_pe674.oe674 (.const:ti_sysbios_family_c64p_Hwi_Module__diagsEnabled__C)
                  c0047268    00000004     app_pe674.oe674 (.const:ti_sysbios_family_c64p_Hwi_Module__diagsIncluded__C)
                  c004726c    00000004     app_pe674.oe674 (.const:ti_sysbios_family_c64p_Hwi_Module__diagsMask__C)
                  c0047270    00000004     app_pe674.oe674 (.const:ti_sysbios_family_c64p_Hwi_Module__loggerFxn1__C)
                  c0047274    00000004     app_pe674.oe674 (.const:ti_sysbios_family_c64p_Hwi_Module__loggerFxn8__C)
                  c0047278    00000004     app_pe674.oe674 (.const:ti_sysbios_family_c64p_Hwi_Module__loggerObj__C)
                  c004727c    00000004     app_pe674.oe674 (.const:ti_sysbios_gates_GateMutex_A_badContext__C)
                  c0047280    00000004     app_pe674.oe674 (.const:ti_sysbios_gates_GateMutex_Instance_State_sem__O)
                  c0047284    00000004     app_pe674.oe674 (.const:ti_sysbios_gates_GateMutex_Module__diagsEnabled__C)
                  c0047288    00000004     app_pe674.oe674 (.const:ti_sysbios_gates_GateMutex_Module__diagsIncluded__C)
                  c004728c    00000004     app_pe674.oe674 (.const:ti_sysbios_gates_GateMutex_Module__diagsMask__C)
                  c0047290    00000004     app_pe674.oe674 (.const:ti_sysbios_hal_Hwi_E_stackOverflow__C)
                  c0047294    00000004     app_pe674.oe674 (.const:ti_sysbios_heaps_HeapBuf_Instance_State_freeList__O)
                  c0047298    00000004     app_pe674.oe674 (.const:ti_sysbios_heaps_HeapBuf_Object__count__C)
                  c004729c    00000004     app_pe674.oe674 (.const:ti_sysbios_heaps_HeapBuf_numConstructedHeaps__C)
                  c00472a0    00000004     app_pe674.oe674 (.const:ti_sysbios_heaps_HeapMem_A_align__C)
                  c00472a4    00000004     app_pe674.oe674 (.const:ti_sysbios_heaps_HeapMem_A_heapSize__C)
                  c00472a8    00000004     app_pe674.oe674 (.const:ti_sysbios_heaps_HeapMem_A_invalidFree__C)
                  c00472ac    00000004     app_pe674.oe674 (.const:ti_sysbios_heaps_HeapMem_A_zeroBlock__C)
                  c00472b0    00000004     app_pe674.oe674 (.const:ti_sysbios_heaps_HeapMem_E_memory__C)
                  c00472b4    00000004     app_pe674.oe674 (.const:ti_sysbios_heaps_HeapMem_Module__diagsEnabled__C)
                  c00472b8    00000004     app_pe674.oe674 (.const:ti_sysbios_heaps_HeapMem_Module__diagsIncluded__C)
                  c00472bc    00000004     app_pe674.oe674 (.const:ti_sysbios_heaps_HeapMem_Module__diagsMask__C)
                  c00472c0    00000004     app_pe674.oe674 (.const:ti_sysbios_heaps_HeapMem_Module__gateObj__C)
                  c00472c4    00000004     app_pe674.oe674 (.const:ti_sysbios_heaps_HeapMem_Object__count__C)
                  c00472c8    00000004     app_pe674.oe674 (.const:ti_sysbios_heaps_HeapMem_reqAlign__C)
                  c00472cc    00000004     app_pe674.oe674 (.const:ti_sysbios_knl_Clock_LM_begin__C)
                  c00472d0    00000004     app_pe674.oe674 (.const:ti_sysbios_knl_Clock_LM_tick__C)
                  c00472d4    00000004     app_pe674.oe674 (.const:ti_sysbios_knl_Clock_LW_delayed__C)
                  c00472d8    00000004     app_pe674.oe674 (.const:ti_sysbios_knl_Clock_Module_State_clockQ__O)
                  c00472dc    00000004     app_pe674.oe674 (.const:ti_sysbios_knl_Clock_Module__diagsEnabled__C)
                  c00472e0    00000004     app_pe674.oe674 (.const:ti_sysbios_knl_Clock_Module__diagsIncluded__C)
                  c00472e4    00000004     app_pe674.oe674 (.const:ti_sysbios_knl_Clock_Module__diagsMask__C)
                  c00472e8    00000004     app_pe674.oe674 (.const:ti_sysbios_knl_Clock_Module__loggerFxn1__C)
                  c00472ec    00000004     app_pe674.oe674 (.const:ti_sysbios_knl_Clock_Module__loggerFxn2__C)
                  c00472f0    00000004     app_pe674.oe674 (.const:ti_sysbios_knl_Clock_Module__loggerObj__C)
                  c00472f4    00000004     app_pe674.oe674 (.const:ti_sysbios_knl_Semaphore_A_badContext__C)
                  c00472f8    00000004     app_pe674.oe674 (.const:ti_sysbios_knl_Idle_funcList__A)
                  c00472fc    00000004     app_pe674.oe674 (.const:ti_sysbios_knl_Semaphore_A_noEvents__C)
                  c0047300    00000004     app_pe674.oe674 (.const:ti_sysbios_knl_Semaphore_A_overflow__C)
                  c0047304    00000004     app_pe674.oe674 (.const:ti_sysbios_knl_Semaphore_A_pendTaskDisabled__C)
                  c0047308    00000004     app_pe674.oe674 (.const:ti_sysbios_knl_Semaphore_Instance_State_pendQ__O)
                  c004730c    00000004     app_pe674.oe674 (.const:ti_sysbios_knl_Semaphore_LM_pend__C)
                  c0047310    00000004     app_pe674.oe674 (.const:ti_sysbios_knl_Semaphore_LM_post__C)
                  c0047314    00000004     app_pe674.oe674 (.const:ti_sysbios_knl_Semaphore_Module__diagsEnabled__C)
                  c0047318    00000004     app_pe674.oe674 (.const:ti_sysbios_knl_Semaphore_Module__diagsIncluded__C)
                  c004731c    00000004     app_pe674.oe674 (.const:ti_sysbios_knl_Semaphore_Module__diagsMask__C)
                  c0047320    00000004     app_pe674.oe674 (.const:ti_sysbios_knl_Semaphore_Module__loggerFxn2__C)
                  c0047324    00000004     app_pe674.oe674 (.const:ti_sysbios_knl_Semaphore_Module__loggerFxn4__C)
                  c0047328    00000004     app_pe674.oe674 (.const:ti_sysbios_knl_Semaphore_Module__loggerObj__C)
                  c004732c    00000004     app_pe674.oe674 (.const:ti_sysbios_knl_Swi_LD_end__C)
                  c0047330    00000004     app_pe674.oe674 (.const:ti_sysbios_knl_Swi_LM_begin__C)
                  c0047334    00000004     app_pe674.oe674 (.const:ti_sysbios_knl_Swi_LM_post__C)
                  c0047338    00000004     app_pe674.oe674 (.const:ti_sysbios_knl_Swi_Module__diagsEnabled__C)
                  c004733c    00000004     app_pe674.oe674 (.const:ti_sysbios_knl_Swi_Module__diagsIncluded__C)
                  c0047340    00000004     app_pe674.oe674 (.const:ti_sysbios_knl_Swi_Module__diagsMask__C)
                  c0047344    00000004     app_pe674.oe674 (.const:ti_sysbios_knl_Swi_Module__loggerFxn1__C)
                  c0047348    00000004     app_pe674.oe674 (.const:ti_sysbios_knl_Swi_Module__loggerFxn4__C)
                  c004734c    00000004     app_pe674.oe674 (.const:ti_sysbios_knl_Swi_Module__loggerObj__C)
                  c0047350    00000004     app_pe674.oe674 (.const:ti_sysbios_knl_Swi_Object__count__C)
                  c0047354    00000004     app_pe674.oe674 (.const:ti_sysbios_knl_Task_A_badPriority__C)
                  c0047358    00000004     app_pe674.oe674 (.const:ti_sysbios_knl_Task_A_badTaskState__C)
                  c004735c    00000004     app_pe674.oe674 (.const:ti_sysbios_knl_Task_A_badThreadType__C)
                  c0047360    00000004     app_pe674.oe674 (.const:ti_sysbios_knl_Task_A_badTimeout__C)
                  c0047364    00000004     app_pe674.oe674 (.const:ti_sysbios_knl_Task_A_noPendElem__C)
                  c0047368    00000004     app_pe674.oe674 (.const:ti_sysbios_knl_Task_A_sleepTaskDisabled__C)
                  c004736c    00000004     app_pe674.oe674 (.const:ti_sysbios_knl_Task_LD_block__C)
                  c0047370    00000004     app_pe674.oe674 (.const:ti_sysbios_knl_Task_LD_exit__C)
                  c0047374    00000004     app_pe674.oe674 (.const:ti_sysbios_knl_Task_LD_ready__C)
                  c0047378    00000004     app_pe674.oe674 (.const:ti_sysbios_knl_Task_LM_sleep__C)
                  c004737c    00000004     app_pe674.oe674 (.const:ti_sysbios_knl_Task_LM_switch__C)
                  c0047380    00000004     app_pe674.oe674 (.const:ti_sysbios_knl_Task_Module_State_inactiveQ__O)
                  c0047384    00000004     app_pe674.oe674 (.const:ti_sysbios_knl_Task_Module__diagsEnabled__C)
                  c0047388    00000004     app_pe674.oe674 (.const:ti_sysbios_knl_Task_Module__diagsIncluded__C)
                  c004738c    00000004     app_pe674.oe674 (.const:ti_sysbios_knl_Task_Module__diagsMask__C)
                  c0047390    00000004     app_pe674.oe674 (.const:ti_sysbios_knl_Task_Module__loggerFxn2__C)
                  c0047394    00000004     app_pe674.oe674 (.const:ti_sysbios_knl_Task_Module__loggerFxn4__C)
                  c0047398    00000004     app_pe674.oe674 (.const:ti_sysbios_knl_Task_Module__loggerObj__C)
                  c004739c    00000004     app_pe674.oe674 (.const:ti_sysbios_knl_Task_Object__count__C)
                  c00473a0    00000004     app_pe674.oe674 (.const:ti_sysbios_knl_Task_allBlockedFunc__C)
                  c00473a4    00000004     app_pe674.oe674 (.const:ti_sysbios_knl_Task_defaultStackHeap__C)
                  c00473a8    00000004     app_pe674.oe674 (.const:ti_sysbios_knl_Task_defaultStackSize__C)
                  c00473ac    00000004     app_pe674.oe674 (.const:ti_sysbios_knl_Task_numConstructedTasks__C)
                  c00473b0    00000004     app_pe674.oe674 (.const:ti_sysbios_timers_timer64_Timer_A_notAvailable__C)
                  c00473b4    00000004     app_pe674.oe674 (.const:ti_sysbios_timers_timer64_Timer_E_cannotSupport__C)
                  c00473b8    00000004     app_pe674.oe674 (.const:ti_sysbios_timers_timer64_Timer_Module__diagsEnabled__C)
                  c00473bc    00000004     app_pe674.oe674 (.const:ti_sysbios_timers_timer64_Timer_Module__diagsIncluded__C)
                  c00473c0    00000004     app_pe674.oe674 (.const:ti_sysbios_timers_timer64_Timer_Module__diagsMask__C)
                  c00473c4    00000004     app_pe674.oe674 (.const:ti_sysbios_timers_timer64_Timer_anyMaskHigh__C)
                  c00473c8    00000004     app_pe674.oe674 (.const:ti_sysbios_timers_timer64_Timer_anyMask__C)
                  c00473cc    00000004     app_pe674.oe674 (.const:ti_sysbios_timers_timer64_Timer_freqDivisor__C)
                  c00473d0    00000004     app_pe674.oe674 (.const:ti_sysbios_timers_timer64_Timer_numLocalTimers__C)
                  c00473d4    00000004     app_pe674.oe674 (.const:ti_sysbios_timers_timer64_Timer_numTimerDevices__C)
                  c00473d8    00000004     app_pe674.oe674 (.const:xdc_runtime_Assert_E_assertFailed__C)
                  c00473dc    00000004     app_pe674.oe674 (.const:xdc_runtime_Core_A_initializedParams__C)
                  c00473e0    00000004     app_pe674.oe674 (.const:xdc_runtime_Core_Module__diagsEnabled__C)
                  c00473e4    00000004     app_pe674.oe674 (.const:xdc_runtime_Core_Module__diagsIncluded__C)
                  c00473e8    00000004     app_pe674.oe674 (.const:xdc_runtime_Core_Module__diagsMask__C)
                  c00473ec    00000004     app_pe674.oe674 (.const:xdc_runtime_Error_E_memory__C)
                  c00473f0    00000004     app_pe674.oe674 (.const:xdc_runtime_Error_Module__diagsEnabled__C)
                  c00473f4    00000004     app_pe674.oe674 (.const:xdc_runtime_Error_Module__diagsIncluded__C)
                  c00473f8    00000004     app_pe674.oe674 (.const:xdc_runtime_Error_Module__diagsMask__C)
                  c00473fc    00000004     app_pe674.oe674 (.const:xdc_runtime_Error_Module__loggerFxn8__C)
                  c0047400    00000004     app_pe674.oe674 (.const:xdc_runtime_Error_Module__loggerObj__C)
                  c0047404    00000004     app_pe674.oe674 (.const:xdc_runtime_Error_policyFxn__C)
                  c0047408    00000004     app_pe674.oe674 (.const:xdc_runtime_Error_policy__C)
                  c004740c    00000004     app_pe674.oe674 (.const:xdc_runtime_Error_raiseHook__C)
                  c0047410    00000004     app_pe674.oe674 (.const:xdc_runtime_IGateProvider_Interface__BASE__C)
                  c0047414    00000004     app_pe674.oe674 (.const:xdc_runtime_IHeap_Interface__BASE__C)
                  c0047418    00000004     app_pe674.oe674 (.const:xdc_runtime_IModule_Interface__BASE__C)
                  c004741c    00000004     app_pe674.oe674 (.const:xdc_runtime_Log_L_error__C)
                  c0047420    00000004     app_pe674.oe674 (.const:xdc_runtime_Memory_defaultHeapInstance__C)
                  c0047424    00000004     app_pe674.oe674 (.const:xdc_runtime_Startup_execImpl__C)
                  c0047428    00000004     app_pe674.oe674 (.const:xdc_runtime_Startup_maxPasses__C)
                  c004742c    00000004     app_pe674.oe674 (.const:xdc_runtime_Startup_sfxnRts__C)
                  c0047430    00000004     app_pe674.oe674 (.const:xdc_runtime_Startup_sfxnTab__C)
                  c0047434    00000004     app_pe674.oe674 (.const:xdc_runtime_System_Module__gateObj__C)
                  c0047438    00000004     app_pe674.oe674 (.const:xdc_runtime_System_abortFxn__C)
                  c004743c    00000004     app_pe674.oe674 (.const:xdc_runtime_System_exitFxn__C)
                  c0047440    00000004     app_pe674.oe674 (.const:xdc_runtime_System_extendFxn__C)
                  c0047444    00000004     app_pe674.oe674 (.const:xdc_runtime_System_maxAtexitHandlers__C)
                  c0047448    00000004     app_pe674.oe674 (.const:xdc_runtime_Text_charTab__C)
                  c004744c    00000004     app_pe674.oe674 (.const:xdc_runtime_Text_nameEmpty__C)
                  c0047450    00000004     app_pe674.oe674 (.const:xdc_runtime_Text_nameStatic__C)
                  c0047454    00000004     app_pe674.oe674 (.const:xdc_runtime_Text_nameUnknown__C)
                  c0047458    00000004     app_pe674.oe674 (.const:xdc_runtime_Text_nodeTab__C)
                  c004745c    00000004     app_pe674.oe674 (.const:xdc_runtime_Text_visitRopeFxn__C)
                  c0047460    00000002     app_pe674.oe674 (.const:ti_sysbios_family_c64p_Exception_Module__id__C)
                  c0047462    00000002     app_pe674.oe674 (.const:ti_sysbios_family_c64p_Exception_useInternalBuffer__C)
                  c0047464    00000002     app_pe674.oe674 (.const:ti_sysbios_family_c64p_Hwi_Module__id__C)
                  c0047466    00000002     app_pe674.oe674 (.const:ti_sysbios_family_c64p_Hwi_Module__loggerDefined__C)
                  c0047468    00000002     app_pe674.oe674 (.const:ti_sysbios_gates_GateMutex_Module__id__C)
                  c004746a    00000002     app_pe674.oe674 (.const:ti_sysbios_hal_Hwi_Module__id__C)
                  c004746c    00000002     app_pe674.oe674 (.const:ti_sysbios_heaps_HeapMem_Module__id__C)
                  c004746e    00000002     app_pe674.oe674 (.const:ti_sysbios_knl_Clock_Module__id__C)
                  c0047470    00000002     app_pe674.oe674 (.const:ti_sysbios_knl_Clock_Module__loggerDefined__C)
                  c0047472    00000002     app_pe674.oe674 (.const:ti_sysbios_knl_Semaphore_Module__id__C)
                  c0047474    00000002     app_pe674.oe674 (.const:ti_sysbios_knl_Semaphore_Module__loggerDefined__C)
                  c0047476    00000002     app_pe674.oe674 (.const:ti_sysbios_knl_Swi_Module__id__C)
                  c0047478    00000002     app_pe674.oe674 (.const:ti_sysbios_knl_Swi_Module__loggerDefined__C)
                  c004747a    00000002     app_pe674.oe674 (.const:ti_sysbios_knl_Task_Module__id__C)
                  c004747c    00000002     app_pe674.oe674 (.const:ti_sysbios_knl_Task_Module__loggerDefined__C)
                  c004747e    00000002     app_pe674.oe674 (.const:ti_sysbios_timers_timer64_Timer_Module__id__C)
                  c0047480    00000002     app_pe674.oe674 (.const:ti_sysbios_timers_timer64_Timer_startupNeeded__C)
                  c0047482    00000002     app_pe674.oe674 (.const:ti_sysbios_timers_timer64_Timer_useTimer64pRegMap__C)
                  c0047484    00000002     app_pe674.oe674 (.const:xdc_runtime_Core_Module__id__C)
                  c0047486    00000002     app_pe674.oe674 (.const:xdc_runtime_Error_Module__loggerDefined__C)
                  c0047488    00000002     app_pe674.oe674 (.const:xdc_runtime_Error_maxDepth__C)
                  c004748a    00000002     app_pe674.oe674 (.const:xdc_runtime_Main_Module__id__C)
                  c004748c    00000002     app_pe674.oe674 (.const:xdc_runtime_Memory_Module__id__C)
                  c004748e    00000002     app_pe674.oe674 (.const:xdc_runtime_Text_charCnt__C)
                  c0047490    00000002     app_pe674.oe674 (.const:xdc_runtime_Text_isLoaded__C)
                  c0047492    00000002     app_pe674.oe674 (.const:xdc_runtime_Text_registryModsLastId__C)
                  c0047494    00000002     app_pe674.oe674 (.const:xdc_runtime_Text_unnamedModsLastId__C)

.fardata   0    c0048498    00000cb2     UNINITIALIZED
                  c0048498    00000400     app_pe674.oe674 (.fardata:ti_sysbios_family_c64p_EventCombiner_Module__state__V)
                  c0048898    000001e0     rts6740_elf.lib : defs.obj (.fardata:_ftable)
                  c0048a78    000000f0     ti.drv.uart.ae674 : UART_soc.oe674 (.fardata:uartInitCfg)
                  c0048b68    000000a0     rts6740_elf.lib : write.obj (.fardata:_stream)
                  c0048c08    00000080     app_pe674.oe674 (.fardata:ti_sysbios_knl_Swi_Module_State_0_readyQ__A)
                  c0048c88    00000078     rts6740_elf.lib : write.obj (.fardata:_device)
                  c0048d00    0000006c     app_pe674.oe674 (.fardata:ti_sysbios_family_c64p_Hwi_Module__state__V)
                  c0048d6c    00000004     rts6740_elf.lib : _lock.obj (.fardata:_lock)
                  c0048d70    00000060     app_pe674.oe674 (.fardata:ti_sysbios_timers_timer64_Timer_Module_State_0_device__A)
                  c0048dd0    00000050     app_pe674.oe674 (.fardata:ti_sysbios_timers_timer64_Timer_Object__table__V)
                  c0048e20    0000004c     app_pe674.oe674 (.fardata:ti_sysbios_knl_Task_Object__table__V)
                  c0048e6c    00000044     app_pe674.oe674 (.fardata:ti_sysbios_knl_Task_Module__state__V)
                  c0048eb0    00000040     app_pe674.oe674 (.fardata:ti_sysbios_gates_GateMutex_Object__table__V)
                  c0048ef0    00000030     app_pe674.oe674 (.fardata:ti_sysbios_family_c64p_Exception_Module__state__V)
                  c0048f20    00000030     app_pe674.oe674 (.fardata:ti_sysbios_knl_Swi_Object__table__V)
                  c0048f50    0000002c     app_pe674.oe674 (.fardata:ti_sysbios_knl_Clock_Module__state__V)
                  c0048f7c    00000024     app_pe674.oe674 (.fardata:ti_sysbios_BIOS_Module__state__V)
                  c0048fa0    00000020     app_pe674.oe674 (.fardata:ti_sysbios_knl_Task_Module_State_0_readyQ__A)
                  c0048fc0    00000020     app_pe674.oe674 (.fardata:ti_sysbios_timers_timer64_Timer_Module_State_0_gctrl__A)
                  c0048fe0    00000020     app_pe674.oe674 (.fardata:ti_sysbios_timers_timer64_Timer_Module_State_0_handles__A)
                  c0049000    00000020     app_pe674.oe674 (.fardata:ti_sysbios_timers_timer64_Timer_Module_State_0_intFreqs__A)
                  c0049020    00000020     app_pe674.oe674 (.fardata:xdc_runtime_System_Module_State_0_atexitHandlers__A)
                  c0049040    0000001c     app_pe674.oe674 (.fardata:ti_sysbios_knl_Swi_Module__state__V)
                  c004905c    00000018     ti.osal.ae674 : Utils_tirtos.oe674 (.fardata)
                  c0049074    00000004     rts6740_elf.lib : _lock.obj (.fardata:_unlock)
                  c0049078    00000018     app_pe674.oe674 (.fardata:ti_sysbios_family_c64p_Hwi_Object__table__V)
                  c0049090    00000018     app_pe674.oe674 (.fardata:ti_sysbios_heaps_HeapMem_Object__table__V)
                  c00490a8    00000018     app_pe674.oe674 (.fardata:ti_sysbios_timers_timer64_Timer_Module__state__V)
                  c00490c0    0000000c     rts6740_elf.lib : exit.obj (.fardata)
                  c00490cc    00000008     app_pe674.oe674 (.fardata:ti_sysbios_family_c64p_Hwi_Module__root__V)
                  c00490d4    00000004     rts6740_elf.lib : defs.obj (.fardata)
                  c00490d8    00000008     app_pe674.oe674 (.fardata:ti_sysbios_family_c64p_primus_TimerSupport_Module_State_0_suspSrc__A)
                  c00490e0    00000008     app_pe674.oe674 (.fardata:ti_sysbios_gates_GateHwi_Module__root__V)
                  c00490e8    00000008     app_pe674.oe674 (.fardata:ti_sysbios_gates_GateMutex_Module__root__V)
                  c00490f0    00000008     app_pe674.oe674 (.fardata:ti_sysbios_hal_Hwi_Object__table__V)
                  c00490f8    00000008     app_pe674.oe674 (.fardata:ti_sysbios_heaps_HeapMem_Module__root__V)
                  c0049100    00000008     app_pe674.oe674 (.fardata:ti_sysbios_knl_Queue_Module__root__V)
                  c0049108    00000008     app_pe674.oe674 (.fardata:ti_sysbios_knl_Semaphore_Module__root__V)
                  c0049110    00000008     app_pe674.oe674 (.fardata:ti_sysbios_knl_Task_Module__root__V)
                  c0049118    00000008     app_pe674.oe674 (.fardata:xdc_runtime_Registry_Module__state__V)
                  c0049120    00000008     app_pe674.oe674 (.fardata:xdc_runtime_Startup_Module__state__V)
                  c0049128    00000008     app_pe674.oe674 (.fardata:xdc_runtime_System_Module__state__V)
                  c0049130    00000004     app_pe674.oe674 (.fardata:ti_sysbios_family_c64p_Cache_Module__state__V)
                  c0049134    00000004     app_pe674.oe674 (.fardata:ti_sysbios_family_c64p_primus_TimerSupport_Module__state__V)
                  c0049138    00000004     app_pe674.oe674 (.fardata:ti_sysbios_gates_GateHwi_Object__table__V)
                  c004913c    00000004     app_pe674.oe674 (.fardata:ti_sysbios_heaps_HeapBuf_Module__state__V)
                  c0049140    00000004     app_pe674.oe674 (.fardata:ti_sysbios_knl_Task_Module_State_0_idleTask__A)
                  c0049144    00000004     app_pe674.oe674 (.fardata:xdc_runtime_Memory_Module__state__V)
                  c0049148    00000002     app_pe674.oe674 (.fardata:xdc_runtime_Error_Module__state__V)

.far       0    c0049150    00000ae8     UNINITIALIZED
                  c0049150    00000800     app_pe674.oe674 (.far:taskStackSection)
                  c0049950    00000198     (.common:UartObjects)
                  c0049ae8    00000140     (.common:__TI_tmpnams)
                  c0049c28    00000008     (.common:parmbuf)
                  c0049c30    00000008     (.common:uart_stdio)

.cio       0    c0049c38    00000120     UNINITIALIZED
                  c0049c38    00000120     rts6740_elf.lib : trgmsg.obj (.cio)

.switch    0    c0049d58    00000024     
                  c0049d58    00000024     ti.drv.uart.ae674 : UART_stdio.oe674 (.switch:UART_printf)

MODULE SUMMARY

       Module                        code    ro data   rw data
       ------                        ----    -------   -------
    .\
       main.obj                      256     244       0      
    +--+-----------------------------+-------+---------+---------+
       Total:                        256     244       0      
                                                              
    D:\Users\zhuji\Projects\CCD\SY18-201708\DSP\uartTest\Debug\configPkg\package\cfg\
       app_pe674.oe674               4672    7997      209050 
    +--+-----------------------------+-------+---------+---------+
       Total:                        4672    7997      209050 
                                                              
    D:\Users\zhuji\Projects\CCD\SY18-201708\DSP\uartTest\src\sysbios\sysbios.ae674
       BIOS.obj                      33568   1304      0      
       c64p_Hwi_disp_always.obj      512     0         0      
       c64p_Exception_asm.obj        384     0         0      
       c62_TaskSupport_asm.obj       224     0         0      
       c64p_Hwi_asm_switch.obj       192     0         0      
       c64p_Hwi_asm.obj              160     0         0      
    +--+-----------------------------+-------+---------+---------+
       Total:                        35040   1304      0      
                                                              
    D:\ti\bios_6_46_05_55\packages\ti\targets\rts6000\lib\boot.ae674
       autoinit.oe674                320     0         0      
       boot.oe674                    160     0         0      
    +--+-----------------------------+-------+---------+---------+
       Total:                        480     0         0      
                                                              
    D:\ti\bios_6_46_05_55\packages\ti\targets\rts6000\lib\ti.targets.rts6000.ae674
       System.oe674                  3232    25        0      
       Text.oe674                    1696    64        0      
       Error.oe674                   1056    88        0      
       Core-mem.oe674                832     0         0      
       Startup.oe674                 768     44        0      
       Memory.oe674                  448     0         0      
       Core-smem.oe674               384     0         0      
       SysStd.oe674                  192     0         0      
       Assert.oe674                  160     4         0      
       Core-label.oe674              128     0         0      
       Core-params.oe674             128     0         0      
       Gate.oe674                    64      0         0      
       Registry.oe674                64      0         0      
    +--+-----------------------------+-------+---------+---------+
       Total:                        9152    225       0      
                                                              
    D:\ti\ccsv7\tools\compiler\ti-cgt-c6000_8.2.1\lib\rts6740_elf.lib
       defs.obj                      0       0         804    
       imath64.obj                   704     0         0      
       fputc.obj                     576     0         0      
       setvbuf.obj                   544     0         0      
       fflush.obj                    512     0         0      
       trgmsg.obj                    224     0         288    
       getdevice.obj                 448     0         0      
       hostrename.obj                416     0         0      
       write.obj                     96      0         280    
       fclose.obj                    320     0         0      
       copy_decompress_rle.obj       288     0         0      
       fseek.obj                     288     0         0      
       exit.obj                      256     0         12     
       _io_perm.obj                  256     0         0      
       hostopen.obj                  224     0         8      
       close.obj                     224     0         0      
       hostlseek.obj                 224     0         0      
       hostwrite.obj                 224     0         0      
       llshift.obj                   224     0         0      
       memset.obj                    224     0         0      
       divu.obj                      192     0         0      
       hostread.obj                  192     0         0      
       hostunlink.obj                192     0         0      
       tls.obj                       192     0         0      
       fopen.obj                     160     0         0      
       hostclose.obj                 160     0         0      
       memcpy64.obj                  160     0         0      
       remu.obj                      160     0         0      
       unlink.obj                    128     0         0      
       _lock.obj                     96      0         8      
       lseek.obj                     96      0         0      
       args_main.obj                 64      0         0      
       strasg.obj                    64      0         0      
       copy_decompress_none.obj      32      0         0      
    +--+-----------------------------+-------+---------+---------+
       Total:                        8160    0         1400   
                                                              
    D:\ti\pdk_omapl138_1_0_1\packages\ti\board\lib\lcdkOMAPL138\c674\release\ti.board.ae674
       lcdkOMAPL138_clock.oe674      1536    0         0      
       lcdkOMAPL138_pll.oe674        1472    0         0      
       lcdkOMAPL138_pinmux.oe674     1440    0         0      
       lcdkOMAPL138_ddr.oe674        416     0         0      
       lcdkOMAPL138.oe674            352     0         0      
       lcdkOMAPL138_lld_init.oe674   32      0         0      
    +--+-----------------------------+-------+---------+---------+
       Total:                        5248    0         0      
                                                              
    D:\ti\pdk_omapl138_1_0_1\packages\ti\csl\lib\omapl138\c674\release\ti.csl.ae674
       uart.oe674                    1216    0         0      
    +--+-----------------------------+-------+---------+---------+
       Total:                        1216    0         0      
                                                              
    D:\ti\pdk_omapl138_1_0_1\packages\ti\drv\uart\lib\omapl138\c674\release\ti.drv.uart.ae674
       UART_v0.oe674                 7104    76        0      
       UART_stdio.oe674              3488    72        8      
       UART_soc.oe674                0       48        648    
       UART_drv.oe674                352     80        4      
[...]
c0047248  ti_sysbios_family_c64p_Exception_internalHook__C                    
c004724c  ti_sysbios_family_c64p_Exception_nmiHook__C                         
c0047250  ti_sysbios_family_c64p_Hwi_E_alreadyDefined__C                      
c0047254  ti_sysbios_family_c64p_Hwi_E_handleNotFound__C                      
c0047258  ti_sysbios_family_c64p_Hwi_E_invalidIntNum__C                       
c004725c  ti_sysbios_family_c64p_Hwi_LD_end__C                                
c0047260  ti_sysbios_family_c64p_Hwi_LM_begin__C                              
c0047264  ti_sysbios_family_c64p_Hwi_Module__diagsEnabled__C                  
c0047268  ti_sysbios_family_c64p_Hwi_Module__diagsIncluded__C                 
c004726c  ti_sysbios_family_c64p_Hwi_Module__diagsMask__C                     
c0047270  ti_sysbios_family_c64p_Hwi_Module__loggerFxn1__C                    
c0047274  ti_sysbios_family_c64p_Hwi_Module__loggerFxn8__C                    
c0047278  ti_sysbios_family_c64p_Hwi_Module__loggerObj__C                     
c004727c  ti_sysbios_gates_GateMutex_A_badContext__C                          
c0047280  ti_sysbios_gates_GateMutex_Instance_State_sem__O                    
c0047284  ti_sysbios_gates_GateMutex_Module__diagsEnabled__C                  
c0047288  ti_sysbios_gates_GateMutex_Module__diagsIncluded__C                 
c004728c  ti_sysbios_gates_GateMutex_Module__diagsMask__C                     
c0047290  ti_sysbios_hal_Hwi_E_stackOverflow__C                               
c0047294  ti_sysbios_heaps_HeapBuf_Instance_State_freeList__O                 
c0047298  ti_sysbios_heaps_HeapBuf_Object__count__C                           
c004729c  ti_sysbios_heaps_HeapBuf_numConstructedHeaps__C                     
c00472a0  ti_sysbios_heaps_HeapMem_A_align__C                                 
c00472a4  ti_sysbios_heaps_HeapMem_A_heapSize__C                              
c00472a8  ti_sysbios_heaps_HeapMem_A_invalidFree__C                           
c00472ac  ti_sysbios_heaps_HeapMem_A_zeroBlock__C                             
c00472b0  ti_sysbios_heaps_HeapMem_E_memory__C                                
c00472b4  ti_sysbios_heaps_HeapMem_Module__diagsEnabled__C                    
c00472b8  ti_sysbios_heaps_HeapMem_Module__diagsIncluded__C                   
c00472bc  ti_sysbios_heaps_HeapMem_Module__diagsMask__C                       
c00472c0  ti_sysbios_heaps_HeapMem_Module__gateObj__C                         
c00472c4  ti_sysbios_heaps_HeapMem_Object__count__C                           
c00472c8  ti_sysbios_heaps_HeapMem_reqAlign__C                                
c00472cc  ti_sysbios_knl_Clock_LM_begin__C                                    
c00472d0  ti_sysbios_knl_Clock_LM_tick__C                                     
c00472d4  ti_sysbios_knl_Clock_LW_delayed__C                                  
c00472d8  ti_sysbios_knl_Clock_Module_State_clockQ__O                         
c00472dc  ti_sysbios_knl_Clock_Module__diagsEnabled__C                        
c00472e0  ti_sysbios_knl_Clock_Module__diagsIncluded__C                       
c00472e4  ti_sysbios_knl_Clock_Module__diagsMask__C                           
c00472e8  ti_sysbios_knl_Clock_Module__loggerFxn1__C                          
c00472ec  ti_sysbios_knl_Clock_Module__loggerFxn2__C                          
c00472f0  ti_sysbios_knl_Clock_Module__loggerObj__C                           
c00472f4  ti_sysbios_knl_Semaphore_A_badContext__C                            
c00472f8  ti_sysbios_knl_Idle_funcList__A                                     
c00472fc  ti_sysbios_knl_Semaphore_A_noEvents__C                              
c0047300  ti_sysbios_knl_Semaphore_A_overflow__C                              
c0047304  ti_sysbios_knl_Semaphore_A_pendTaskDisabled__C                      
c0047308  ti_sysbios_knl_Semaphore_Instance_State_pendQ__O                    
c004730c  ti_sysbios_knl_Semaphore_LM_pend__C                                 
c0047310  ti_sysbios_knl_Semaphore_LM_post__C                                 
c0047314  ti_sysbios_knl_Semaphore_Module__diagsEnabled__C                    
c0047318  ti_sysbios_knl_Semaphore_Module__diagsIncluded__C                   
c004731c  ti_sysbios_knl_Semaphore_Module__diagsMask__C                       
c0047320  ti_sysbios_knl_Semaphore_Module__loggerFxn2__C                      
c0047324  ti_sysbios_knl_Semaphore_Module__loggerFxn4__C                      
c0047328  ti_sysbios_knl_Semaphore_Module__loggerObj__C                       
c004732c  ti_sysbios_knl_Swi_LD_end__C                                        
c0047330  ti_sysbios_knl_Swi_LM_begin__C                                      
c0047334  ti_sysbios_knl_Swi_LM_post__C                                       
c0047338  ti_sysbios_knl_Swi_Module__diagsEnabled__C                          
c004733c  ti_sysbios_knl_Swi_Module__diagsIncluded__C                         
c0047340  ti_sysbios_knl_Swi_Module__diagsMask__C                             
c0047344  ti_sysbios_knl_Swi_Module__loggerFxn1__C                            
c0047348  ti_sysbios_knl_Swi_Module__loggerFxn4__C                            
c004734c  ti_sysbios_knl_Swi_Module__loggerObj__C                             
c0047350  ti_sysbios_knl_Swi_Object__count__C                                 
c0047354  ti_sysbios_knl_Task_A_badPriority__C                                
c0047358  ti_sysbios_knl_Task_A_badTaskState__C                               
c004735c  ti_sysbios_knl_Task_A_badThreadType__C                              
c0047360  ti_sysbios_knl_Task_A_badTimeout__C                                 
c0047364  ti_sysbios_knl_Task_A_noPendElem__C                                 
c0047368  ti_sysbios_knl_Task_A_sleepTaskDisabled__C                          
c004736c  ti_sysbios_knl_Task_LD_block__C                                     
c0047370  ti_sysbios_knl_Task_LD_exit__C                                      
c0047374  ti_sysbios_knl_Task_LD_ready__C                                     
c0047378  ti_sysbios_knl_Task_LM_sleep__C                                     
c004737c  ti_sysbios_knl_Task_LM_switch__C                                    
c0047380  ti_sysbios_knl_Task_Module_State_inactiveQ__O                       
c0047384  ti_sysbios_knl_Task_Module__diagsEnabled__C                         
c0047388  ti_sysbios_knl_Task_Module__diagsIncluded__C                        
c004738c  ti_sysbios_knl_Task_Module__diagsMask__C                            
c0047390  ti_sysbios_knl_Task_Module__loggerFxn2__C                           
c0047394  ti_sysbios_knl_Task_Module__loggerFxn4__C                           
c0047398  ti_sysbios_knl_Task_Module__loggerObj__C                            
c004739c  ti_sysbios_knl_Task_Object__count__C                                
c00473a0  ti_sysbios_knl_Task_allBlockedFunc__C                               
c00473a4  ti_sysbios_knl_Task_defaultStackHeap__C                             
c00473a8  ti_sysbios_knl_Task_defaultStackSize__C                             
c00473ac  ti_sysbios_knl_Task_numConstructedTasks__C                          
c00473b0  ti_sysbios_timers_timer64_Timer_A_notAvailable__C                   
c00473b4  ti_sysbios_timers_timer64_Timer_E_cannotSupport__C                  
c00473b8  ti_sysbios_timers_timer64_Timer_Module__diagsEnabled__C             
c00473bc  ti_sysbios_timers_timer64_Timer_Module__diagsIncluded__C            
c00473c0  ti_sysbios_timers_timer64_Timer_Module__diagsMask__C                
c00473c4  ti_sysbios_timers_timer64_Timer_anyMaskHigh__C                      
c00473c8  ti_sysbios_timers_timer64_Timer_anyMask__C                          
c00473cc  ti_sysbios_timers_timer64_Timer_freqDivisor__C                      
c00473d0  ti_sysbios_timers_timer64_Timer_numLocalTimers__C                   
c00473d4  ti_sysbios_timers_timer64_Timer_numTimerDevices__C                  
c00473d8  xdc_runtime_Assert_E_assertFailed__C                                
c00473dc  xdc_runtime_Core_A_initializedParams__C                             
c00473e0  xdc_runtime_Core_Module__diagsEnabled__C                            
c00473e4  xdc_runtime_Core_Module__diagsIncluded__C                           
c00473e8  xdc_runtime_Core_Module__diagsMask__C                               
c00473ec  xdc_runtime_Error_E_memory__C                                       
c00473f0  xdc_runtime_Error_Module__diagsEnabled__C                           
c00473f4  xdc_runtime_Error_Module__diagsIncluded__C                          
c00473f8  xdc_runtime_Error_Module__diagsMask__C                              
c00473fc  xdc_runtime_Error_Module__loggerFxn8__C                             
c0047400  xdc_runtime_Error_Module__loggerObj__C                              
c0047404  xdc_runtime_Error_policyFxn__C                                      
c0047408  xdc_runtime_Error_policy__C                                         
c004740c  xdc_runtime_Error_raiseHook__C                                      
c0047410  xdc_runtime_IGateProvider_Interface__BASE__C                        
c0047414  xdc_runtime_IHeap_Interface__BASE__C                                
c0047418  xdc_runtime_IModule_Interface__BASE__C                              
c004741c  xdc_runtime_Log_L_error__C                                          
c0047420  xdc_runtime_Memory_defaultHeapInstance__C                           
c0047424  xdc_runtime_Startup_execImpl__C                                     
c0047428  xdc_runtime_Startup_maxPasses__C                                    
c004742c  xdc_runtime_Startup_sfxnRts__C                                      
c0047430  xdc_runtime_Startup_sfxnTab__C                                      
c0047434  xdc_runtime_System_Module__gateObj__C                               
c0047438  xdc_runtime_System_abortFxn__C                                      
c004743c  xdc_runtime_System_exitFxn__C                                       
c0047440  xdc_runtime_System_extendFxn__C                                     
c0047444  xdc_runtime_System_maxAtexitHandlers__C                             
c0047448  xdc_runtime_Text_charTab__C                                         
c004744c  xdc_runtime_Text_nameEmpty__C                                       
c0047450  xdc_runtime_Text_nameStatic__C                                      
c0047454  xdc_runtime_Text_nameUnknown__C                                     
c0047458  xdc_runtime_Text_nodeTab__C                                         
c004745c  xdc_runtime_Text_visitRopeFxn__C                                    
c0047460  ti_sysbios_family_c64p_Exception_Module__id__C                      
c0047462  ti_sysbios_family_c64p_Exception_useInternalBuffer__C               
c0047464  ti_sysbios_family_c64p_Hwi_Module__id__C                            
c0047466  ti_sysbios_family_c64p_Hwi_Module__loggerDefined__C                 
c0047468  ti_sysbios_gates_GateMutex_Module__id__C                            
c004746a  ti_sysbios_hal_Hwi_Module__id__C                                    
c004746c  ti_sysbios_heaps_HeapMem_Module__id__C                              
c004746e  ti_sysbios_knl_Clock_Module__id__C                                  
c0047470  ti_sysbios_knl_Clock_Module__loggerDefined__C                       
c0047472  ti_sysbios_knl_Semaphore_Module__id__C                              
c0047474  ti_sysbios_knl_Semaphore_Module__loggerDefined__C                   
c0047476  ti_sysbios_knl_Swi_Module__id__C                                    
c0047478  ti_sysbios_knl_Swi_Module__loggerDefined__C                         
c004747a  ti_sysbios_knl_Task_Module__id__C                                   
c004747c  ti_sysbios_knl_Task_Module__loggerDefined__C                        
c004747e  ti_sysbios_timers_timer64_Timer_Module__id__C                       
c0047480  ti_sysbios_timers_timer64_Timer_startupNeeded__C                    
c0047482  ti_sysbios_timers_timer64_Timer_useTimer64pRegMap__C                
c0047484  xdc_runtime_Core_Module__id__C                                      
c0047486  xdc_runtime_Error_Module__loggerDefined__C                          
c0047488  xdc_runtime_Error_maxDepth__C                                       
c004748a  xdc_runtime_Main_Module__id__C                                      
c004748c  xdc_runtime_Memory_Module__id__C                                    
c004748e  xdc_runtime_Text_charCnt__C                                         
c0047490  xdc_runtime_Text_isLoaded__C                                        
c0047492  xdc_runtime_Text_registryModsLastId__C                              
c0047494  xdc_runtime_Text_unnamedModsLastId__C                               
c0047498  _stack                                                              
c0048498  __TI_STACK_END                                                      
c0048498  ti_sysbios_family_c64p_EventCombiner_Module__state__V               
c0048898  _ftable                                                             
c0048a78  uartInitCfg                                                         
c0048b68  _stream                                                             
c0048c08  ti_sysbios_knl_Swi_Module_State_0_readyQ__A                         
c0048c88  _device                                                             
c0048d00  ti_sysbios_family_c64p_Hwi_Module__state__V                         
c0048d6c  _lock                                                               
c0048d70  ti_sysbios_timers_timer64_Timer_Module_State_0_device__A            
c0048dd0  ti_sysbios_timers_timer64_Timer_Object__table__V                    
c0048e20  ti_sysbios_knl_Task_Object__table__V                                
c0048e6c  ti_sysbios_knl_Task_Module__state__V                                
c0048eb0  ti_sysbios_gates_GateMutex_Object__table__V                         
c0048ef0  ti_sysbios_family_c64p_Exception_Module__state__V                   
c0048f20  ti_sysbios_knl_Swi_Object__table__V                                 
c0048f50  ti_sysbios_knl_Clock_Module__state__V                               
c0048f7c  ti_sysbios_BIOS_Module__state__V                                    
c0048fa0  ti_sysbios_knl_Task_Module_State_0_readyQ__A                        
c0048fc0  ti_sysbios_timers_timer64_Timer_Module_State_0_gctrl__A             
c0048fe0  ti_sysbios_timers_timer64_Timer_Module_State_0_handles__A           
c0049000  ti_sysbios_timers_timer64_Timer_Module_State_0_intFreqs__A          
c0049020  xdc_runtime_System_Module_State_0_atexitHandlers__A                 
c0049040  ti_sysbios_knl_Swi_Module__state__V                                 
c004905c  gOsal_HwAttrs                                                       
c0049074  _unlock                                                             
c0049078  ti_sysbios_family_c64p_Hwi_Object__table__V                         
c0049090  ti_sysbios_heaps_HeapMem_Object__table__V                           
c00490a8  ti_sysbios_timers_timer64_Timer_Module__state__V                    
c00490c0  __TI_cleanup_ptr                                                    
c00490c4  __TI_dtors_ptr                                                      
c00490c8  __TI_enable_exit_profile_output                                     
c00490cc  ti_sysbios_family_c64p_Hwi_Module__root__V                          
c00490d4  __TI_ft_end                                                         
c00490d8  ti_sysbios_family_c64p_primus_TimerSupport_Module_State_0_suspSrc__A
c00490e0  ti_sysbios_gates_GateHwi_Module__root__V                            
c00490e8  ti_sysbios_gates_GateMutex_Module__root__V                          
c00490f0  ti_sysbios_hal_Hwi_Object__table__V                                 
c00490f8  ti_sysbios_heaps_HeapMem_Module__root__V                            
c0049100  ti_sysbios_knl_Queue_Module__root__V                                
c0049108  ti_sysbios_knl_Semaphore_Module__root__V                            
c0049110  ti_sysbios_knl_Task_Module__root__V                                 
c0049118  xdc_runtime_Registry_Module__state__V                               
c0049120  xdc_runtime_Startup_Module__state__V                                
c0049128  xdc_runtime_System_Module__state__V                                 
c0049130  ti_sysbios_family_c64p_Cache_Module__state__V                       
c0049134  ti_sysbios_family_c64p_primus_TimerSupport_Module__state__V         
c0049138  ti_sysbios_gates_GateHwi_Object__table__V                           
c004913c  ti_sysbios_heaps_HeapBuf_Module__state__V                           
c0049140  ti_sysbios_knl_Task_Module_State_0_idleTask__A                      
c0049144  xdc_runtime_Memory_Module__state__V                                 
c0049148  xdc_runtime_Error_Module__state__V                                  
c004914c  __TI_STATIC_BASE                                                    
c0049150  ti_sysbios_knl_Task_Instance_State_0_stack__A                       
c0049950  UartObjects                                                         
c0049ae8  __TI_tmpnams                                                        
c0049c28  parmbuf                                                             
c0049c30  uart_stdio                                                          
c0049c38  __CIOBUF_                                                           
c004a000  ti_sysbios_family_c64p_Hwi0                                         
c004a000  ti_sysbios_family_c64p_Hwi_int0                                     
c004a020  ti_sysbios_family_c64p_Hwi_int1                                     
c004a040  ti_sysbios_family_c64p_Hwi_int2                                     
c004a060  ti_sysbios_family_c64p_Hwi_int3                                     
c004a080  ti_sysbios_family_c64p_Hwi_int4                                     
c004a0a0  ti_sysbios_family_c64p_Hwi_int5                                     
c004a0c0  ti_sysbios_family_c64p_Hwi_int6                                     
c004a0e0  ti_sysbios_family_c64p_Hwi_int7                                     
c004a100  ti_sysbios_family_c64p_Hwi_int8                                     
c004a120  ti_sysbios_family_c64p_Hwi_int9                                     
c004a140  ti_sysbios_family_c64p_Hwi_int10                                    
c004a160  ti_sysbios_family_c64p_Hwi_int11                                    
c004a180  ti_sysbios_family_c64p_Hwi_int12                                    
c004a1a0  ti_sysbios_family_c64p_Hwi_int13                                    
c004a1c0  ti_sysbios_family_c64p_Hwi_int14                                    
c004a1e0  ti_sysbios_family_c64p_Hwi_int15                                    
c004aa3c  __TI_Handler_Table_Base                                             
c004aa44  __TI_Handler_Table_Limit                                            
c004aa48  __TI_CINIT_Base                                                     
c004aa68  __TI_CINIT_Limit                                                    
ffffffff  __TI_pprof_out_hndl                                                 
ffffffff  __TI_prof_data_size                                                 
ffffffff  __TI_prof_data_start                                                
ffffffff  __binit__                                                           
ffffffff  __c_args__                                                          
ffffffff  binit                                                               
UNDEFED   __TI_INITARRAY_Base                                                 
UNDEFED   __TI_INITARRAY_Limit                                                
UNDEFED   __TI_TLS_INIT_Base                                                  
UNDEFED   __TI_TLS_INIT_Limit                                                 

[701 symbols]
