******************************************************************************
               TMS320C6x Linker PC v8.2.1                      
******************************************************************************
>> Linked Mon Sep 25 10:07:53 2017

OUTPUT FILE NAME:   <ndkTest.out>
ENTRY POINT SYMBOL: "_c_int00"  address: c004aa60


MEMORY CONFIGURATION

         name            origin    length      used     unused   attr    fill
----------------------  --------  ---------  --------  --------  ----  --------
  IROM                  11700000   00100000  00000000  00100000  R  X
  IRAM                  11800000   00040000  00000000  00040000  RW X
  L3_CBA_RAM            80000000   00020000  00000000  00020000  RW X
  DDR                   c0000000   08000000  000ce264  07f31d9c  RWIX


SEGMENT ALLOCATION MAP

run origin  load origin   length   init length attrs members
----------  ----------- ---------- ----------- ----- -------
c0000000    c0000000    00053ba0   00053ba0    r-x
  c0000000    c0000000    00053ba0   00053ba0    r-x .text
c0053ba0    c0053ba0    00000060   00000000    rw-
  c0053ba0    c0053ba0    00000060   00000000    rw- .far.1
c0053c00    c0053c00    0006e1d0   00000000    rw-
  c0053c00    c0053c00    00052b00   00000000    rw- .far:NDK_PACKETMEM
  c00a6700    c00a6700    000136cc   00000000    rw- .far.2
  c00b9dd0    c00b9dd0    00008000   00000000    rw- systemHeap
c00c1dd0    c00c1dd0    00003f00   00003f00    r--
  c00c1dd0    c00c1dd0    00003f00   00003f00    r-- .const
c00c5cd0    c00c5cd0    00006e08   00000000    rw-
  c00c5cd0    c00c5cd0    00003c00   00000000    rw- .far:taskStackSection
  c00c98d0    c00c98d0    00001204   00000000    rw- .fardata
  c00caad8    c00caad8    00001000   00000000    rw- .far:NDK_OBJMEM
  c00cbad8    c00cbad8    00001000   00000000    rw- .stack
c00ccad8    c00ccad8    000003b8   000003b8    r--
  c00ccad8    c00ccad8    000003b8   000003b8    r-- .switch
c00cce90    c00cce90    00000214   00000000    rw-
  c00cce90    c00cce90    00000060   00000000    rw- .bss
  c00ccef0    c00ccef0    000001b4   00000000    rw- .neardata
c00cd0a4    c00cd0a4    00000024   00000000    r--
  c00cd0a4    c00cd0a4    00000024   00000000    r-- .rodata
c00cd100    c00cd100    000002b8   00000000    rw-
  c00cd100    c00cd100    00000194   00000000    rw- emacComm
  c00cd298    c00cd298    00000120   00000000    rw- .cio
c00cd400    c00cd400    00000ef0   00000ef0    r-x
  c00cd400    c00cd400    00000200   00000200    r-x .vecs
  c00cd600    c00cd600    00000cf0   00000cf0    r-- .cinit


SECTION ALLOCATION MAP

 output                                  attributes/
section   page    origin      length       input sections
--------  ----  ----------  ----------   ----------------
.stack     0    c00cbad8    00001000     UNINITIALIZED
                  c00cbad8    00000008     boot.ae674 : boot.oe674 (.stack)
                  c00cbae0    00000ff8     --HOLE--

.bss       0    c00cce90    00000060     UNINITIALIZED
                  c00cce90    00000018     hal_timer_bios.lib : lltimer_bios6.oe674 (.bss)
                  c00ccea8    00000014     stack.lib : igmp.oe674 (.bss)
                  c00ccebc    00000008     netctrl.lib : netctrl.oe674 (.bss)
                  c00ccec4    00000008     nettool.lib : daemon.oe674 (.bss)
                  c00ccecc    00000008     stack.lib : ip.oe674 (.bss)
                  c00cced4    00000008               : nimupppoe.oe674 (.bss)
                  c00ccedc    00000004     nettool.lib : ipaddr.oe674 (.bss)
                  c00ccee0    00000004     stack.lib : ipv6_frag.oe674 (.bss)
                  c00ccee4    00000004               : lli6.oe674 (.bss)
                  c00ccee8    00000004               : rtable.oe674 (.bss)
                  c00cceec    00000004     (.common:coreNum$0)

.neardata 
*          0    c00ccef0    000001b4     UNINITIALIZED
                  c00ccef0    00000044     nettool.lib : httpstr.oe674 (.neardata)
                  c00ccf34    00000024     os.lib : mem_bios6.oe674 (.neardata)
                  c00ccf58    00000020     main.obj (.neardata)
                  c00ccf78    0000001c     os.lib : task_bios6.oe674 (.neardata)
                  c00ccf94    00000018     netctrl.lib : netctrl.oe674 (.neardata)
                  c00ccfac    00000014     stack.lib : rtable.oe674 (.neardata)
                  c00ccfc0    00000010     nettool.lib : daemon.oe674 (.neardata)
                  c00ccfd0    00000010     stack.lib : bind6.oe674 (.neardata)
                  c00ccfe0    00000010               : igmp.oe674 (.neardata)
                  c00ccff0    0000000c               : route6.oe674 (.neardata)
                  c00ccffc    00000008     miniPrintf.lib : miniPrintf.oe674 (.neardata)
                  c00cd004    00000008     os.lib : ossys.oe674 (.neardata)
                  c00cd00c    00000008     stack.lib : exec.oe674 (.neardata)
                  c00cd014    00000008               : icmp.oe674 (.neardata)
                  c00cd01c    00000008               : ip.oe674 (.neardata)
                  c00cd024    00000008               : ipin.oe674 (.neardata)
                  c00cd02c    00000008               : ipv6_frag.oe674 (.neardata)
                  c00cd034    00000008               : lli.oe674 (.neardata)
                  c00cd03c    00000008               : nimupppoe.oe674 (.neardata)
                  c00cd044    00000008               : rtc.oe674 (.neardata)
                  c00cd04c    00000008               : tcp.oe674 (.neardata)
                  c00cd054    00000008               : tcp6.oe674 (.neardata)
                  c00cd05c    00000008               : timer.oe674 (.neardata)
                  c00cd064    00000004     hal_timer_bios.lib : lltimer_bios6.oe674 (.neardata)
                  c00cd068    00000004     netctrl.lib : netsrv.oe674 (.neardata)
                  c00cd06c    00000004     nettool.lib : config.oe674 (.neardata)
                  c00cd070    00000004                 : httpsend.oe674 (.neardata)
                  c00cd074    00000004     os.lib : efs.oe674 (.neardata)
                  c00cd078    00000004            : pbm.oe674 (.neardata)
                  c00cd07c    00000004     stack.lib : bind.oe674 (.neardata)
                  c00cd080    00000004               : ipfrag.oe674 (.neardata)
                  c00cd084    00000004               : lli6.oe674 (.neardata)
                  c00cd088    00000004               : mld.oe674 (.neardata)
                  c00cd08c    00000004               : node.oe674 (.neardata)
                  c00cd090    00000004               : sock6pcb.oe674 (.neardata)
                  c00cd094    00000004               : sockpcb.oe674 (.neardata)
                  c00cd098    00000004     ti.drv.emac.ae674 : emac_drv_v0.oe674 (.neardata)
                  c00cd09c    00000004     ti.drv.uart.ae674 : UART_drv.oe674 (.neardata)
                  c00cd0a0    00000004     ti.transport.ndk.nimu.ae674 : nimu_eth.oe674 (.neardata)

.rodata    0    c00cd0a4    00000024     UNINITIALIZED
                  c00cd0a4    00000024     stack.lib : ipv6.oe674 (.rodata)

.cinit     0    c00cd600    00000cf0     
                  c00cd600    00000b5c     (.cinit..fardata.load) [load image, compression = rle]
                  c00ce15c    00000093     (.cinit..neardata.load) [load image, compression = rle]
                  c00ce1ef    00000029     (.cinit..far.2.load) [load image, compression = rle]
                  c00ce218    00000029     (.cinit..rodata.load) [load image, compression = rle]
                  c00ce241    0000000d     (.cinit..far:NDK_PACKETMEM.load) [load image, compression = rle]
                  c00ce24e    0000000b     (.cinit..far:NDK_OBJMEM.load) [load image, compression = rle]
                  c00ce259    0000000b     (.cinit..far:taskStackSection.load) [load image, compression = rle]
                  c00ce264    0000000b     (.cinit.emacComm.load) [load image, compression = rle]
                  c00ce26f    0000000b     (.cinit.systemHeap.load) [load image, compression = rle]
                  c00ce27a    00000009     (.cinit..bss.load) [load image, compression = rle]
                  c00ce283    00000009     (.cinit..far.1.load) [load image, compression = rle]
                  c00ce28c    00000008     (__TI_handler_table)
                  c00ce294    00000004     --HOLE-- [fill = 0]
                  c00ce298    00000058     (__TI_cinit_table)

.init_array 
*          0    c0000000    00000000     UNINITIALIZED

.far.1     0    c0053ba0    00000060     UNINITIALIZED
                  c0053ba0    00000030     stack.lib : udp.oe674 (.far)
                  c0053bd0    0000002c     (.common:emac_pkt_desc$0)
                  c0053bfc    00000004               : rawethsock_pcb.oe674 (.far)

.far:NDK_PACKETMEM 
*          0    c0053c00    00052b00     UNINITIALIZED
                  c0053c00    00052b00     os.lib : pbm.oe674 (.far:NDK_PACKETMEM)

.far.2     0    c00a6700    000136cc     UNINITIALIZED
                  c00a6700    0000c1c0     os.lib : mem_bios6.oe674 (.far:NDK_MMBUFFER)
                  c00b28c0    00005c04     ti.drv.emac.ae674 : emac_drv_v0.oe674 (.far:EMAC_DRV)
                  c00b84c4    00000004     --HOLE--
                  c00b84c8    00000800     (.common:xdc_runtime_LoggerBuf_Instance_State_0_entryArr__A)
                  c00b8cc8    00000660     nettool.lib : daemon.oe674 (.far)
                  c00b9328    00000198     (.common:UartObjects)
                  c00b94c0    00000140     (.common:__TI_tmpnams)
                  c00b9600    00000110     stack.lib : igmp.oe674 (.far)
                  c00b9710    000000d8     netctrl.lib : netsrv.oe674 (.far)
                  c00b97e8    000000c8     stack.lib : ipv6.oe674 (.far)
                  c00b98b0    000000c4               : tcp.oe674 (.far)
                  c00b9974    000000b8               : tcp6in.oe674 (.far)
                  c00b9a2c    00000004     --HOLE--
                  c00b9a30    000000a0     miniPrintf.lib : miniPrintf.oe674 (.far)
                  c00b9ad0    0000009c     stack.lib : icmp.oe674 (.far)
                  c00b9b6c    00000004     --HOLE--
                  c00b9b70    0000007c     os.lib : mem_bios6.oe674 (.far)
                  c00b9bec    00000068     stack.lib : ip.oe674 (.far)
                  c00b9c54    00000064               : nimu.oe674 (.far)
                  c00b9cb8    00000028               : vlan.oe674 (.far)
                  c00b9ce0    00000024               : udp6.oe674 (.far)
                  c00b9d04    00000004     --HOLE--
                  c00b9d08    0000001c     os.lib : mem_bios6.oe674 (.far:NDK_MMBUFFER1)
                  c00b9d24    00000018     stack.lib : icmpv6.oe674 (.far)
                  c00b9d3c    00000004     --HOLE--
                  c00b9d40    00000014               : rtc.oe674 (.far)
                  c00b9d54    00000010     netctrl.lib : netctrl.oe674 (.far)
                  c00b9d64    00000010     stack.lib : raw.oe674 (.far)
                  c00b9d74    00000010               : raw6.oe674 (.far)
                  c00b9d84    00000010               : raweth.oe674 (.far)
                  c00b9d94    0000000c     os.lib : pbm.oe674 (.far)
                  c00b9da0    00000008     (.common:parmbuf)
                  c00b9da8    00000008     (.common:uart_stdio)
                  c00b9db0    00000004     (.common:pPDI$0)
                  c00b9db4    00000004     --HOLE--
                  c00b9db8    00000004     (.common:ti_sysbios_knl_Task_Instance_State_0_hookEnv__A)
                  c00b9dbc    00000004     --HOLE--
                  c00b9dc0    00000004     (.common:ti_sysbios_knl_Task_Instance_State_1_hookEnv__A)
                  c00b9dc4    00000004     --HOLE--
                  c00b9dc8    00000004     (.common:ti_sysbios_knl_Task_Instance_State_2_hookEnv__A)

systemHeap 
*          0    c00b9dd0    00008000     UNINITIALIZED
                  c00b9dd0    00008000     app_pe674.oe674 (systemHeap)

.far:taskStackSection 
*          0    c00c5cd0    00003c00     UNINITIALIZED
                  c00c5cd0    00003c00     app_pe674.oe674 (.far:taskStackSection)

emacComm   0    c00cd100    00000194     UNINITIALIZED
                  c00cd100    00000194     ti.drv.emac.ae674 : emac_drv_v0.oe674 (emacComm)

.vecs      0    c00cd400    00000200     
                  c00cd400    00000200     app_pe674.oe674 (.vecs)

.far:NDK_OBJMEM 
*          0    c00caad8    00001000     UNINITIALIZED
                  c00caad8    00000a00     miniPrintf.lib : miniPrintf.oe674 (.far:NDK_OBJMEM)
                  c00cb4d8    00000600     os.lib : ossys.oe674 (.far:NDK_OBJMEM)

xdc.meta   0    c0000000    000000f8     COPY SECTION
                  c0000000    000000f8     app_pe674.oe674 (xdc.meta)

.text      0    c0000000    00053ba0     
                  c0000000    00001a00     stack.lib : tcpin.oe674 (.text:TcpInput)
                  c0001a00    000019a0               : tcp6in.oe674 (.text:TCP6Input)
                  c00033a0    00001240               : tcpout.oe674 (.text:TcpOutput)
                  c00045e0    00001180               : tcp6out.oe674 (.text:TCP6Output)
                  c0005760    00000b80               : ipin.oe674 (.text:IPRxPacket)
                  c00062e0    00000ae0     ti.drv.uart.ae674 : UART_stdio.oe674 (.text:UART_printf)
                  c0006dc0    00000aa0     stack.lib : md5.oe674 (.text:MD5Transform)
                  c0007860    000009c0               : ipout.oe674 (.text:IPTxPacket)
                  c0008220    000009a0               : lcp.oe674 (.text:lcpInput)
                  c0008bc0    000008a0     nettool.lib : httpclie.oe674 (.text:httpClientProcess)
                  c0009460    000008a0     ti.targets.rts6000.ae674 : System.oe674 (.text:xdc_runtime_System_doPrint__I)
                  c0009d00    00000880     ti.drv.emac.ae674 : emac.oe674 (.text:EMAC_coreInit)
                  c000a580    000007e0     stack.lib : ipcp.oe674 (.text:ipcpInput)
                  c000ad60    000007c0     nettool.lib : httpsend.oe674 (.text:SetContentType)
                  c000b520    000007a0     stack.lib : sock.oe674 (.text:SockSet)
                  c000bcc0    000007a0               : fileuser.oe674 (.text:fdPoll)
                  c000c460    00000780     sysbios.ae674 : BIOS.obj (.text:ti_sysbios_family_c64p_Exception_handler__I)
                  c000cbe0    00000740     ti.drv.emac.ae674 : mdio.oe674 (.text:MDIO_timerTick)
                  c000d320    00000740     sysbios.ae674 : BIOS.obj (.text:ti_sysbios_knl_Semaphore_pend__E)
                  c000da60    000006c0     ti.drv.emac.ae674 : emac_drv_v0.oe674 (.text:emac_init)
                  c000e120    000006c0     nettool.lib : telnetd.oe674 (.text:telnet_netdata)
                  c000e7e0    000006c0     sysbios.ae674 : BIOS.obj (.text:ti_sysbios_timers_timer64_Timer_Module_startup__E)
                  c000eea0    00000680     ti.drv.emac.ae674 : emac.oe674 (.text:EMAC_RxServiceCheck)
                  c000f520    00000680     stack.lib : icmpv6_ndisc.oe674 (.text:ICMPv6RecvRA)
                  c000fba0    00000660     ti.drv.uart.ae674 : UART_v0.oe674 (.text:UART_v0_hwiIntFxn$0)
                  c0010200    00000640     sysbios.ae674 : BIOS.obj (.text:ti_sysbios_heaps_HeapMem_allocUnprotected__E)
                  c0010840    00000600     ti.drv.emac.ae674 : emac.oe674 (.text:EMAC_coreDeInit)
                  c0010e40    00000600     stack.lib : route6.oe674 (.text:Rt6Create)
                  c0011440    000005c0               : ipfrag.oe674 (.text:IPReasm)
                  c0011a00    000005c0     sysbios.ae674 : BIOS.obj (.text:ti_sysbios_knl_Task_Instance_finalize__E)
                  c0011fc0    000005a0     stack.lib : icmpin.oe674 (.text:ICMPInput)
                  c0012560    000005a0     sysbios.ae674 : BIOS.obj (.text:ti_sysbios_heaps_HeapMem_freeUnprotected__E)
                  c0012b00    00000580     ti.drv.emac.ae674 : emac.oe674 (.text:EMAC_TxServiceCheck)
                  c0013080    00000580     stack.lib : nimuppp.oe674 (.text:pppEvent)
                  c0013600    00000560               : ipv6.oe674 (.text:IPv6IPAddressToString)
                  c0013b60    00000520               : sock.oe674 (.text:SockNew)
                  c0014080    00000500     sysbios.ae674 : BIOS.obj (.text:ti_sysbios_family_c64p_Cache_Module_startup__E)
                  c0014580    000004e0     ti.drv.emac.ae674 : emac.oe674 (.text:EMAC_commonInit)
                  c0014a60    000004e0     stack.lib : lliin.oe674 (.text:LLIRxPacket)
                  c0014f40    000004e0               : udp.oe674 (.text:UdpInput)
                  c0015420    000004e0               : nimupppoe.oe674 (.text:pppoeInputS)
                  c0015900    000004c0               : sock6.oe674 (.text:Sock6Connect)
                  c0015dc0    000004c0               : sock6.oe674 (.text:Sock6Set)
                  c0016280    000004a0               : bind6.oe674 (.text:Bind6New)
                  c0016720    000004a0               : sock6.oe674 (.text:Sock6Recv)
                  c0016bc0    000004a0               : sock.oe674 (.text:SockRecv)
                  c0017060    000004a0     main.obj (.text)
                  c0017500    000004a0     sysbios.ae674 : BIOS.obj (.text:ti_sysbios_knl_Task_Module_startup__E)
                  c00179a0    00000480     miniPrintf.lib : miniPrintf.oe674 (.text:_parsearg)
                  c0017e20    00000460     stack.lib : nimuppp.oe674 (.text:pppNew)
                  c0018280    00000460     sysbios.ae674 : BIOS.obj (.text:ti_sysbios_knl_Task_sleep__E)
                  c00186e0    00000440     stack.lib : sock6.oe674 (.text:Sock6New)
                  c0018b20    00000440               : fileuser.oe674 (.text:fdSelect)
                  c0018f60    00000440               : nimupppoe.oe674 (.text:pppoeInputC)
                  c00193a0    00000420     ti.drv.uart.ae674 : UART_v0.oe674 (.text:UART_write2_v0$0)
                  c00197c0    00000420     miniPrintf.lib : miniPrintf.oe674 (.text:_int2str)
                  c0019be0    00000420     stack.lib : auth.oe674 (.text:chapInput)
                  c001a000    00000420     nettool.lib : daemon.oe674 (.text:daemon)
                  c001a420    00000420     sysbios.ae674 : BIOS.obj (.text:ti_sysbios_knl_Task_Instance_init__E)
                  c001a840    00000420                   : BIOS.obj (.text:ti_sysbios_knl_Task_setPri__E)
                  c001ac60    00000400     stack.lib : sock6.oe674 (.text:Sock6Send)
                  c001b060    00000400     os.lib : efs.oe674 (.text:efs_filecheck)
                  c001b460    000003e0     stack.lib : ipv6_frag.oe674 (.text:IPv6TxFragPacket)
                  c001b840    000003e0     rts6740_elf.lib : fputs.obj (.text:fputs)
                  c001bc20    000003c0     ti.drv.emac.ae674 : emac.oe674 (.text:EMAC_sendPacket)
                  c001bfe0    000003c0     stack.lib : ipv6out.oe674 (.text:IPv6TxPacket)
                  c001c3a0    000003c0               : lli6.oe674 (.text:LLI6TimerCheck)
                  c001c760    000003c0               : sock.oe674 (.text:SockSend)
                  c001cb20    000003c0               : tcp6.oe674 (.text:TCP6TimeoutCheck)
                  c001cee0    000003c0               : tcp.oe674 (.text:TcpTimeoutCheck)
                  c001d2a0    000003c0     ti.drv.uart.ae674 : UART_v0.oe674 (.text:UART_read2_v0$0)
                  c001d660    000003c0     os.lib : mem_bios6.oe674 (.text:_mmCheck)
                  c001da20    000003a0     stack.lib : nimu.oe674 (.text:NIMUIoctl)
                  c001ddc0    000003a0               : route.oe674 (.text:RtCreate)
                  c001e160    000003a0               : sb.oe674 (.text:SBRead)
                  c001e500    000003a0               : auth.oe674 (.text:papInput)
                  c001e8a0    00000380               : icmpv6in.oe674 (.text:ICMPv6RxPacket)
                  c001ec20    00000380               : igmp.oe674 (.text:IGMPInput)
                  c001efa0    00000380               : sock.oe674 (.text:SockConnect)
                  c001f320    00000380     nettool.lib : dhcppkt.oe674 (.text:dhcpPacketProcess)
                  c001f6a0    00000360     stack.lib : ipv6_frag.oe674 (.text:IPv6FragReasm)
                  c001fa00    00000360               : lliout.oe674 (.text:LLITxIpPacket)
                  c001fd60    00000360               : sock6int.oe674 (.text:Sock6Notify)
                  c00200c0    00000360               : sockint.oe674 (.text:SockNotify)
                  c0020420    00000360     ti.drv.uart.ae674 : UART_v0.oe674 (.text:UART_open_v0$0)
                  c0020780    00000340     stack.lib : icmpv6out.oe674 (.text:ICMPv6SendParameterProblem)
                  c0020ac0    00000340     os.lib : mem_bios6.oe674 (.text:mmAlloc)
                  c0020e00    00000340     stack.lib : nimupppoe.oe674 (.text:pppoeSI)
                  c0021140    00000340     sysbios.ae674 : BIOS.obj (.text:ti_sysbios_timers_timer64_Timer_deviceConfig__I)
                  c0021480    00000320     nettool.lib : config.oe674 (.text:CfgAddEntry)
                  c00217a0    00000320     ti.drv.emac.ae674 : emac_drv_v0.oe674 (.text:EMAC_open_v0)
                  c0021ac0    00000320     stack.lib : icmpv6_ndisc.oe674 (.text:ICMPv6RecvRedirect)
                  c0021de0    00000320               : nimupppoe.oe674 (.text:SendServerMsg)
                  c0022100    00000320     nettool.lib : telnetd.oe674 (.text:telnet_engine)
                  c0022420    00000320     sysbios.ae674 : BIOS.obj (.text:ti_sysbios_knl_Swi_runLoop__I)
                  c0022740    00000300     stack.lib : icmpv6_ndisc.oe674 (.text:ICMPv6RecvNS)
                  c0022a40    00000300               : icmpv6out.oe674 (.text:ICMPv6SendDstUnreachable)
                  c0022d40    00000300               : icmpv6out.oe674 (.text:ICMPv6SendTimeExceeded)
                  c0023040    00000300     netctrl.lib : netctrl.oe674 (.text:NetScheduler)
                  c0023340    00000300     stack.lib : sock6pcb.oe674 (.text:Sock6PcbBind)
                  c0023640    00000300               : udp6.oe674 (.text:Udp6Input)
                  c0023940    00000300     nettool.lib : inetaddr.oe674 (.text:inet_aton)
                  c0023c40    000002e0     ti.board.ae674 : lcdkOMAPL138_pll.oe674 (.text:Board_CorePLLConfig)
                  c0023f20    000002e0     ti.transport.ndk.nimu.ae674 : nimu_eth.oe674 (.text:Emacioctl$0)
                  c0024200    000002e0     stack.lib : route6.oe674 (.text:Rt6Find)
                  c00244e0    000002e0               : nimupppoe.oe674 (.text:SendClientMsg)
                  c00247c0    000002e0               : udp.oe674 (.text:UdpOutput)
                  c0024aa0    000002e0               : nimuppp.oe674 (.text:pppInput)
                  c0024d80    000002c0               : bind.oe674 (.text:BindNew)
                  c0025040    000002c0     ti.board.ae674 : lcdkOMAPL138_pll.oe674 (.text:Board_DDRPLLConfig)
                  c0025300    000002c0     stack.lib : ipv6_frag.oe674 (.text:IPv6FragQEnqueueFrag)
                  c00255c0    000002c0               : rtable.oe674 (.text:RtFind)
                  c0025880    000002c0               : sb6.oe674 (.text:SB6Read)
                  c0025b40    000002c0               : sock6pcb.oe674 (.text:Sock6PcbResolve)
                  c0025e00    000002c0               : udp6.oe674 (.text:Udp6Output)
                  c00260c0    000002c0     sysbios.ae674 : BIOS.obj (.text:ti_sysbios_heaps_HeapMem_Instance_init__E)
                  c0026380    000002c0                   : BIOS.obj (.text:ti_sysbios_knl_Clock_Instance_init__E)
                  c0026640    000002a0     stack.lib : ipv6_exthdrs.oe674 (.text:IPv6ParseExtnHeaders)
                  c00268e0    000002a0               : node.oe674 (.text:NodeAdd)
                  c0026b80    000002a0               : sock6pcb.oe674 (.text:Sock6PcbFind)
                  c0026e20    000002a0               : sock.oe674 (.text:SockClose)
                  c00270c0    000002a0               : tcp6prot.oe674 (.text:TCP6PrSetOption)
                  c0027360    000002a0               : tcpprot.oe674 (.text:TcpPrSetOption)
                  c0027600    000002a0     sysbios.ae674 : BIOS.obj (.text:ti_sysbios_knl_Clock_workFunc__E)
                  c00278a0    00000280     ti.board.ae674 : lcdkOMAPL138_clock.oe674 (.text:Board_moduleClockEnable)
                  c0027b20    00000280     nettool.lib : dhcpmain.oe674 (.text:DHCPOpen)
                  c0027da0    00000280     ti.drv.emac.ae674 : emac_drv_v0.oe674 (.text:EMAC_send_v0)
                  c0028020    00000280     stack.lib : icmp.oe674 (.text:ICMPGenPacket)
                  c00282a0    00000280               : icmpv6in.oe674 (.text:ICMPv6RecvEchoRequest)
                  c0028520    00000280               : lli6.oe674 (.text:LLI6NeighUnreachStateMachine)
                  c00287a0    00000280               : route6.oe674 (.text:Rt6Free)
                  c0028a20    00000280               : sockpcb.oe674 (.text:SockPcbResolve)
                  c0028ca0    00000280               : sock.oe674 (.text:SockRecvNC)
                  c0028f20    00000280               : tcp6out.oe674 (.text:TCP6GenPacket)
                  c00291a0    00000280               : ipcp.oe674 (.text:ipcpSendCfg)
                  c0029420    00000280     sysbios.ae674 : BIOS.obj (.text:ti_sysbios_family_c64p_Hwi_reconfig__E)
                  c00296a0    00000280     ti.targets.rts6000.ae674 : LoggerBuf.oe674 (.text:xdc_runtime_LoggerBuf_write8__E)
                  c0029920    00000260     ti.board.ae674 : lcdkOMAPL138_pinmux.oe674 (.text:Board_pinmuxConfig)
                  c0029b80    00000260     ti.transport.ndk.nimu.ae674 : nimu_eth.oe674 (.text:EMACInit_Core$0)
                  c0029de0    00000260     ti.drv.emac.ae674 : emac_drv_v0.oe674 (.text:EMAC_poll_v0)
                  c002a040    00000260                       : emac.oe674 (.text:EMAC_setMulticast)
                  c002a2a0    00000260     stack.lib : icmpv6_ndisc.oe674 (.text:ICMPv6SendNA)
                  c002a500    00000260               : icmpv6_ndisc.oe674 (.text:ICMPv6SendNS)
                  c002a760    00000260     os.lib : intmgmt_bios6.oe674 (.text:Interrupt_add)
                  c002a9c0    00000260     stack.lib : lli6.oe674 (.text:LLI6TxIPPacket)
                  c002ac20    00000260               : nimu.oe674 (.text:NIMUReceivePacket)
                  c002ae80    00000260               : rawethsock.oe674 (.text:RawEthSockSet)
                  c002b0e0    00000260               : sb6.oe674 (.text:SB6Write)
                  c002b340    00000260               : sb.oe674 (.text:SBWrite)
                  c002b5a0    00000260               : sock6.oe674 (.text:Sock6Close)
                  c002b800    00000260               : sockpcb.oe674 (.text:SockPcbBind)
                  c002ba60    00000260     rts6740_elf.lib : imath64.obj (.text:__c6xabi_divull)
                  c002bcc0    00000260     nettool.lib : httppars.oe674 (.text:httpParseRecv)
                  c002bf20    00000260     stack.lib : lcp.oe674 (.text:lcpSendCfg)
                  c002c180    00000260     sysbios.ae674 : BIOS.obj (.text:ti_sysbios_family_c64p_Cache_block__I)
                  c002c3e0    00000260                   : BIOS.obj (.text:ti_sysbios_family_c64p_Hwi_dispatchCore__I)
                  c002c640    00000240     nettool.lib : daemon.oe674 (.text:DaemonNew)
                  c002c880    00000240     stack.lib : pipe.oe674 (.text:PipeRecv)
                  c002cac0    00000240               : raw.oe674 (.text:RawInput)
                  c002cd00    00000240     nettool.lib : dhcpsm.oe674 (.text:dhcpIPAdd)
                  c002cf40    00000240                 : dhcpsm.oe674 (.text:dhcpState)
                  c002d180    00000240                 : dhcppkt.oe674 (.text:dhcpVerifyMessage)
                  c002d3c0    00000240     sysbios.ae674 : BIOS.obj (.text:ti_sysbios_family_c64p_EventCombiner_dispatch__E)
                  c002d600    00000240                   : BIOS.obj (.text:ti_sysbios_family_c64p_Exception_internalHandler__I)
                  c002d840    00000240                   : BIOS.obj (.text:ti_sysbios_knl_Semaphore_post__E)
                  c002da80    00000240     app_pe674.oe674 (.text:xdc_runtime_System_printfExtend__I)
                  c002dcc0    00000220     stack.lib : bind6.oe674 (.text:Bind6RunDAD)
                  c002dee0    00000220               : icmpv6_ndisc.oe674 (.text:ICMPv6RecvNA)
                  c002e100    00000220               : igmp.oe674 (.text:IGMPJoinHostGroup)
                  c002e320    00000220               : ipv6in.oe674 (.text:IPv6RxPacket)
                  c002e540    00000220               : rawethsock.oe674 (.text:RawEthSockNew)
                  c002e760    00000220               : sockpcb.oe674 (.text:SockPcbFind)
                  c002e980    00000220     rts6740_elf.lib : fputc.obj (.text:fputc)
                  c002eba0    00000220     nettool.lib : httpclie.oe674 (.text:httpGetAuthParams)
                  c002edc0    00000220     rts6740_elf.lib : setvbuf.obj (.text:setvbuf)
                  c002efe0    00000220     sysbios.ae674 : BIOS.obj (.text:ti_sysbios_knl_Swi_run__I)
                  c002f200    00000220                   : BIOS.obj (.text:ti_sysbios_knl_Task_schedule__I)
                  c002f420    00000220                   : BIOS.obj (.text:ti_sysbios_timers_timer64_Timer_setPeriodMicroSecs__E)
                  c002f640    00000220     ti.targets.rts6000.ae674 : Core-mem.oe674 (.text:xdc_runtime_Core_createObject__I)
                  c002f860    00000200     ti.board.ae674 : lcdkOMAPL138_clock.oe674 (.text:Board_moduleClockSyncReset)
                  c002fa60    00000200     stack.lib : ipv6_frag.oe674 (.text:IPv6ParseFragHdr)
                  c002fc60    00000200               : lli6.oe674 (.text:LLI6New)
                  c002fe60    00000200               : rtc.oe674 (.text:RTCReport)
                  c0030060    00000200               : raw6.oe674 (.text:Raw6Output)
                  c0030260    00000200     sysbios.ae674 : c64p_Hwi_disp_always.obj (.text:_ti_sysbios_family_c64p_Hwi_dispatchAlways)
                  c0030460    00000200     stack.lib : socket.oe674 (.text:accept)
                  c0030660    00000200     sysbios.ae674 : BIOS.obj (.text:ti_sysbios_family_c64p_EventCombiner_dispatchPlug__E)
                  c0030860    00000200                   : BIOS.obj (.text:ti_sysbios_knl_Task_exit__E)
                  c0030a60    00000200                   : BIOS.obj (.text:ti_sysbios_knl_Task_postInit__I)
                  c0030c60    00000200                   : BIOS.obj (.text:ti_sysbios_knl_Task_startCore__E)
                  c0030e60    000001e0     stack.lib : igmp.oe674 (.text:IGMPSendReply)
                  c0031040    000001e0               : route6.oe674 (.text:Rt6Modify)
                  c0031220    000001e0               : sock6pcb.oe674 (.text:Sock6PcbFindRaw)
                  c0031400    000001e0               : tcpout.oe674 (.text:TcpGenPacket)
                  c00315e0    000001e0               : tcptime.oe674 (.text:TcpTimeoutRexmt)
                  c00317c0    000001e0     miniPrintf.lib : miniPrintf.oe674 (.text:_str2str)
                  c00319a0    000001e0     stack.lib : auth.oe674 (.text:chapSendMsg)
                  c0031b80    000001e0     nettool.lib : dhcpsock.oe674 (.text:dhcpSocketOpen)
                  c0031d60    000001e0     stack.lib : nimupppoe.oe674 (.text:pppoeCtrlMsg)
                  c0031f40    000001e0               : socket.oe674 (.text:sendto)
                  c0032120    000001e0     sysbios.ae674 : BIOS.obj (.text:ti_sysbios_gates_GateMutex_enter__E)
                  c0032300    000001e0     ti.targets.rts6000.ae674 : Error.oe674 (.text:xdc_runtime_Error_policyDefault__E)
                  c00324e0    000001e0                              : Startup.oe674 (.text:xdc_runtime_Startup_startMods__I)
                  c00326c0    000001c0     nettool.lib : config.oe674 (.text:CfgExecute)
                  c0032880    000001c0     stack.lib : ip.oe674 (.text:IPGetRoute)
                  c0032a40    000001c0               : ipv6_exthdrs.oe674 (.text:IPv6ParseHopOptions)
                  c0032c00    000001c0               : lliout.oe674 (.text:LLIGenArpPacket)
                  c0032dc0    000001c0     netctrl.lib : netctrl.oe674 (.text:NC_NetStart)
                  c0032f80    000001c0                 : netsrv.oe674 (.text:SPIpNet)
                  c0033140    000001c0     stack.lib : lli.oe674 (.text:_LLITimeoutCheck)
                  c0033300    000001c0     miniPrintf.lib : miniPrintf.oe674 (.text:_printf)
                  c00334c0    000001c0     nettool.lib : dhcpbild.oe674 (.text:dhcpBuildHeader)
                  c0033680    000001c0     stack.lib : fileuser.oe674 (.text:fdClose)
                  c0033840    000001c0     nimu_osal_omapl13x.obj (.text)
                  c0033a00    000001c0     stack.lib : socket.oe674 (.text:recvncfrom)
                  c0033bc0    000001c0     sysbios.ae674 : BIOS.obj (.text:ti_sysbios_knl_Task_checkStacks__E)
                  c0033d80    000001c0                   : BIOS.obj (.text:ti_sysbios_timers_timer64_Timer_getFreq__E)
                  c0033f40    000001c0     ti.targets.rts6000.ae674 : LoggerBuf.oe674 (.text:xdc_runtime_LoggerBuf_write4__E)
                  c0034100    000001c0                              : Text.oe674 (.text:xdc_runtime_Text_putSite__E)
                  c00342c0    000001a0     stack.lib : bind6.oe674 (.text:Bind6Msg)
                  c0034460    000001a0     ti.board.ae674 : lcdkOMAPL138_ddr.oe674 (.text:Board_DDR3Init)
                  c0034600    000001a0     nettool.lib : config.oe674 (.text:CfgRemoveEntry)
                  c00347a0    000001a0     ti.transport.ndk.nimu.ae674 : nimu_eth.oe674 (.text:EmacRxPkt$0)
                  c0034940    000001a0     rts6740_elf.lib : hostrename.obj (.text:HOSTrename)
                  c0034ae0    000001a0     stack.lib : icmpin.oe674 (.text:ICMPRevSrcRoute)
                  c0034c80    000001a0               : ipv6_frag.oe674 (.text:IPv6FragMsg)
                  c0034e20    000001a0               : ipv6_exthdrs.oe674 (.text:IPv6ParseRoutingHdr)
                  c0034fc0    000001a0               : node.oe674 (.text:NodeTreeFree)
                  c0035160    000001a0               : raw6.oe674 (.text:Raw6Input)
                  c0035300    000001a0               : route6.oe674 (.text:Route6LifetimeMgmt)
                  c00354a0    000001a0               : sockint.oe674 (.text:SockCreatePacket)
                  c0035640    000001a0     nettool.lib : dhcpsm.oe674 (.text:StateRenewRebind)
                  c00357e0    000001a0     stack.lib : tcp6time.oe674 (.text:TCP6TimeoutRexmt)
                  c0035980    000001a0     ti.drv.uart.ae674 : UART_v0.oe674 (.text:UART_readPolling_v0$0)
                  c0035b20    000001a0     nettool.lib : dhcptags.oe674 (.text:dhcpBuildOptions)
                  c0035cc0    000001a0     ti.drv.emac.ae674 : emac_drv_v0.oe674 (.text:emac_reset)
                  c0035e60    000001a0     stack.lib : socket.oe674 (.text:getpeername)
                  c0036000    000001a0     nettool.lib : telnetd.oe674 (.text:telnet_termdata)
                  c00361a0    000001a0     sysbios.ae674 : BIOS.obj (.text:ti_sysbios_family_c64p_Cache_getL2InitSize__I)
                  c0036340    000001a0                   : BIOS.obj (.text:ti_sysbios_heaps_HeapBuf_Module_startup__E)
                  c00364e0    000001a0                   : BIOS.obj (.text:ti_sysbios_timers_timer64_Timer_start__E)
                  c0036680    00000180     stack.lib : bind6.oe674 (.text:Bind6GetGlobalAddress)
                  c0036800    00000180     ti.drv.emac.ae674 : emac_drv_v0.oe674 (.text:EMAC_config_v0)
                  c0036980    00000180                       : emac.oe674 (.text:EMAC_setReceiveFilter)
                  c0036b00    00000180     stack.lib : igmp.oe674 (.text:IGMPMsg)
                  c0036c80    00000180               : nimu.oe674 (.text:NIMURegister)
                  c0036e00    00000180               : nimuppp.oe674 (.text:PPPStop)
                  c0036f80    00000180     netctrl.lib : netsrv.oe674 (.text:ServiceScan)
                  c0037100    00000180                 : netsrv.oe674 (.text:ServiceSpawn)
                  c0037280    00000180     nettool.lib : dhcpsm.oe674 (.text:StateBound)
                  c0037400    00000180     stack.lib : socket.oe674 (.text:bind)
                  c0037580    00000180     nettool.lib : dhcpbild.oe674 (.text:dhcpBuildRequest)
                  c0037700    00000180     os.lib : task_bios6.oe674 (.text:llEnter)
                  c0037880    00000180     stack.lib : auth.oe674 (.text:papSendCfg)
                  c0037a00    00000180     sysbios.ae674 : c64p_Exception_asm.obj (.text)
                  c0037b80    00000180                   : BIOS.obj (.text:ti_sysbios_knl_Task_unblockI__E)
                  c0037d00    00000180     ti.targets.rts6000.ae674 : Core-smem.oe674 (.text:xdc_runtime_Core_constructObject__I)
                  c0037e80    00000160     ti.board.ae674 : lcdkOMAPL138.oe674 (.text:Board_init)
                  c0037fe0    00000160     nettool.lib : config.oe674 (.text:CfgGetEntry)
                  c0038140    00000160                 : config.oe674 (.text:CfgGetNextEntry)
                  c00382a0    00000160     os.lib : ossys.oe674 (.text:DbgPrintf)
                  c0038400    00000160     ti.drv.emac.ae674 : emac.oe674 (.text:EMAC_close)
                  c0038560    00000160     stack.lib : igmp.oe674 (.text:IGMPDoMCast)
                  c00386c0    00000160               : nimu.oe674 (.text:NIMUIoctlSpecialCmd)
                  c0038820    00000160     os.lib : pbm.oe674 (.text:PBM_free)
                  c0038980    00000160     stack.lib : pipe.oe674 (.text:PipeSend)
                  c0038ae0    00000160               : raw.oe674 (.text:RawOutput)
                  c0038c40    00000160               : rtable.oe674 (.text:RtTimeoutCheck)
                  c0038da0    00000160               : rtable.oe674 (.text:RtWalkNext)
                  c0038f00    00000160     netctrl.lib : netsrv.oe674 (.text:SPRoute)
                  c0039060    00000160     stack.lib : sock6.oe674 (.text:Sock6Check)
                  c00391c0    00000160               : sock6int.oe674 (.text:Sock6CreatePacket)
                  c0039320    00000160               : sock6pcb.oe674 (.text:Sock6PcbConnect)
                  c0039480    00000160               : sock.oe674 (.text:SockCheck)
                  c00395e0    00000160               : sockpcb.oe674 (.text:SockPcbConnect)
                  c0039740    00000160     nettool.lib : dhcpsm.oe674 (.text:StateRequesting)
                  c00398a0    00000160     stack.lib : tcp6time.oe674 (.text:TCP6TimeoutKeep)
                  c0039a00    00000160               : tcptime.oe674 (.text:TcpTimeoutKeep)
                  c0039b60    00000160     os.lib : mem_bios6.oe674 (.text:_mmInit)
                  c0039cc0    00000160     stack.lib : auth.oe674 (.text:authInit)
                  c0039e20    00000160     nettool.lib : httpclie.oe674 (.text:httpExtractTag)
                  c0039f80    00000160                 : httpsend.oe674 (.text:httpSendErrorHTML)
                  c003a0e0    00000160     stack.lib : socket.oe674 (.text:setsockopt)
                  c003a240    00000160     nettool.lib : telnetd.oe674 (.text:telnetClientProcess)
                  c003a3a0    00000160     sysbios.ae674 : BIOS.obj (.text:ti_sysbios_knl_Swi_post__E)
                  c003a500    00000140     stack.lib : bind6.oe674 (.text:Bind6Free)
                  c003a640    00000140               : exec.oe674 (.text:ExecOpen)
                  c003a780    00000140               : icmp.oe674 (.text:ICMPSendRtAdv)
                  c003a8c0    00000140               : igmp.oe674 (.text:IGMPJoin)
                  c003aa00    00000140               : ipv6.oe674 (.text:IPv6DisplayIPAddress)
                  c003ab40    00000140               : lli6.oe674 (.text:LLI6Find)
                  c003ac80    00000140               : lli.oe674 (.text:LLINew)
                  c003adc0    00000140               : node.oe674 (.text:NodeFind)
                  c003af00    00000140               : node.oe674 (.text:NodeWalk)
                  c003b040    00000140     ti.osal.ae674 : RegisterIntr_tirtos.oe674 (.text:Osal_RegisterInterrupt)
                  c003b180    00000140     os.lib : pbm.oe674 (.text:PBM_alloc)
                  c003b2c0    00000140     stack.lib : rtable.oe674 (.text:RtFlush)
                  c003b400    00000140               : sb6.oe674 (.text:SB6New)
                  c003b540    00000140     netctrl.lib : netsrv.oe674 (.text:ServiceKill)
                  c003b680    00000140     stack.lib : sock6.oe674 (.text:Sock6Accept)
                  c003b7c0    00000140               : sock6.oe674 (.text:Sock6Listen)
                  c003b900    00000140               : sock.oe674 (.text:SockAccept)
                  c003ba40    00000140               : sock.oe674 (.text:SockListen)
                  c003bb80    00000140               : sockpcb.oe674 (.text:SockPcbCtlError)
                  c003bcc0    00000140     rts6740_elf.lib : fclose.obj (.text:__TI_closefile)
                  c003be00    00000140     boot.ae674 : autoinit.oe674 (.text:_auto_init_elf)
                  c003bf40    00000140     stack.lib : auth.oe674 (.text:authGetPassword)
                  c003c080    00000140     nettool.lib : dhcptags.oe674 (.text:dhcpDecodeType)
                  c003c1c0    00000140     rts6740_elf.lib : fflush.obj (.text:fflush)
                  c003c300    00000140                     : getdevice.obj (.text:getdevice)
                  c003c440    00000140     nettool.lib : httpsend.oe674 (.text:httpAuthenticationReq)
                  c003c580    00000140     os.lib : mem_bios6.oe674 (.text:mmCopy)
                  c003c6c0    00000140     stack.lib : socket.oe674 (.text:recv)
                  c003c800    00000140               : socket.oe674 (.text:send)
                  c003c940    00000140     sysbios.ae674 : BIOS.obj (.text:ti_sysbios_family_c64p_Hwi_Instance_init__E)
                  c003ca80    00000140                   : BIOS.obj (.text:ti_sysbios_family_c64p_Hwi_Module_startup__E)
                  c003cbc0    00000140                   : BIOS.obj (.text:ti_sysbios_knl_Semaphore_Instance_init__E)
                  c003cd00    00000140                   : BIOS.obj (.text:ti_sysbios_knl_Task_blockI__E)
                  c003ce40    00000120     stack.lib : bind6.oe674 (.text:Bind6DADCheck)
                  c003cf60    00000120               : bind6.oe674 (.text:Bind6LifetimeMgmt)
                  c003d080    00000120               : bind.oe674 (.text:BindFree)
                  c003d1a0    00000120     nettool.lib : config.oe674 (.text:CfgFree)
                  c003d2c0    00000120                 : daemon.oe674 (.text:DaemonFree)
                  c003d3e0    00000120     ti.transport.ndk.nimu.ae674 : nimu_eth.oe674 (.text:EmacSendPkt$0)
                  c003d500    00000120                                 : nimu_eth.oe674 (.text:EmacStart$0)
                  c003d620    00000120     stack.lib : file.oe674 (.text:FdWaitEvent)
                  c003d740    00000120     ti.osal.ae674 : HwiP_tirtos.oe674 (.text:HwiP_create)
                  c003d860    00000120     stack.lib : igmp.oe674 (.text:IGMPLeaveHostGroup)
                  c003d980    00000120               : ip.oe674 (.text:IPMsg)
                  c003daa0    00000120               : ipin.oe674 (.text:IPRouteIP)
                  c003dbc0    00000120               : ipv6_frag.oe674 (.text:IPv6CreateFragQ)
                  c003dce0    00000120               : ipv6.oe674 (.text:IPv6Init)
                  c003de00    00000120               : icmpv6out.oe674 (.text:IsICMPv6ErrorPkt)
                  c003df20    00000120               : md5.oe674 (.text:MD5Update)
                  c003e040    00000120               : mld.oe674 (.text:MLDJoinGroup)
                  c003e160    00000120     netctrl.lib : netctrl.oe674 (.text:NC_SystemOpen)
                  c003e280    00000120     stack.lib : nimu.oe674 (.text:NIMUAddEthernetHeader)
                  c003e3a0    00000120               : raweth.oe674 (.text:RawEthRxPacket)
                  c003e4c0    00000120               : raweth.oe674 (.text:RawEthTxPacket)
                  c003e5e0    00000120               : sb.oe674 (.text:SBNew)
                  c003e700    00000120     netctrl.lib : netsrv.oe674 (.text:SPConfig)
                  c003e820    00000120                 : netsrv.oe674 (.text:SPService)
                  c003e940    00000120     stack.lib : sock6.oe674 (.text:Sock6Shutdown)
                  c003ea60    00000120               : sockpcb.oe674 (.text:SockPcbFindRaw)
                  c003eb80    00000120               : sock.oe674 (.text:SockShutdown)
                  c003eca0    00000120               : tcp6prot.oe674 (.text:TCP6PrAttach)
                  c003edc0    00000120               : tcpprot.oe674 (.text:TcpPrAttach)
                  c003eee0    00000120     nettool.lib : telnetd.oe674 (.text:TelnetOpen)
                  c003f000    00000120     stack.lib : rtable.oe674 (.text:_RtNodeInsert)
                  c003f120    00000120     nettool.lib : daemon.oe674 (.text:dchild)
                  c003f240    00000120     ti.drv.emac.ae674 : emac_drv_v0.oe674 (.text:emac_int_service)
                  c003f360    00000120                       : emac_drv_v0.oe674 (.text:emac_rx_packet)
                  c003f480    00000120     stack.lib : fileuser.oe674 (.text:fdOpenSession)
                  c003f5a0    00000120     rts6740_elf.lib : fseek.obj (.text:fseek)
                  c003f6c0    00000120     nettool.lib : http.oe674 (.text:httpOpen)
                  c003f7e0    00000120                 : httpsend.oe674 (.text:httpSendStatusLine)
                  c003f900    00000120     stack.lib : lcp.oe674 (.text:lcpReject)
                  c003fa20    00000120               : socket.oe674 (.text:socket)
                  c003fb40    00000120     sysbios.ae674 : BIOS.obj (.text:ti_sysbios_knl_Clock_start__E)
                  c003fc60    00000120     ti.targets.rts6000.ae674 : Core-mem.oe674 (.text:xdc_runtime_Core_deleteObject__I)
                  c003fd80    00000120                              : LoggerBuf.oe674 (.text:xdc_runtime_LoggerBuf_setFilterLevel__E)
                  c003fea0    00000120                              : Text.oe674 (.text:xdc_runtime_Text_putLab__E)
                  c003ffc0    00000120                              : Text.oe674 (.text:xdc_runtime_Text_putMod__E)
                  c00400e0    00000100     ti.board.ae674 : lcdkOMAPL138_pinmux.oe674 (.text:Board_configEmifPinMux)
                  c00401e0    00000100                    : lcdkOMAPL138_pinmux.oe674 (.text:Board_configGpioPinMux$0)
                  c00402e0    00000100                    : lcdkOMAPL138_clock.oe674 (.text:Board_moduleClockInit)
                  c00403e0    00000100     nettool.lib : config.oe674 (.text:CfgGetEntryCnt)
                  c00404e0    00000100                 : config.oe674 (.text:CfgNew)
                  c00405e0    00000100                 : config.oe674 (.text:CfgSetExecuteOrder)
                  c00406e0    00000100     ti.osal.ae674 : EventCombinerP_tirtos.oe674 (.text:EventCombinerP_GroupRegisterInt)
                  c00407e0    00000100     stack.lib : igmp.oe674 (.text:IGMPTimer)
                  c00408e0    00000100               : ipv6.oe674 (.text:IPv6GetSubnetMaskFromBits)
                  c00409e0    00000100               : ipv6_frag.oe674 (.text:IPv6ReasmTimeout)
                  c0040ae0    00000100     ti.drv.emac.ae674 : mdio.oe674 (.text:MDIO_close)
                  c0040be0    00000100     stack.lib : rtc.oe674 (.text:RTCMsg)
                  c0040ce0    00000100               : rawethsock.oe674 (.text:RawEthSockCheck)
                  c0040de0    00000100               : route.oe674 (.text:RtRedirect)
                  c0040ee0    00000100     ti.osal.ae674 : SemaphoreP_tirtos.oe674 (.text:SemaphoreP_create)
                  c0040fe0    00000100     stack.lib : sock6.oe674 (.text:Sock6Disconnect)
                  c00410e0    00000100               : sockint.oe674 (.text:SockValidateRoute)
                  c00411e0    00000100     nettool.lib : dhcpsm.oe674 (.text:StateSelecting)
                  c00412e0    00000100     stack.lib : tcp6prot.oe674 (.text:TCP6PrInherit)
                  c00413e0    00000100               : tcp6time.oe674 (.text:TCP6XmitTimer)
                  c00414e0    00000100               : tcpprot.oe674 (.text:TcpPrInherit)
                  c00415e0    00000100               : tcptime.oe674 (.text:TcpXmitTimer)
                  c00416e0    00000100     ti.drv.uart.ae674 : UART_v0.oe674 (.text:UART_writePolling_v0$0)
                  c00417e0    00000100     rts6740_elf.lib : copy_decompress_rle.obj (.text:__TI_decompress_rle_core)
                  c00418e0    00000100                     : _io_perm.obj (.text:__TI_wrt_ok)
                  c00419e0    00000100                     : atoi.obj (.text:atoi)
                  c0041ae0    00000100     ti.drv.emac.ae674 : emac.oe674 (.text:emacUpdateStats)
                  c0041be0    00000100                       : emac_drv_v0.oe674 (.text:emac_free_packet)
                  c0041ce0    00000100                       : emac_drv_v0.oe674 (.text:emac_reset_queue)
                  c0041de0    00000100     stack.lib : lcp.oe674 (.text:lcpOpen)
                  c0041ee0    00000100               : socket.oe674 (.text:listen)
                  c0041fe0    00000100     os.lib : mem_bios6.oe674 (.text:mmFree)
                  c00420e0    00000100     stack.lib : nimuppp.oe674 (.text:pppAddClient)
                  c00421e0    00000100     miniPrintf.lib : miniPrintf.oe674 (.text:printstr)
                  c00422e0    00000100     sysbios.ae674 : BIOS.obj (.text:ti_sysbios_family_c64p_Hwi_Instance_finalize__E)
                  c00423e0    00000100                   : BIOS.obj (.text:ti_sysbios_knl_Swi_restoreHwi__E)
                  c00424e0    00000100                   : BIOS.obj (.text:ti_sysbios_timers_timer64_Timer_initDevice__I)
                  c00425e0    00000100     stack.lib : lliin.oe674 (.text:updateRtTable)
                  c00426e0    00000100     ti.targets.rts6000.ae674 : LoggerBuf.oe674 (.text:xdc_runtime_LoggerBuf_getFilterLevel__E)
                  c00427e0    00000100                              : Startup.oe674 (.text:xdc_runtime_Startup_exec__E)
                  c00428e0    000000e0     stack.lib : bind6.oe674 (.text:Bind6GetLinkLocalAddress)
                  c00429c0    000000e0     ti.transport.ndk.nimu.ae674 : nimu_eth.oe674 (.text:Emac_interrupt_init$0)
                  c0042aa0    000000e0     rts6740_elf.lib : hostlseek.obj (.text:HOSTlseek)
                  c0042b80    000000e0                     : hostopen.obj (.text:HOSTopen)
                  c0042c60    000000e0                     : hostwrite.obj (.text:HOSTwrite)
                  c0042d40    000000e0     stack.lib : igmp.oe674 (.text:IGMPLeave)
                  c0042e20    000000e0               : ipv6_frag.oe674 (.text:IPv6FindFragQ)
                  c0042f00    000000e0               : lli6.oe674 (.text:LLI6Msg)
                  c0042fe0    000000e0               : lli6.oe674 (.text:LLI6Update)
                  c00430c0    000000e0               : mld.oe674 (.text:MLDFindMulticastNode)
                  c00431a0    000000e0               : nimu.oe674 (.text:NIMUAllocateIndex)
                  c0043280    000000e0               : nimu.oe674 (.text:NIMUAllocateName)
                  c0043360    000000e0               : node.oe674 (.text:NodeDeRef)
                  c0043440    000000e0               : node.oe674 (.text:NodeNew)
                  c0043520    000000e0               : node.oe674 (.text:NodeTreeNew)
                  c0043600    000000e0     os.lib : pbm.oe674 (.text:PBMQ_enq)
                  c00436e0    000000e0            : pbm.oe674 (.text:PBM_copy)
                  c00437c0    000000e0     ti.drv.emac.ae674 : mdio.oe674 (.text:PHYREG_waitResultsAck)
                  c00438a0    000000e0     stack.lib : rawethsock.oe674 (.text:RawEthSockNotify)
                  c0043980    000000e0               : rawethsock_pcb.oe674 (.text:RawEthSockPcbAttach)
                  c0043a60    000000e0               : rawethsock.oe674 (.text:RawEthSockSend)
                  c0043b40    000000e0               : route6.oe674 (.text:Route6Msg)
                  c0043c20    000000e0               : route.oe674 (.text:RtRemove)
                  c0043d00    000000e0               : sb.oe674 (.text:SBReadNC)
                  c0043de0    000000e0               : sb.oe674 (.text:SBSetMax)
                  c0043ec0    000000e0               : sock6.oe674 (.text:Sock6IntAbort)
                  c0043fa0    000000e0               : sock6int.oe674 (.text:Sock6SpawnAbort)
                  c0044080    000000e0               : sock6int.oe674 (.text:Sock6ValidateRoute)
                  c0044160    000000e0               : sock.oe674 (.text:SockDisconnect)
                  c0044240    000000e0               : sockint.oe674 (.text:SockSpawnAbort)
                  c0044320    000000e0               : tcp6prot.oe674 (.text:TCP6PrDetach)
                  c0044400    000000e0               : tcp6prot.oe674 (.text:TCP6PrDisconnect)
                  c00444e0    000000e0               : tcp6time.oe674 (.text:TCP6TimeoutSackRexmt)
                  c00445c0    000000e0               : tcp6prot.oe674 (.text:TCP6ValidateMetrics)
                  c00446a0    000000e0               : tcpprot.oe674 (.text:TcpPrDetach)
                  c0044780    000000e0               : tcpprot.oe674 (.text:TcpPrDisconnect)
                  c0044860    000000e0               : tcptime.oe674 (.text:TcpTimeoutSackRexmt)
                  c0044940    000000e0               : tcpprot.oe674 (.text:TcpValidateMetrics)
                  c0044a20    000000e0               : timer.oe674 (.text:TimerListInsert)
                  c0044b00    000000e0     ti.drv.uart.ae674 : UART_v0.oe674 (.text:UART_close_v0$0)
                  c0044be0    000000e0                       : UART_v0.oe674 (.text:UART_read_v0$0)
                  c0044cc0    000000e0                       : UART_v0.oe674 (.text:UART_write_v0$0)
                  c0044da0    000000e0     stack.lib : udp.oe674 (.text:UdpChecksum)
                  c0044e80    000000e0               : vlan.oe674 (.text:VLANDeinit)
                  c0044f60    000000e0               : vlan.oe674 (.text:VLANReceivePacket)
                  c0045040    000000e0     nettool.lib : config.oe674 (.text:_CfgEntryScan)
                  c0045120    000000e0     stack.lib : lli.oe674 (.text:_LLIExpListInsert)
                  c0045200    000000e0               : rtable.oe674 (.text:_RtExpListInsert)
                  c00452e0    000000e0               : rtable.oe674 (.text:_RtNodeRemove)
                  c00453c0    000000e0     rts6740_elf.lib : close.obj (.text:close)
                  c00454a0    000000e0     ti.drv.emac.ae674 : emac_drv_v0.oe674 (.text:emac_get_packet)
                  c0045580    000000e0     rts6740_elf.lib : exit.obj (.text:exit)
                  c0045660    000000e0     stack.lib : file.oe674 (.text:fdint_lockfd)
                  c0045740    000000e0               : file.oe674 (.text:fdint_unlockfd)
                  c0045820    000000e0     nettool.lib : httpclie.oe674 (.text:httpGetMimeBits)
                  c0045900    000000e0     os.lib : task_bios6.oe674 (.text:llExit)
                  c00459e0    000000e0     rts6740_elf.lib : memset.obj (.text:memset)
                  c0045ac0    000000e0     os.lib : mem_bios6.oe674 (.text:mmBulkAlloc)
                  c0045ba0    000000e0     stack.lib : nimuppp.oe674 (.text:pppFree)
                  c0045c80    000000e0     sysbios.ae674 : BIOS.obj (.text:ti_sysbios_heaps_HeapMem_alloc__E)
                  c0045d60    000000e0                   : BIOS.obj (.text:ti_sysbios_timers_timer64_Timer_startup__E)
                  c0045e40    000000e0     ti.targets.rts6000.ae674 : Error.oe674 (.text:xdc_runtime_Error_print__E)
                  c0045f20    000000e0                              : Memory.oe674 (.text:xdc_runtime_Memory_alloc__E)
                  c0046000    000000e0                              : Text.oe674 (.text:xdc_runtime_Text_visitRope2__I)
                  c00460e0    000000c0     nettool.lib : dhcpmain.oe674 (.text:DHCPClose)
                  c00461a0    000000c0     ti.transport.ndk.nimu.ae674 : nimu_eth.oe674 (.text:EmacSend$0)
                  c0046260    000000c0     rts6740_elf.lib : hostread.obj (.text:HOSTread)
                  c0046320    000000c0                     : hostunlink.obj (.text:HOSTunlink)
                  c00463e0    000000c0     stack.lib : icmpv6in.oe674 (.text:ICMPv6SocketErrorInterface)
                  c00464a0    000000c0               : ipv6.oe674 (.text:IPv6Layer4ComputeChecksum)
                  c0046560    000000c0               : lli.oe674 (.text:LLIGetValidTime)
                  c0046620    000000c0               : lli.oe674 (.text:LLIMsg)
                  c00466e0    000000c0               : mld.oe674 (.text:MLDCreateMulticastNode)
                  c00467a0    000000c0               : mld.oe674 (.text:MLDLeaveGroup)
                  c0046860    000000c0               : nimu.oe674 (.text:NIMUFindByName)
                  c0046920    000000c0     netctrl.lib : netsrv.oe674 (.text:NS_BootTask)
                  c00469e0    000000c0     stack.lib : node.oe674 (.text:NodeUpdatePL)
                  c0046aa0    000000c0     nettool.lib : ipaddr.oe674 (.text:NtIfIdx2Ip)
                  c0046b60    000000c0     ti.drv.emac.ae674 : mdio.oe674 (.text:PHYREG_waitResults)
                  c0046c20    000000c0     stack.lib : route6.oe674 (.text:Rt6FindDefaultRouter)
                  c0046ce0    000000c0               : route.oe674 (.text:RtDeRef)
                  c0046da0    000000c0               : rtable.oe674 (.text:RtWalkBegin)
                  c0046e60    000000c0               : sb6.oe674 (.text:SB6Flush)
                  c0046f20    000000c0               : sb6.oe674 (.text:SB6SetMax)
                  c0046fe0    000000c0               : sb.oe674 (.text:SBFlush)
                  c00470a0    000000c0               : sock6pcb.oe674 (.text:Sock6PcbResolveChain)
                  c0047160    000000c0               : sock6pcb.oe674 (.text:Sock6PcbRtChange)
                  c0047220    000000c0               : sock.oe674 (.text:SockIntAbort)
                  c00472e0    000000c0               : sockpcb.oe674 (.text:SockPcbRtChange)
                  c00473a0    000000c0               : tcp6prot.oe674 (.text:TCP6Close)
                  c0047460    000000c0     os.lib : task_bios6.oe674 (.text:TaskGetEnv)
                  c0047520    000000c0     stack.lib : tcp.oe674 (.text:TcpChecksum)
                  c00475e0    000000c0               : tcpprot.oe674 (.text:TcpClose)
                  c00476a0    000000c0     ti.drv.uart.ae674 : UART_v0.oe674 (.text:UART_charGet$0)
                  c0047760    000000c0                       : UART_v0.oe674 (.text:UART_charPut$0)
                  c0047820    000000c0                       : UART_v0.oe674 (.text:UART_readCancelNoCB$0)
                  c00478e0    000000c0     stack.lib : bind6.oe674 (.text:_Bind6FindByHostInList)
                  c00479a0    000000c0               : bind6.oe674 (.text:_Bind6FindByNetInList)
                  c0047a60    000000c0     rts6740_elf.lib : fflush.obj (.text:__TI_doflush)
                  c0047b20    000000c0                     : divu.obj (.text:__divu)
                  c0047be0    000000c0                     : remi.obj (.text:__remi)
                  c0047ca0    000000c0     nettool.lib : dhcptags.oe674 (.text:dhcpOptionsClear)
                  c0047d60    000000c0     os.lib : efs.oe674 (.text:efs_fopen)
                  c0047e20    000000c0            : efs.oe674 (.text:efs_internal_remove)
                  c0047ee0    000000c0     ti.drv.emac.ae674 : emac.oe674 (.text:emacLinkUpProcessing)
                  c0047fa0    000000c0     nettool.lib : httpsend.oe674 (.text:httpSendFullResponse)
                  c0048060    000000c0     os.lib : mem_bios6.oe674 (.text:mmZeroInit)
                  c0048120    000000c0     stack.lib : nimuppp.oe674 (.text:pppAddIP)
                  c00481e0    000000c0     app_pe674.oe674 (.text:ti_sysbios_family_c64p_Hwi_Object__create__S)
                  c00482a0    000000c0     app_pe674.oe674 (.text:ti_sysbios_hal_Hwi_Object__create__S)
                  c0048360    000000c0     sysbios.ae674 : BIOS.obj (.text:ti_sysbios_heaps_HeapMem_getStats__E)
                  c0048420    000000c0                   : BIOS.obj (.text:ti_sysbios_knl_Clock_logTick__E)
                  c00484e0    000000c0                   : BIOS.obj (.text:ti_sysbios_knl_Swi_schedule__I)
                  c00485a0    000000c0     app_pe674.oe674 (.text:ti_sysbios_knl_Task_Object__create__S)
                  c0048660    000000c0     rts6740_elf.lib : tls.obj (.text:tls:init:__TI_tls_init)
                  c0048720    000000c0     udpHello.obj (.text)
                  c00487e0    000000c0     ti.targets.rts6000.ae674 : System.oe674 (.text:xdc_runtime_System_formatNum__I)
                  c00488a0    000000a0     ti.board.ae674 : lcdkOMAPL138_pinmux.oe674 (.text:Board_configEmacPinMux$0)
                  c0048940    000000a0                    : lcdkOMAPL138_pinmux.oe674 (.text:Board_configMmcsdPinMux$0)
                  c00489e0    000000a0     nettool.lib : config.oe674 (.text:CfgEntryDeRef)
                  c0048a80    000000a0                 : config.oe674 (.text:CfgEntryGetData)
                  c0048b20    000000a0                 : config.oe674 (.text:CfgGetImmediate)
                  c0048bc0    000000a0                 : telnetd.oe674 (.text:CmdWriteBytes)
                  c0048c60    000000a0                 : telnetd.oe674 (.text:CmdWriteCmd)
                  c0048d00    000000a0     ti.drv.emac.ae674 : emac_drv_v0.oe674 (.text:EMAC_close_v0)
                  c0048da0    000000a0     ti.transport.ndk.nimu.ae674 : nimu_eth.oe674 (.text:EmacPktService$0)
                  c0048e40    000000a0                                 : nimu_eth.oe674 (.text:EmacStop$0)
                  c0048ee0    000000a0     stack.lib : file.oe674 (.text:FdSignalEvent)
                  c0048f80    000000a0     rts6740_elf.lib : hostclose.obj (.text:HOSTclose)
                  c0049020    000000a0     stack.lib : icmpv6in.oe674 (.text:ICMPv6RecvDstUnreachable)
                  c00490c0    000000a0               : ipfrag.oe674 (.text:IPReasmFree)
                  c0049160    000000a0               : ipfrag.oe674 (.text:IPReasmTimeout)
                  c0049200    000000a0               : ipv6.oe674 (.text:IPv6CompareAddress)
                  c00492a0    000000a0               : lliin.oe674 (.text:LLIValidateRoute)
                  c0049340    000000a0               : md5.oe674 (.text:MD5Final)
                  c00493e0    000000a0     ti.drv.emac.ae674 : mdio.oe674 (.text:MDIO_open)
                  c0049480    000000a0     stack.lib : nimu.oe674 (.text:NIMUShutdown)
                  c0049520    000000a0               : nimu.oe674 (.text:NIMUUnregister)
                  c00495c0    000000a0     nettool.lib : ipaddr.oe674 (.text:NtAddNetwork)
                  c0049660    000000a0     ti.osal.ae674 : RegisterIntr_tirtos.oe674 (.text:Osal_DeleteInterrupt)
                  c0049700    000000a0                   : Utils_tirtos.oe674 (.text:Osal_delay)
                  c00497a0    000000a0     os.lib : pbm.oe674 (.text:PBM_open)
                  c0049840    000000a0     ti.drv.emac.ae674 : mdio.oe674 (.text:PHYREG_wait)
                  c00498e0    000000a0     stack.lib : pipe.oe674 (.text:PipeCheck)
                  c0049980    000000a0               : rtable.oe674 (.text:RouteMsg)
                  c0049a20    000000a0               : route.oe674 (.text:RtNew)
                  c0049ac0    000000a0               : sb6.oe674 (.text:SB6Free)
                  c0049b60    000000a0               : sb.oe674 (.text:SBFree)
                  c0049c00    000000a0     os.lib : semaphore_bios6.oe674 (.text:SemCreate)
                  c0049ca0    000000a0     stack.lib : sock6pcb.oe674 (.text:Sock6CleanPcb)
                  c0049d40    000000a0               : sock6.oe674 (.text:Sock6GetName)
                  c0049de0    000000a0               : sock.oe674 (.text:SockBind)
                  c0049e80    000000a0               : sockpcb.oe674 (.text:SockCleanPcb)
                  c0049f20    000000a0               : tcp6prot.oe674 (.text:TCP6Drop)
                  c0049fc0    000000a0               : tcp6prot.oe674 (.text:TCP6PrCtlError)
                  c004a060    000000a0               : tcp6prot.oe674 (.text:TCP6PrSend)
                  c004a100    000000a0               : tcp6prot.oe674 (.text:TCP6PrSendOOB)
                  c004a1a0    000000a0     os.lib : task_bios6.oe674 (.text:TaskCleanup)
                  c004a240    000000a0            : task_bios6.oe674 (.text:TaskCreate)
                  c004a2e0    000000a0     stack.lib : tcpprot.oe674 (.text:TcpDrop)
                  c004a380    000000a0               : tcpprot.oe674 (.text:TcpPrCtlError)
                  c004a420    000000a0               : tcpprot.oe674 (.text:TcpPrSend)
                  c004a4c0    000000a0               : tcpprot.oe674 (.text:TcpPrSendOOB)
                  c004a560    000000a0               : timer.oe674 (.text:TimerNew)
                  c004a600    000000a0     ti.drv.uart.ae674 : UART_drv.oe674 (.text:UART_init)
                  c004a6a0    000000a0                       : UART_stdio.oe674 (.text:UART_stdioInit)
                  c004a740    000000a0                       : UART_v0.oe674 (.text:UART_v0_callback$0)
                  c004a7e0    000000a0                       : UART_v0.oe674 (.text:UART_writeCancelNoCB$0)
                  c004a880    000000a0     stack.lib : lli.oe674 (.text:_LLITimeoutFlush)
                  c004a920    000000a0     rts6740_elf.lib : fopen.obj (.text:__TI_cleanup)
                  c004a9c0    000000a0                     : remu.obj (.text:__remu)
                  c004aa60    000000a0     boot.ae674 : boot.oe674 (.text:_c_int00)
                  c004ab00    000000a0     sysbios.ae674 : c64p_Hwi_asm.obj (.text:_ti_sysbios_family_c64p_Hwi_plug__E)
                  c004aba0    000000a0     stack.lib : auth.oe674 (.text:authStart)
                  c004ac40    000000a0     nettool.lib : dhcpbild.oe674 (.text:dhcpBuildDecline)
                  c004ace0    000000a0                 : dhcpsm.oe674 (.text:dhcpIPRemove)
                  c004ad80    000000a0     ti.drv.emac.ae674 : emac_drv.oe674 (.text:emac_config)
                  c004ae20    000000a0                       : emac_drv.oe674 (.text:emac_open)
                  c004aec0    000000a0                       : emac_drv.oe674 (.text:emac_poll)
                  c004af60    000000a0                       : emac_drv.oe674 (.text:emac_send)
                  c004b000    000000a0     stack.lib : fileuser.oe674 (.text:fdCloseSession)
                  c004b0a0    000000a0               : lcp.oe674 (.text:lcpInit)
                  c004b140    000000a0               : lcp.oe674 (.text:lcpSendTerm)
                  c004b1e0    000000a0     hal_timer_bios.lib : lltimer_bios6.oe674 (.text:llTimerTick)
                  c004b280    000000a0     rts6740_elf.lib : memcpy64.obj (.text:memcpy)
                  c004b320    000000a0     os.lib : mem_bios6.oe674 (.text:mmBulkFree)
                  c004b3c0    000000a0            : mem_bios6.oe674 (.text:mmInitPage)
                  c004b460    000000a0            : ossys.oe674 (.text:stricmp)
                  c004b500    000000a0     rts6740_elf.lib : strstr.obj (.text:strstr)
                  c004b5a0    000000a0     sysbios.ae674 : BIOS.obj (.text:ti_sysbios_family_c64p_Exception_Module_startup__E)
                  c004b640    000000a0     app_pe674.oe674 (.text:ti_sysbios_family_c64p_Hwi_construct)
                  c004b6e0    000000a0     sysbios.ae674 : BIOS.obj (.text:ti_sysbios_family_c64p_Hwi_dispatchC__I)
                  c004b780    000000a0                   : BIOS.obj (.text:ti_sysbios_family_c64p_Hwi_getStackInfo__E)
                  c004b820    000000a0                   : BIOS.obj (.text:ti_sysbios_heaps_HeapMem_init__I)
                  c004b8c0    000000a0                   : BIOS.obj (.text:ti_sysbios_knl_Task_allBlockedFunction__I)
                  c004b960    000000a0                   : BIOS.obj (.text:ti_sysbios_timers_timer64_Timer_stop__E)
                  c004ba00    000000a0     ti.targets.rts6000.ae674 : Assert.oe674 (.text:xdc_runtime_Assert_raise__I)
                  c004baa0    000000a0                              : Error.oe674 (.text:xdc_runtime_Error_setX__E)
                  c004bb40    000000a0     app_pe674.oe674 (.text:xdc_runtime_LoggerBuf_Object__create__S)
                  c004bbe0    000000a0     ti.targets.rts6000.ae674 : Text.oe674 (.text:xdc_runtime_Text_xprintf__I)
                  c004bc80    00000080     ti.board.ae674 : lcdkOMAPL138_clock.oe674 (.text:CSL_PSC_setModuleNextState$0)
                  c004bd00    00000080     stack.lib : md5.oe674 (.text:Decode)
                  c004bd80    00000080     ti.drv.emac.ae674 : emac.oe674 (.text:EMAC_getStatistics)
                  c004be00    00000080                       : emac_drv_v0.oe674 (.text:EMAC_get_stats_v0)
                  c004be80    00000080     ti.transport.ndk.nimu.ae674 : nimu_eth.oe674 (.text:EmacAllocPkt$0)
                  c004bf00    00000080     ti.osal.ae674 : EventCombinerP_tirtos.oe674 (.text:EventCombinerP_getHwi)
                  c004bf80    00000080     stack.lib : icmp.oe674 (.text:ICMPChecksum)
                  c004c000    00000080               : icmpv6in.oe674 (.text:ICMPv6RecvParamProblem)
                  c004c080    00000080               : icmpv6_ndisc.oe674 (.text:ICMPv6RecvRS)
                  c004c100    00000080               : icmpv6in.oe674 (.text:ICMPv6RecvTimeExceeded)
                  c004c180    00000080               : ipv6out.oe674 (.text:IPv6GetRoute)
                  c004c200    00000080               : lli6.oe674 (.text:LLI6Free)
                  c004c280    00000080               : lli6.oe674 (.text:LLI6IsRouterStatMachine)
                  c004c300    00000080     netctrl.lib : netctrl.oe674 (.text:NC_SystemClose)
                  c004c380    00000080     stack.lib : nimu.oe674 (.text:NIMUInit)
                  c004c400    00000080     os.lib : pbm.oe674 (.text:PBMQ_deq)
                  c004c480    00000080     stack.lib : nimuppp.oe674 (.text:PPPSend)
                  c004c500    00000080               : pipe.oe674 (.text:PipeClose)
                  c004c580    00000080               : rawethsock.oe674 (.text:RawEthSockClose)
                  c004c600    00000080               : rawethsock_pcb.oe674 (.text:RawEthSockPcbDetach)
                  c004c680    00000080               : route6.oe674 (.text:Rt6Update)
                  c004c700    00000080               : route.oe674 (.text:RtSetFailure)
                  c004c780    00000080               : route.oe674 (.text:RtSetTimeout)
                  c004c800    00000080               : sock6.oe674 (.text:Sock6Bind)
                  c004c880    00000080               : sock6pcb.oe674 (.text:Sock6PcbCleanup)
                  c004c900    00000080               : sock.oe674 (.text:SockGetName)
                  c004c980    00000080               : sockpcb.oe674 (.text:SockPcbCleanup)
                  c004ca00    00000080               : sockpcb.oe674 (.text:SockPcbDetach)
                  c004ca80    00000080               : sockpcb.oe674 (.text:SockPcbResolveChain)
                  c004cb00    00000080               : tcp6prot.oe674 (.text:TCP6PrListen)
                  c004cb80    00000080     os.lib : task_bios6.oe674 (.text:TaskSetEnv)
                  c004cc00    00000080     stack.lib : tcpprot.oe674 (.text:TcpPrListen)
                  c004cc80    00000080               : timer.oe674 (.text:TimerHSTick)
                  c004cd00    00000080               : timer.oe674 (.text:TimerListRemove)
                  c004cd80    00000080     ti.csl.ae674 : uart.oe674 (.text:UART_charPut_v0)
                  c004ce00    00000080     nettool.lib : config.oe674 (.text:_CfgAcquire)
                  c004ce80    00000080                 : config.oe674 (.text:_CfgRelease)
                  c004cf00    00000080     stack.lib : lli.oe674 (.text:_LLIExpListRemove)
                  c004cf80    00000080               : rtc.oe674 (.text:_RTCSendRtAdv)
                  c004d000    00000080               : rtable.oe674 (.text:_RtExpListRemove)
                  c004d080    00000080     rts6740_elf.lib : trgmsg.obj (.text:__TI_readmsg)
                  c004d100    00000080                     : llshift.obj (.text:__c6xabi_llshl)
                  c004d180    00000080     sysbios.ae674 : c62_TaskSupport_asm.obj (.text:_ti_sysbios_family_c62_TaskSupport_swap__E)
                  c004d200    00000080     os.lib : efs.oe674 (.text:efs_fclose)
                  c004d280    00000080            : efs.oe674 (.text:efs_filesend)
                  c004d300    00000080            : efs.oe674 (.text:efs_findfile)
                  c004d380    00000080     stack.lib : file.oe674 (.text:fdint_waitevent)
                  c004d400    00000080     rts6740_elf.lib : getdevice.obj (.text:finddevice)
                  c004d480    00000080     nettool.lib : httpsend.oe674 (.text:httpSendEntityLength)
                  c004d500    00000080                 : httpsend.oe674 (.text:httpSendErrorResponse)
                  c004d580    00000080     hal_timer_bios.lib : lltimer_bios6.oe674 (.text:llTimerGetTime)
                  c004d600    00000080     nettool.lib : httpsend.oe674 (.text:strcat)
                  c004d680    00000080     app_pe674.oe674 (.text:ti_sysbios_BIOS_atExitFunc__I)
                  c004d700    00000080     app_pe674.oe674 (.text:ti_sysbios_BIOS_registerRTSLock__I)
                  c004d780    00000080     sysbios.ae674 : BIOS.obj (.text:ti_sysbios_family_c64p_Cache_invL1pAll__E)
                  c004d800    00000080     app_pe674.oe674 (.text:ti_sysbios_gates_GateHwi_Object__create__S)
                  c004d880    00000080     app_pe674.oe674 (.text:ti_sysbios_gates_GateMutex_Object__create__S)
                  c004d900    00000080     sysbios.ae674 : BIOS.obj (.text:ti_sysbios_hal_Hwi_checkStack)
                  c004d980    00000080                   : BIOS.obj (.text:ti_sysbios_hal_Hwi_initStack)
                  c004da00    00000080     app_pe674.oe674 (.text:ti_sysbios_heaps_HeapMem_Object__create__S)
                  c004da80    00000080     app_pe674.oe674 (.text:ti_sysbios_knl_Clock_create)
                  c004db00    00000080     app_pe674.oe674 (.text:ti_sysbios_knl_Clock_doTick__I)
                  c004db80    00000080     sysbios.ae674 : BIOS.obj (.text:ti_sysbios_knl_Idle_run__E)
                  c004dc00    00000080     app_pe674.oe674 (.text:ti_sysbios_knl_Semaphore_Object__create__S)
                  c004dc80    00000080     sysbios.ae674 : BIOS.obj (.text:ti_sysbios_knl_Semaphore_pendTimeout__I)
                  c004dd00    00000080                   : BIOS.obj (.text:ti_sysbios_knl_Swi_startup__E)
                  c004dd80    00000080                   : BIOS.obj (.text:ti_sysbios_knl_Task_restore__E)
                  c004de00    00000080     rts6740_elf.lib : unlink.obj (.text:unlink)
                  c004de80    00000080     ti.targets.rts6000.ae674 : Core-label.oe674 (.text:xdc_runtime_Core_assignLabel__I)
                  c004df00    00000080                              : Core-params.oe674 (.text:xdc_runtime_Core_assignParams__I)
                  c004df80    00000080                              : LoggerBuf.oe674 (.text:xdc_runtime_LoggerBuf_Instance_init__E)
                  c004e000    00000080                              : LoggerBuf.oe674 (.text:xdc_runtime_LoggerBuf_Module_startup__E)
                  c004e080    00000080                              : LoggerBuf.oe674 (.text:xdc_runtime_LoggerBuf_filterOutEvent__I)
                  c004e100    00000080                              : System.oe674 (.text:xdc_runtime_System_atexit__E)
                  c004e180    00000080                              : System.oe674 (.text:xdc_runtime_System_processAtExit__E)
                  c004e200    00000080                              : System.oe674 (.text:xdc_runtime_System_putchar__I)
                  c004e280    00000080                              : Text.oe674 (.text:xdc_runtime_Text_printVisFxn__I)
                  c004e300    00000060     stack.lib : bind6.oe674 (.text:Bind6FindByIF)
                  c004e360    00000060               : bind6.oe674 (.text:Bind6IF2IPHost)
                  c004e3c0    00000060               : bind.oe674 (.text:BindFindByHost)
                  c004e420    00000060               : bind.oe674 (.text:BindFindByIF)
                  c004e480    00000060               : bind.oe674 (.text:BindFindByNet)
                  c004e4e0    00000060               : bind.oe674 (.text:BindGetIFByDBCast)
                  c004e540    00000060               : bind.oe674 (.text:BindIF2IPHost)
                  c004e5a0    00000060     nettool.lib : config.oe674 (.text:CfgEntryInfo)
                  c004e600    00000060                 : config.oe674 (.text:CfgSetService)
                  c004e660    00000060     stack.lib : md5.oe674 (.text:Encode)
                  c004e6c0    00000060               : exec.oe674 (.text:ExecBroadcast)
                  c004e720    00000060     ti.osal.ae674 : HwiP_tirtos.oe674 (.text:HwiP_delete)
                  c004e780    00000060     stack.lib : igmp.oe674 (.text:IGMPTestGroup)
                  c004e7e0    00000060               : ip.oe674 (.text:IPChecksum)
                  c004e840    00000060               : lli.oe674 (.text:LLIFree)
                  c004e8a0    00000060               : nimu.oe674 (.text:NIMUAddHeader)
                  c004e900    00000060               : nimu.oe674 (.text:NIMUCreatePacket)
                  c004e960    00000060               : nimu.oe674 (.text:NIMUFindByIndex)
                  c004e9c0    00000060               : nimu.oe674 (.text:NIMUPacketService)
                  c004ea20    00000060               : nimu.oe674 (.text:NIMUPacketServiceCheck)
                  c004ea80    00000060               : nimu.oe674 (.text:NIMUSendPacket)
                  c004eae0    00000060     netctrl.lib : netsrv.oe674 (.text:NS_PreBoot)
                  c004eb40    00000060     ti.osal.ae674 : Utils_tirtos.oe674 (.text:Osal_getThreadType)
[...]
c00c5b84  ti_sysbios_knl_Task_E_spOutOfBounds__C                              
c00c5b88  ti_sysbios_knl_Task_E_stackOverflow__C                              
c00c5b8c  ti_sysbios_knl_Task_LD_block__C                                     
c00c5b90  ti_sysbios_knl_Task_LD_exit__C                                      
c00c5b94  ti_sysbios_knl_Task_LD_ready__C                                     
c00c5b98  ti_sysbios_knl_Task_LM_setPri__C                                    
c00c5b9c  ti_sysbios_knl_Task_LM_sleep__C                                     
c00c5ba0  ti_sysbios_knl_Task_LM_switch__C                                    
c00c5ba4  ti_sysbios_knl_Task_Module_State_inactiveQ__O                       
c00c5ba8  ti_sysbios_knl_Task_Module__diagsEnabled__C                         
c00c5bac  ti_sysbios_knl_Task_Module__diagsIncluded__C                        
c00c5bb0  ti_sysbios_knl_Task_Module__diagsMask__C                            
c00c5bb4  ti_sysbios_knl_Task_Module__loggerFxn2__C                           
c00c5bb8  ti_sysbios_knl_Task_Module__loggerFxn4__C                           
c00c5bbc  ti_sysbios_knl_Task_Module__loggerObj__C                            
c00c5bc0  ti_sysbios_knl_Task_Object__count__C                                
c00c5bc4  ti_sysbios_knl_Task_Object__heap__C                                 
c00c5bc8  ti_sysbios_knl_Task_allBlockedFunc__C                               
c00c5bcc  ti_sysbios_knl_Task_defaultStackHeap__C                             
c00c5bd0  ti_sysbios_knl_Task_defaultStackSize__C                             
c00c5bd4  ti_sysbios_knl_Task_numConstructedTasks__C                          
c00c5bd8  ti_sysbios_timers_timer64_Timer_A_notAvailable__C                   
c00c5bdc  ti_sysbios_timers_timer64_Timer_E_cannotSupport__C                  
c00c5be0  ti_sysbios_timers_timer64_Timer_Module__diagsEnabled__C             
c00c5be4  ti_sysbios_timers_timer64_Timer_Module__diagsIncluded__C            
c00c5be8  ti_sysbios_timers_timer64_Timer_Module__diagsMask__C                
c00c5bec  ti_sysbios_timers_timer64_Timer_anyMaskHigh__C                      
c00c5bf0  ti_sysbios_timers_timer64_Timer_anyMask__C                          
c00c5bf4  ti_sysbios_timers_timer64_Timer_freqDivisor__C                      
c00c5bf8  ti_sysbios_timers_timer64_Timer_numLocalTimers__C                   
c00c5bfc  ti_sysbios_timers_timer64_Timer_numTimerDevices__C                  
c00c5c00  xdc_runtime_Assert_E_assertFailed__C                                
c00c5c04  xdc_runtime_Core_A_initializedParams__C                             
c00c5c08  xdc_runtime_Core_Module__diagsEnabled__C                            
c00c5c0c  xdc_runtime_Core_Module__diagsIncluded__C                           
c00c5c10  xdc_runtime_Core_Module__diagsMask__C                               
c00c5c14  xdc_runtime_Error_E_memory__C                                       
c00c5c18  xdc_runtime_Error_Module__diagsEnabled__C                           
c00c5c1c  xdc_runtime_Error_Module__diagsIncluded__C                          
c00c5c20  xdc_runtime_Error_Module__diagsMask__C                              
c00c5c24  xdc_runtime_Error_Module__loggerFxn8__C                             
c00c5c28  xdc_runtime_Error_Module__loggerObj__C                              
c00c5c2c  xdc_runtime_Error_policyFxn__C                                      
c00c5c30  xdc_runtime_Error_policy__C                                         
c00c5c34  xdc_runtime_Error_raiseHook__C                                      
c00c5c38  xdc_runtime_IFilterLogger_Interface__BASE__C                        
c00c5c3c  xdc_runtime_IGateProvider_Interface__BASE__C                        
c00c5c40  xdc_runtime_IHeap_Interface__BASE__C                                
c00c5c44  xdc_runtime_ILogger_Interface__BASE__C                              
c00c5c48  xdc_runtime_IModule_Interface__BASE__C                              
c00c5c4c  xdc_runtime_Log_L_error__C                                          
c00c5c50  xdc_runtime_LoggerBuf_E_badLevel__C                                 
c00c5c54  xdc_runtime_LoggerBuf_Module__gateObj__C                            
c00c5c58  xdc_runtime_LoggerBuf_Object__count__C                              
c00c5c5c  xdc_runtime_LoggerBuf_statusLogger__C                               
c00c5c60  xdc_runtime_Memory_defaultHeapInstance__C                           
c00c5c64  xdc_runtime_Startup_execImpl__C                                     
c00c5c68  xdc_runtime_Startup_maxPasses__C                                    
c00c5c6c  xdc_runtime_Startup_sfxnRts__C                                      
c00c5c70  xdc_runtime_Startup_sfxnTab__C                                      
c00c5c74  xdc_runtime_System_Module__gateObj__C                               
c00c5c78  xdc_runtime_System_abortFxn__C                                      
c00c5c7c  xdc_runtime_System_exitFxn__C                                       
c00c5c80  xdc_runtime_System_extendFxn__C                                     
c00c5c84  xdc_runtime_System_maxAtexitHandlers__C                             
c00c5c88  xdc_runtime_Text_charTab__C                                         
c00c5c8c  xdc_runtime_Text_nameEmpty__C                                       
c00c5c90  xdc_runtime_Text_nameStatic__C                                      
c00c5c94  xdc_runtime_Text_nameUnknown__C                                     
c00c5c98  xdc_runtime_Text_nodeTab__C                                         
c00c5c9c  xdc_runtime_Text_visitRopeFxn__C                                    
c00c5ca0  ti_sysbios_hal_Hwi_Module__id__C                                    
c00c5ca2  ti_sysbios_heaps_HeapMem_Module__id__C                              
c00c5ca4  ti_sysbios_knl_Clock_Module__id__C                                  
c00c5ca6  ti_sysbios_knl_Clock_Module__loggerDefined__C                       
c00c5ca8  ti_sysbios_knl_Semaphore_Module__id__C                              
c00c5caa  ti_sysbios_knl_Semaphore_Module__loggerDefined__C                   
c00c5cac  ti_sysbios_knl_Swi_Module__id__C                                    
c00c5cae  ti_sysbios_knl_Swi_Module__loggerDefined__C                         
c00c5cb0  ti_sysbios_knl_Task_Module__id__C                                   
c00c5cb2  ti_sysbios_knl_Task_Module__loggerDefined__C                        
c00c5cb4  ti_sysbios_timers_timer64_Timer_Module__id__C                       
c00c5cb6  ti_sysbios_timers_timer64_Timer_startupNeeded__C                    
c00c5cb8  ti_sysbios_timers_timer64_Timer_useTimer64pRegMap__C                
c00c5cba  xdc_runtime_Core_Module__id__C                                      
c00c5cbc  xdc_runtime_Error_Module__loggerDefined__C                          
c00c5cbe  xdc_runtime_Error_maxDepth__C                                       
c00c5cc0  xdc_runtime_LoggerBuf_Module__id__C                                 
c00c5cc2  xdc_runtime_LoggerBuf_filterByLevel__C                              
c00c5cc4  xdc_runtime_Main_Module__id__C                                      
c00c5cc6  xdc_runtime_Memory_Module__id__C                                    
c00c5cc8  xdc_runtime_Text_charCnt__C                                         
c00c5cca  xdc_runtime_Text_isLoaded__C                                        
c00c5ccc  xdc_runtime_Text_registryModsLastId__C                              
c00c5cce  xdc_runtime_Text_unnamedModsLastId__C                               
c00c5cd0  ti_sysbios_knl_Task_Instance_State_0_stack__A                       
c00c70d0  ti_sysbios_knl_Task_Instance_State_1_stack__A                       
c00c90d0  ti_sysbios_knl_Task_Instance_State_2_stack__A                       
c00c98d0  ti_sysbios_family_c64p_EventCombiner_Module__state__V               
c00c9cd0  _ftable                                                             
c00c9eb0  ti_sysbios_knl_Task_Object__table__V                                
c00c9fa0  uartInitCfg                                                         
c00ca090  _ipcfg                                                              
c00ca144  _lock                                                               
c00ca148  _stream                                                             
c00ca1e8  ti_sysbios_knl_Swi_Module_State_0_readyQ__A                         
c00ca268  ti_sysbios_knl_Task_Module_State_0_readyQ__A                        
c00ca2e8  _device                                                             
c00ca360  ti_sysbios_family_c64p_Hwi_Module__state__V                         
c00ca3cc  _unlock                                                             
c00ca3d0  ti_sysbios_timers_timer64_Timer_Module_State_0_device__A            
c00ca480  ti_sysbios_timers_timer64_Timer_Object__table__V                    
c00ca51e  xdc_runtime_Error_Module__state__V                                  
c00ca520  ti_sysbios_knl_Task_Module__state__V                                
c00ca564  __TI_ft_end                                                         
c00ca6a8  ti_sysbios_gates_GateMutex_Object__table__V                         
c00ca71c  ti_sysbios_family_c64p_Cache_Module__state__V                       
c00ca754  ti_sysbios_family_c64p_Exception_Module__state__V                   
c00ca784  ti_sysbios_family_c64p_primus_TimerSupport_Module__state__V         
c00ca788  ti_sysbios_knl_Swi_Object__table__V                                 
c00ca7b8  ti_sysbios_knl_Clock_Module__state__V                               
c00ca7e4  _oscfg                                                              
c00ca808  ti_sysbios_BIOS_Module__state__V                                    
c00ca82c  ti_sysbios_heaps_HeapBuf_Module__state__V                           
c00ca830  xdc_runtime_LoggerBuf_Object__table__V                              
c00ca854  xdc_runtime_Memory_Module__state__V                                 
c00ca858  pstrMsgName                                                         
c00ca878  ti_sysbios_timers_timer64_Timer_Module_State_0_gctrl__A             
c00ca898  ti_sysbios_timers_timer64_Timer_Module_State_0_handles__A           
c00ca8b8  ti_sysbios_timers_timer64_Timer_Module_State_0_intFreqs__A          
c00ca8d8  xdc_runtime_System_Module_State_0_atexitHandlers__A                 
c00ca8f8  ti_sysbios_knl_Swi_Module__state__V                                 
c00ca948  gOsal_HwAttrs                                                       
c00ca960  ti_sysbios_family_c64p_Hwi_Object__table__V                         
c00ca978  ti_sysbios_heaps_HeapMem_Object__table__V                           
c00ca990  ti_sysbios_timers_timer64_Timer_Module__state__V                    
c00caa04  __TI_cleanup_ptr                                                    
c00caa08  __TI_dtors_ptr                                                      
c00caa0c  __TI_enable_exit_profile_output                                     
c00caa30  NIMUDeviceTable                                                     
c00caa38  ti_sysbios_family_c64p_Hwi_Module__root__V                          
c00caa40  ti_sysbios_family_c64p_primus_TimerSupport_Module_State_0_suspSrc__A
c00caa48  ti_sysbios_gates_GateHwi_Module__root__V                            
c00caa50  ti_sysbios_gates_GateMutex_Module__root__V                          
c00caa58  ti_sysbios_hal_Hwi_Module__root__V                                  
c00caa60  ti_sysbios_hal_Hwi_Object__table__V                                 
c00caa68  ti_sysbios_heaps_HeapMem_Module__root__V                            
c00caa70  ti_sysbios_knl_Clock_Module__root__V                                
c00caa78  ti_sysbios_knl_Queue_Module__root__V                                
c00caa80  ti_sysbios_knl_Semaphore_Module__root__V                            
c00caa88  ti_sysbios_knl_Task_Module__root__V                                 
c00caa90  xdc_runtime_LoggerBuf_Module__root__V                               
c00caa98  xdc_runtime_Registry_Module__state__V                               
c00caaa0  xdc_runtime_Startup_Module__state__V                                
c00caaa8  xdc_runtime_System_Module__state__V                                 
c00caabe  xdc_runtime_LoggerBuf_Module__state__V                              
c00caac8  ti_sysbios_gates_GateHwi_Object__table__V                           
c00caad0  ti_sysbios_knl_Task_Module_State_0_idleTask__A                      
c00caad8  printlog                                                            
c00cb4d8  DebugLog                                                            
c00cbad8  _stack                                                              
c00ccad8  __TI_STACK_END                                                      
c00cce90  __TI_STATIC_BASE                                                    
c00ccea8  _IGMPInDiscard                                                      
c00cceac  _IGMPInQuery                                                        
c00cceb0  _IGMPInQueryGroup                                                   
c00cceb4  _IGMPInResponse                                                     
c00cceb8  _IGMPOutResponse                                                    
c00ccef0  CONTENT_TYPE_APPLET                                                 
c00ccef4  CONTENT_TYPE_AU                                                     
c00ccef8  CONTENT_TYPE_CSS                                                    
c00ccefc  CONTENT_TYPE_DOC                                                    
c00ccf00  CONTENT_TYPE_GIF                                                    
c00ccf04  CONTENT_TYPE_HTML                                                   
c00ccf08  CONTENT_TYPE_JPG                                                    
c00ccf0c  CONTENT_TYPE_MPEG                                                   
c00ccf10  CONTENT_TYPE_PDF                                                    
c00ccf14  CONTENT_TYPE_WAV                                                    
c00ccf18  CONTENT_TYPE_ZIP                                                    
c00ccf1c  CONTENT_TYPE                                                        
c00ccf20  CONTENT_LENGTH                                                      
c00ccf24  CRLF                                                                
c00ccf28  DEFAULT_NAME                                                        
c00ccf2c  HTTP_VER                                                            
c00ccf30  SPACE                                                               
c00ccf34  PITCount                                                            
c00ccf38  PITUsed                                                             
c00ccf3c  PITHigh                                                             
c00ccf58  VerStr                                                              
c00ccf5c  HostName                                                            
c00ccf60  LocalIPAddr                                                         
c00ccf64  LocalIPMask                                                         
c00ccf68  GatewayIP                                                           
c00ccf6c  DomainName                                                          
c00ccf70  DNSServer                                                           
c00ccfe8  _IGMPForceVersion1                                                  
c00cd004  DebugLogSize                                                        
c00cd008  DebugCritError                                                      
c00cd014  _ICMPInErrors                                                       
c00cd018  _ICMPOutErrors                                                      
c00cd01c  _IPExecuting                                                        
c00cd02c  gFragQList                                                          
c00cd04c  tcp_iss                                                             
c00cd050  ptTimeFirst                                                         
c00cd054  pt6TimeFirst                                                        
c00cd058  tcp6_iss                                                            
c00cd070  httpErrorResponseHook                                               
c00cd080  _IPReasmPtr                                                         
c00cd088  gMLDNodeList                                                        
c00cd0a4  IPV6_MAX_MULTICAST_SOLICIT                                          
c00cd0a8  IPV6_MAX_UNICAST_SOLICIT                                            
c00cd0ac  IPV6_RETRANS_TIME                                                   
c00cd0b0  IPV6_DELAY_FIRST_PROBE_TIME                                         
c00cd0b4  IPV6_REACHABLE_TIME                                                 
c00cd0b8  IPV6_MAX_RTR_SOLICITATION_DELAY                                     
c00cd0bc  IPV6_RTR_SOLICITATION_INTERVAL                                      
c00cd0c0  IPV6_MAX_RTR_SOLICITATIONS                                          
c00cd0c4  INFINITE_LT                                                         
c00cd100  emac_comm_dev0                                                      
c00cd280  emac_comm_pcb0                                                      
c00cd298  __CIOBUF_                                                           
c00cd400  ti_sysbios_family_c64p_Hwi0                                         
c00cd400  ti_sysbios_family_c64p_Hwi_int0                                     
c00cd420  ti_sysbios_family_c64p_Hwi_int1                                     
c00cd440  ti_sysbios_family_c64p_Hwi_int2                                     
c00cd460  ti_sysbios_family_c64p_Hwi_int3                                     
c00cd480  ti_sysbios_family_c64p_Hwi_int4                                     
c00cd4a0  ti_sysbios_family_c64p_Hwi_int5                                     
c00cd4c0  ti_sysbios_family_c64p_Hwi_int6                                     
c00cd4e0  ti_sysbios_family_c64p_Hwi_int7                                     
c00cd500  ti_sysbios_family_c64p_Hwi_int8                                     
c00cd520  ti_sysbios_family_c64p_Hwi_int9                                     
c00cd540  ti_sysbios_family_c64p_Hwi_int10                                    
c00cd560  ti_sysbios_family_c64p_Hwi_int11                                    
c00cd580  ti_sysbios_family_c64p_Hwi_int12                                    
c00cd5a0  ti_sysbios_family_c64p_Hwi_int13                                    
c00cd5c0  ti_sysbios_family_c64p_Hwi_int14                                    
c00cd5e0  ti_sysbios_family_c64p_Hwi_int15                                    
c00ce28c  __TI_Handler_Table_Base                                             
c00ce294  __TI_Handler_Table_Limit                                            
c00ce298  __TI_CINIT_Base                                                     
c00ce2f0  __TI_CINIT_Limit                                                    
ffffffff  __TI_pprof_out_hndl                                                 
ffffffff  __TI_prof_data_size                                                 
ffffffff  __TI_prof_data_start                                                
ffffffff  __binit__                                                           
ffffffff  __c_args__                                                          
ffffffff  binit                                                               
UNDEFED   __TI_INITARRAY_Base                                                 
UNDEFED   __TI_INITARRAY_Limit                                                
UNDEFED   __TI_TLS_INIT_Base                                                  
UNDEFED   __TI_TLS_INIT_Limit                                                 

[1449 symbols]
